Archive member included to satisfy reference by file (symbol)

/Users/gio/MaximSDK/Libraries/PeriphDrivers/bin/MAX78000/softfp/libPeriphDriver_softfp.a(mxc_delay.o)
                              /Users/gio/Continual-Learning-on-Max78000/build/main.o (MXC_Delay)
/Users/gio/MaximSDK/Libraries/PeriphDrivers/bin/MAX78000/softfp/libPeriphDriver_softfp.a(pins_ai85.o)
                              /Users/gio/Continual-Learning-on-Max78000/build/camera.o (gpio_cfg_pcif_xclk)
/Users/gio/MaximSDK/Libraries/PeriphDrivers/bin/MAX78000/softfp/libPeriphDriver_softfp.a(sys_ai85.o)
                              /Users/gio/Continual-Learning-on-Max78000/build/cnn.o (MXC_SYS_ClockDisable)
/Users/gio/MaximSDK/Libraries/PeriphDrivers/bin/MAX78000/softfp/libPeriphDriver_softfp.a(nvic_table.o)
                              /Users/gio/Continual-Learning-on-Max78000/build/cnn.o (NVIC_SetVector)
/Users/gio/MaximSDK/Libraries/PeriphDrivers/bin/MAX78000/softfp/libPeriphDriver_softfp.a(cameraif_ai85.o)
                              /Users/gio/Continual-Learning-on-Max78000/build/camera.o (MXC_PCIF_Init)
/Users/gio/MaximSDK/Libraries/PeriphDrivers/bin/MAX78000/softfp/libPeriphDriver_softfp.a(cameraif_reva.o)
                              /Users/gio/MaximSDK/Libraries/PeriphDrivers/bin/MAX78000/softfp/libPeriphDriver_softfp.a(cameraif_ai85.o) (MXC_PCIF_RevA_SetDatawidth)
/Users/gio/MaximSDK/Libraries/PeriphDrivers/bin/MAX78000/softfp/libPeriphDriver_softfp.a(dma_me17.o)
                              /Users/gio/Continual-Learning-on-Max78000/build/camera.o (MXC_DMA_SetCallback)
/Users/gio/MaximSDK/Libraries/PeriphDrivers/bin/MAX78000/softfp/libPeriphDriver_softfp.a(dma_reva.o)
                              /Users/gio/MaximSDK/Libraries/PeriphDrivers/bin/MAX78000/softfp/libPeriphDriver_softfp.a(dma_me17.o) (MXC_DMA_RevA_Init)
/Users/gio/MaximSDK/Libraries/PeriphDrivers/bin/MAX78000/softfp/libPeriphDriver_softfp.a(flc_me17.o)
                              /Users/gio/MaximSDK/Libraries/PeriphDrivers/bin/MAX78000/softfp/libPeriphDriver_softfp.a(sys_ai85.o) (MXC_FLC_UnlockInfoBlock)
/Users/gio/MaximSDK/Libraries/PeriphDrivers/bin/MAX78000/softfp/libPeriphDriver_softfp.a(flc_revb.o)
                              /Users/gio/MaximSDK/Libraries/PeriphDrivers/bin/MAX78000/softfp/libPeriphDriver_softfp.a(flc_me17.o) (MXC_FLC_RevB_Busy)
/Users/gio/MaximSDK/Libraries/PeriphDrivers/bin/MAX78000/softfp/libPeriphDriver_softfp.a(gpio_ai85.o)
                              /Users/gio/Continual-Learning-on-Max78000/build/cnn.o (MXC_GPIO_Config)
/Users/gio/MaximSDK/Libraries/PeriphDrivers/bin/MAX78000/softfp/libPeriphDriver_softfp.a(gpio_reva.o)
                              /Users/gio/MaximSDK/Libraries/PeriphDrivers/bin/MAX78000/softfp/libPeriphDriver_softfp.a(gpio_ai85.o) (MXC_GPIO_RevA_InGet)
/Users/gio/MaximSDK/Libraries/PeriphDrivers/bin/MAX78000/softfp/libPeriphDriver_softfp.a(i2c_me17.o)
                              /Users/gio/Continual-Learning-on-Max78000/build/max20303.o (MXC_I2C_Init)
/Users/gio/MaximSDK/Libraries/PeriphDrivers/bin/MAX78000/softfp/libPeriphDriver_softfp.a(i2c_reva.o)
                              /Users/gio/MaximSDK/Libraries/PeriphDrivers/bin/MAX78000/softfp/libPeriphDriver_softfp.a(i2c_me17.o) (MXC_I2C_RevA_DMACallback)
/Users/gio/MaximSDK/Libraries/PeriphDrivers/bin/MAX78000/softfp/libPeriphDriver_softfp.a(icc_me17.o)
                              /Users/gio/Continual-Learning-on-Max78000/build/main.o (MXC_ICC_Enable)
/Users/gio/MaximSDK/Libraries/PeriphDrivers/bin/MAX78000/softfp/libPeriphDriver_softfp.a(icc_reva.o)
                              /Users/gio/MaximSDK/Libraries/PeriphDrivers/bin/MAX78000/softfp/libPeriphDriver_softfp.a(icc_me17.o) (MXC_ICC_RevA_ID)
/Users/gio/MaximSDK/Libraries/PeriphDrivers/bin/MAX78000/softfp/libPeriphDriver_softfp.a(pt_me17.o)
                              /Users/gio/Continual-Learning-on-Max78000/build/camera.o (MXC_PT_Init)
/Users/gio/MaximSDK/Libraries/PeriphDrivers/bin/MAX78000/softfp/libPeriphDriver_softfp.a(pt_reva.o)
                              /Users/gio/MaximSDK/Libraries/PeriphDrivers/bin/MAX78000/softfp/libPeriphDriver_softfp.a(pt_me17.o) (MXC_PT_RevA_Init)
/Users/gio/MaximSDK/Libraries/PeriphDrivers/bin/MAX78000/softfp/libPeriphDriver_softfp.a(spi_me17.o)
                              /Users/gio/Continual-Learning-on-Max78000/build/tft_ili9341.o (MXC_SPI_Init)
/Users/gio/MaximSDK/Libraries/PeriphDrivers/bin/MAX78000/softfp/libPeriphDriver_softfp.a(spi_reva.o)
                              /Users/gio/MaximSDK/Libraries/PeriphDrivers/bin/MAX78000/softfp/libPeriphDriver_softfp.a(spi_me17.o) (MXC_SPI_RevA_Init)
/Users/gio/MaximSDK/Libraries/PeriphDrivers/bin/MAX78000/softfp/libPeriphDriver_softfp.a(tmr_ai85.o)
                              /Users/gio/Continual-Learning-on-Max78000/build/main.o (MXC_TMR_SW_Start)
/Users/gio/MaximSDK/Libraries/PeriphDrivers/bin/MAX78000/softfp/libPeriphDriver_softfp.a(tmr_revb.o)
[...]
Memory Configuration

Name             Origin             Length             Attributes
ROM              0x0000000000000000 0x0000000000010000 xr
FLASH            0x0000000010000000 0x0000000000080000 xr
SRAM             0x0000000020000000 0x0000000000020000 xrw
*default*        0x0000000000000000 0xffffffffffffffff

Linker script and memory map

LOAD /Users/gio/MaximSDK/Tools/GNUTools/10.3/bin/../lib/gcc/arm-none-eabi/10.3.1/thumb/v7e-m+fp/softfp/crti.o
LOAD /Users/gio/MaximSDK/Tools/GNUTools/10.3/bin/../lib/gcc/arm-none-eabi/10.3.1/thumb/v7e-m+fp/softfp/crtbegin.o
LOAD /Users/gio/MaximSDK/Tools/GNUTools/10.3/bin/../lib/gcc/arm-none-eabi/10.3.1/../../../../arm-none-eabi/lib/thumb/v7e-m+fp/softfp/crt0.o
LOAD /Users/gio/Continual-Learning-on-Max78000/build/main.o
LOAD /Users/gio/Continual-Learning-on-Max78000/build/cnn.o
LOAD /Users/gio/Continual-Learning-on-Max78000/build/softmax.o
LOAD /Users/gio/Continual-Learning-on-Max78000/build/backpropagation.o
LOAD /Users/gio/Continual-Learning-on-Max78000/build/weights.o
LOAD /Users/gio/Continual-Learning-on-Max78000/build/board.o
LOAD /Users/gio/Continual-Learning-on-Max78000/build/stdio.o
LOAD /Users/gio/Continual-Learning-on-Max78000/build/led.o
LOAD /Users/gio/Continual-Learning-on-Max78000/build/pb.o
LOAD /Users/gio/Continual-Learning-on-Max78000/build/tft_ili9341.o
LOAD /Users/gio/Continual-Learning-on-Max78000/build/camera.o
LOAD /Users/gio/Continual-Learning-on-Max78000/build/ov7692.o
LOAD /Users/gio/Continual-Learning-on-Max78000/build/sccb.o
LOAD /Users/gio/Continual-Learning-on-Max78000/build/max20303.o
LOAD /Users/gio/Continual-Learning-on-Max78000/build/startup_max78000.o
LOAD /Users/gio/Continual-Learning-on-Max78000/build/heap.o
LOAD /Users/gio/Continual-Learning-on-Max78000/build/system_max78000.o
START GROUP
LOAD /Users/gio/MaximSDK/Libraries/PeriphDrivers/bin/MAX78000/softfp/libPeriphDriver_softfp.a
LOAD /Users/gio/MaximSDK/Tools/GNUTools/10.3/bin/../lib/gcc/arm-none-eabi/10.3.1/../../../../arm-none-eabi/lib/thumb/v7e-m+fp/softfp/libc.a
LOAD /Users/gio/MaximSDK/Tools/GNUTools/10.3/bin/../lib/gcc/arm-none-eabi/10.3.1/../../../../arm-none-eabi/lib/thumb/v7e-m+fp/softfp/libm.a
LOAD /Users/gio/MaximSDK/Tools/GNUTools/10.3/bin/../lib/gcc/arm-none-eabi/10.3.1/../../../../arm-none-eabi/lib/thumb/v7e-m+fp/softfp/libnosys.a
END GROUP
START GROUP
LOAD /Users/gio/MaximSDK/Tools/GNUTools/10.3/bin/../lib/gcc/arm-none-eabi/10.3.1/thumb/v7e-m+fp/softfp/libgcc.a
LOAD /Users/gio/MaximSDK/Tools/GNUTools/10.3/bin/../lib/gcc/arm-none-eabi/10.3.1/../../../../arm-none-eabi/lib/thumb/v7e-m+fp/softfp/libc.a
END GROUP
LOAD /Users/gio/MaximSDK/Tools/GNUTools/10.3/bin/../lib/gcc/arm-none-eabi/10.3.1/thumb/v7e-m+fp/softfp/crtend.o
LOAD /Users/gio/MaximSDK/Tools/GNUTools/10.3/bin/../lib/gcc/arm-none-eabi/10.3.1/thumb/v7e-m+fp/softfp/crtn.o

.rom
 *(.rom_vector)
 *(.rom_handlers*)

.text           0x0000000010000000     0xce0c
                0x0000000010000000                _text = .
 *(.isr_vector)
 .isr_vector    0x0000000010000000      0x1e0 /Users/gio/Continual-Learning-on-Max78000/build/startup_max78000.o
                0x0000000010000000                __isr_vector
 *(.text*)
 .text          0x00000000100001e0       0x40 /Users/gio/MaximSDK/Tools/GNUTools/10.3/bin/../lib/gcc/arm-none-eabi/10.3.1/thumb/v7e-m+fp/softfp/crtbegin.o
 .text.load_input
                0x0000000010000220       0x30 /Users/gio/Continual-Learning-on-Max78000/build/main.o
                0x0000000010000220                load_input
 .text.softmax_layer
                0x0000000010000250       0x20 /Users/gio/Continual-Learning-on-Max78000/build/main.o
                0x0000000010000250                softmax_layer
 .text.print_inference_result
                0x0000000010000270       0x64 /Users/gio/Continual-Learning-on-Max78000/build/main.o
                0x0000000010000270                print_inference_result
 .text.startup.main
                0x00000000100002d4      0x3b0 /Users/gio/Continual-Learning-on-Max78000/build/main.o
                0x00000000100002d4                main
 .text.CNN_ISR  0x0000000010000684       0x50 /Users/gio/Continual-Learning-on-Max78000/build/cnn.o
                0x0000000010000684                CNN_ISR
 .text.memcpy32
                0x00000000100006d4       0x1c /Users/gio/Continual-Learning-on-Max78000/build/cnn.o
                0x00000000100006d4                memcpy32
 .text.cnn_load_weights
                0x00000000100006f0       0x50 /Users/gio/Continual-Learning-on-Max78000/build/cnn.o
                0x00000000100006f0                cnn_load_weights
 .text.cnn_load_bias
                0x0000000010000740       0x2c /Users/gio/Continual-Learning-on-Max78000/build/cnn.o
                0x0000000010000740                cnn_load_bias
 .text.cnn_init
                0x000000001000076c       0x54 /Users/gio/Continual-Learning-on-Max78000/build/cnn.o
                0x000000001000076c                cnn_init
 .text.cnn_start
                0x00000000100007c0       0x54 /Users/gio/Continual-Learning-on-Max78000/build/cnn.o
                0x00000000100007c0                cnn_start
 .text.cnn_unload
                0x0000000010000814       0x3c /Users/gio/Continual-Learning-on-Max78000/build/cnn.o
                0x0000000010000814                cnn_unload
 .text.cnn_unload_frozen_layer
                0x0000000010000850       0xf8 /Users/gio/Continual-Learning-on-Max78000/build/cnn.o
                0x0000000010000850                cnn_unload_frozen_layer
 .text.cnn_enable
                0x0000000010000948       0x3c /Users/gio/Continual-Learning-on-Max78000/build/cnn.o
                0x0000000010000948                cnn_enable
 .text.cnn_disable
                0x0000000010000984       0x20 /Users/gio/Continual-Learning-on-Max78000/build/cnn.o
                0x0000000010000984                cnn_disable
 .text.cnn_configure_layer_0to4
                0x00000000100009a4      0x6ec /Users/gio/Continual-Learning-on-Max78000/build/cnn.o
                0x00000000100009a4                cnn_configure_layer_0to4
 .text.cnn_stop_SMs
                0x0000000010001090       0x30 /Users/gio/Continual-Learning-on-Max78000/build/cnn.o
                0x0000000010001090                cnn_stop_SMs
 .text.cnn_set_layer_count
                0x00000000100010c0       0x3c /Users/gio/Continual-Learning-on-Max78000/build/cnn.o
                0x00000000100010c0                cnn_set_layer_count
 .text.cnn_config_layer
                0x00000000100010fc       0x18 /Users/gio/Continual-Learning-on-Max78000/build/cnn.o
                0x00000000100010fc                cnn_config_layer
 .text.get_next_OS_layer
                0x0000000010001114       0x24 /Users/gio/Continual-Learning-on-Max78000/build/cnn.o
                0x0000000010001114                get_next_OS_layer
 .text.softmax_q17p14_q15
                0x0000000010001138       0xa8 /Users/gio/Continual-Learning-on-Max78000/build/softmax.o
                0x0000000010001138                softmax_q17p14_q15
 .text.array_substraction
                0x00000000100011e0       0x60 /Users/gio/Continual-Learning-on-Max78000/build/backpropagation.o
                0x00000000100011e0                array_substraction
 .text.mod2     0x0000000010001240      0x10c /Users/gio/Continual-Learning-on-Max78000/build/backpropagation.o
                0x0000000010001240                mod2
 .text.output_layer_3
                0x000000001000134c      0x15c /Users/gio/Continual-Learning-on-Max78000/build/backpropagation.o
                0x000000001000134c                output_layer_3
 .text.split_7  0x00000000100014a8      0x430 /Users/gio/Continual-Learning-on-Max78000/build/backpropagation.o
                0x00000000100014a8                split_7
 .text.split_6  0x00000000100018d8      0xa7c /Users/gio/Continual-Learning-on-Max78000/build/backpropagation.o
                0x00000000100018d8                split_6
 .text.split_5  0x0000000010002354      0x28c /Users/gio/Continual-Learning-on-Max78000/build/backpropagation.o
                0x0000000010002354                split_5
 .text.weights_function
                0x00000000100025e0      0xd28 /Users/gio/Continual-Learning-on-Max78000/build/backpropagation.o
                0x00000000100025e0                weights_function
 .text.bias_update
                0x0000000010003308       0x40 /Users/gio/Continual-Learning-on-Max78000/build/backpropagation.o
                0x0000000010003308                bias_update
 .text.mxc_assert
                0x0000000010003348       0x10 /Users/gio/Continual-Learning-on-Max78000/build/board.o
                0x0000000010003348                mxc_assert
 .text.Board_Init
                0x0000000010003358       0x6c /Users/gio/Continual-Learning-on-Max78000/build/board.o
                0x0000000010003358                Board_Init
 .text.NMI_Handler
                0x00000000100033c4        0x4 /Users/gio/Continual-Learning-on-Max78000/build/board.o
                0x00000000100033c4                NMI_Handler
 .text._close   0x00000000100033c8        0x8 /Users/gio/Continual-Learning-on-Max78000/build/stdio.o
                0x00000000100033c8                _close
 .text._isatty  0x00000000100033d0        0x8 /Users/gio/Continual-Learning-on-Max78000/build/stdio.o
                0x00000000100033d0                _isatty
 .text._lseek   0x00000000100033d8        0x8 /Users/gio/Continual-Learning-on-Max78000/build/stdio.o
                0x00000000100033d8                _lseek
 .text._fstat   0x00000000100033e0        0x8 /Users/gio/Continual-Learning-on-Max78000/build/stdio.o
                0x00000000100033e0                _fstat
 .text._read    0x00000000100033e8       0x50 /Users/gio/Continual-Learning-on-Max78000/build/stdio.o
                0x00000000100033e8                _read
 .text._write   0x0000000010003438       0x54 /Users/gio/Continual-Learning-on-Max78000/build/stdio.o
                0x0000000010003438                _write
 .text.LED_Init
                0x000000001000348c       0x40 /Users/gio/Continual-Learning-on-Max78000/build/led.o
                0x000000001000348c                LED_Init
 .text.LED_On   0x00000000100034cc       0x40 /Users/gio/Continual-Learning-on-Max78000/build/led.o
                0x00000000100034cc                LED_On
 .text.LED_Off  0x000000001000350c       0x40 /Users/gio/Continual-Learning-on-Max78000/build/led.o
                0x000000001000350c                LED_Off
 .text.PB_Init  0x000000001000354c       0x38 /Users/gio/Continual-Learning-on-Max78000/build/pb.o
                0x000000001000354c                PB_Init
 .text.GPIO0_IRQHandler
                0x0000000010003584        0x8 /Users/gio/Continual-Learning-on-Max78000/build/pb.o
                0x0000000010003584                GPIO0_IRQHandler
 .text.GPIO1_IRQHandler
                0x000000001000358c        0x8 /Users/gio/Continual-Learning-on-Max78000/build/pb.o
                0x000000001000358c                GPIO1_IRQHandler
 .text.GPIO2_IRQHandler
                0x0000000010003594        0x8 /Users/gio/Continual-Learning-on-Max78000/build/pb.o
                0x0000000010003594                GPIO2_IRQHandler
 .text          0x000000001000359c      0x148 /Users/gio/Continual-Learning-on-Max78000/build/startup_max78000.o
                0x000000001000359c                Reset_Handler
                0x00000000100035da                HardFault_Handler
                0x00000000100035dc                MemManage_Handler
                0x00000000100035de                BusFault_Handler
                0x00000000100035e0                UsageFault_Handler
                0x00000000100035e2                SVC_Handler
                0x00000000100035e4                DebugMon_Handler
                0x00000000100035e6                PendSV_Handler
                0x00000000100035e8                SysTick_Handler
                0x00000000100035ea                Default_Handler
                0x00000000100035ec                PF_IRQHandler
                0x00000000100035ee                WDT0_IRQHandler
                0x00000000100035f0                RSV02_IRQHandler
                0x00000000100035f2                RTC_IRQHandler
                0x00000000100035f4                TRNG_IRQHandler
                0x00000000100035f6                TMR0_IRQHandler
                0x00000000100035f8                TMR1_IRQHandler
                0x00000000100035fa                TMR2_IRQHandler
                0x00000000100035fc                TMR3_IRQHandler
                0x00000000100035fe                TMR4_IRQHandler
                0x0000000010003600                TMR5_IRQHandler
                0x0000000010003602                RSV11_IRQHandler
                0x0000000010003604                RSV12_IRQHandler
                0x0000000010003606                I2C0_IRQHandler
                0x0000000010003608                UART0_IRQHandler
                0x000000001000360a                UART1_IRQHandler
                0x000000001000360c                SPI1_IRQHandler
                0x000000001000360e                RSV17_IRQHandler
                0x0000000010003610                RSV18_IRQHandler
                0x0000000010003612                RSV19_IRQHandler
                0x0000000010003614                ADC_IRQHandler
                0x0000000010003616                RSV21_IRQHandler
                0x0000000010003618                RSV22_IRQHandler
                0x000000001000361a                FLC0_IRQHandler
                0x0000000010003622                RSV27_IRQHandler
                0x0000000010003624                DMA0_IRQHandler
                0x0000000010003626                DMA1_IRQHandler
                0x0000000010003628                DMA2_IRQHandler
                0x000000001000362a                DMA3_IRQHandler
                0x000000001000362c                RSV32_IRQHandler
                0x000000001000362e                RSV33_IRQHandler
                0x0000000010003630                UART2_IRQHandler
                0x0000000010003632                RSV35_IRQHandler
                0x0000000010003634                I2C1_IRQHandler
                0x0000000010003636                RSV37_IRQHandler
                0x0000000010003638                RSV38_IRQHandler
                0x000000001000363a                RSV39_IRQHandler
                0x000000001000363c                RSV40_IRQHandler
                0x000000001000363e                RSV41_IRQHandler
                0x0000000010003640                RSV42_IRQHandler
                0x0000000010003642                RSV43_IRQHandler
                0x0000000010003644                RSV44_IRQHandler
                0x0000000010003646                RSV45_IRQHandler
                0x0000000010003648                RSV46_IRQHandler
                0x000000001000364a                RSV47_IRQHandler
                0x000000001000364c                RSV48_IRQHandler
                0x000000001000364e                RSV49_IRQHandler
                0x0000000010003650                RSV50_IRQHandler
                0x0000000010003652                RSV51_IRQHandler
                0x0000000010003654                RSV52_IRQHandler
                0x0000000010003656                WUT_IRQHandler
                0x0000000010003658                GPIOWAKE_IRQHandler
                0x000000001000365a                RSV55_IRQHandler
                0x000000001000365c                SPI0_IRQHandler
                0x000000001000365e                WDT1_IRQHandler
                0x0000000010003660                RSV58_IRQHandler
                0x0000000010003662                PT_IRQHandler
                0x0000000010003664                RSV60_IRQHandler
                0x0000000010003666                RSV61_IRQHandler
                0x0000000010003668                I2C2_IRQHandler
                0x000000001000366a                RISCV_IRQHandler
                0x000000001000366c                RSV64_IRQHandler
                0x000000001000366e                RSV65_IRQHandler
                0x0000000010003670                RSV66_IRQHandler
                0x0000000010003672                OWM_IRQHandler
                0x0000000010003674                RSV68_IRQHandler
                0x0000000010003676                RSV69_IRQHandler
                0x0000000010003678                RSV70_IRQHandler
                0x000000001000367a                RSV71_IRQHandler
                0x000000001000367c                RSV72_IRQHandler
                0x000000001000367e                RSV73_IRQHandler
                0x0000000010003680                RSV74_IRQHandler
                0x0000000010003682                RSV75_IRQHandler
                0x0000000010003684                RSV76_IRQHandler
                0x0000000010003686                RSV77_IRQHandler
                0x0000000010003688                RSV78_IRQHandler
                0x000000001000368a                RSV79_IRQHandler
                0x000000001000368c                RSV80_IRQHandler
                0x000000001000368e                RSV81_IRQHandler
                0x0000000010003690                ECC_IRQHandler
                0x0000000010003692                DVS_IRQHandler
                0x0000000010003694                SIMO_IRQHandler
                0x0000000010003696                RSV85_IRQHandler
                0x0000000010003698                RSV86_IRQHandler
                0x000000001000369a                RSV87_IRQHandler
                0x000000001000369c                UART3_IRQHandler
                0x000000001000369e                RSV89_IRQHandler
                0x00000000100036a0                RSV90_IRQHandler
                0x00000000100036a2                PCIF_IRQHandler
                0x00000000100036a4                RSV92_IRQHandler
                0x00000000100036a6                RSV93_IRQHandler
                0x00000000100036a8                RSV94_IRQHandler
                0x00000000100036aa                RSV95_IRQHandler
                0x00000000100036ac                RSV96_IRQHandler
                0x00000000100036ae                AES_IRQHandler
                0x00000000100036b0                RSV98_IRQHandler
                0x00000000100036b2                I2S_IRQHandler
                0x00000000100036b4                CNN_FIFO_IRQHandler
                0x00000000100036b6                CNN_IRQHandler
                0x00000000100036b8                RSV102_IRQHandler
                0x00000000100036ba                LPCMP_IRQHandler
 .text._sbrk    0x00000000100036e4       0x3c /Users/gio/Continual-Learning-on-Max78000/build/heap.o
                0x00000000100036e4                _sbrk
 .text.SystemCoreClockUpdate
                0x0000000010003720       0x68 /Users/gio/Continual-Learning-on-Max78000/build/system_max78000.o
                0x0000000010003720                SystemCoreClockUpdate
 .text.PreInit  0x0000000010003788        0x4 /Users/gio/Continual-Learning-on-Max78000/build/system_max78000.o
                0x0000000010003788                PreInit
 .text.SystemInit
                0x000000001000378c       0x38 /Users/gio/Continual-Learning-on-Max78000/build/system_max78000.o
                0x000000001000378c                SystemInit
 .text.MXC_DelayInit
                0x00000000100037c4       0x7c /Users/gio/MaximSDK/Libraries/PeriphDrivers/bin/MAX78000/softfp/libPeriphDriver_softfp.a(mxc_delay.o)
 .text.MXC_DelayAsync
                0x0000000010003840       0x3c /Users/gio/MaximSDK/Libraries/PeriphDrivers/bin/MAX78000/softfp/libPeriphDriver_softfp.a(mxc_delay.o)
                0x0000000010003840                MXC_DelayAsync
 .text.MXC_DelayCheck
                0x000000001000387c       0x70 /Users/gio/MaximSDK/Libraries/PeriphDrivers/bin/MAX78000/softfp/libPeriphDriver_softfp.a(mxc_delay.o)
                0x000000001000387c                MXC_DelayCheck
 .text.MXC_DelayAbort
                0x00000000100038ec       0x34 /Users/gio/MaximSDK/Libraries/PeriphDrivers/bin/MAX78000/softfp/libPeriphDriver_softfp.a(mxc_delay.o)
                0x00000000100038ec                MXC_DelayAbort
 .text.MXC_Delay
                0x0000000010003920       0x74 /Users/gio/MaximSDK/Libraries/PeriphDrivers/bin/MAX78000/softfp/libPeriphDriver_softfp.a(mxc_delay.o)
                0x0000000010003920                MXC_Delay
 .text.MXC_SYS_ClockDisable
                0x0000000010003994       0x44 /Users/gio/MaximSDK/Libraries/PeriphDrivers/bin/MAX78000/softfp/libPeriphDriver_softfp.a(sys_ai85.o)
                0x0000000010003994                MXC_SYS_ClockDisable
 .text.MXC_SYS_ClockEnable
                0x00000000100039d8       0x4c /Users/gio/MaximSDK/Libraries/PeriphDrivers/bin/MAX78000/softfp/libPeriphDriver_softfp.a(sys_ai85.o)
                0x00000000100039d8                MXC_SYS_ClockEnable
 .text.MXC_SYS_ClockSourceEnable
                0x0000000010003a24       0xec /Users/gio/MaximSDK/Libraries/PeriphDrivers/bin/MAX78000/softfp/libPeriphDriver_softfp.a(sys_ai85.o)
                0x0000000010003a24                MXC_SYS_ClockSourceEnable
 .text.MXC_SYS_Clock_Select
                0x0000000010003b10      0x17c /Users/gio/MaximSDK/Libraries/PeriphDrivers/bin/MAX78000/softfp/libPeriphDriver_softfp.a(sys_ai85.o)
                0x0000000010003b10                MXC_SYS_Clock_Select
 .text.MXC_SYS_Reset_Periph
                0x0000000010003c8c       0x50 /Users/gio/MaximSDK/Libraries/PeriphDrivers/bin/MAX78000/softfp/libPeriphDriver_softfp.a(sys_ai85.o)
                0x0000000010003c8c                MXC_SYS_Reset_Periph
 .text.NVIC_SetVector
                0x0000000010003cdc       0x4c /Users/gio/MaximSDK/Libraries/PeriphDrivers/bin/MAX78000/softfp/libPeriphDriver_softfp.a(nvic_table.o)
                0x0000000010003cdc                NVIC_SetVector
 .text.MXC_GPIO_Config
                0x0000000010003d28      0x204 /Users/gio/MaximSDK/Libraries/PeriphDrivers/bin/MAX78000/softfp/libPeriphDriver_softfp.a(gpio_ai85.o)
                0x0000000010003d28                MXC_GPIO_Config
 .text.MXC_GPIO_OutSet
                0x0000000010003f2c       0x34 /Users/gio/MaximSDK/Libraries/PeriphDrivers/bin/MAX78000/softfp/libPeriphDriver_softfp.a(gpio_ai85.o)
                0x0000000010003f2c                MXC_GPIO_OutSet
 .text.MXC_GPIO_OutClr
                0x0000000010003f60       0x34 /Users/gio/MaximSDK/Libraries/PeriphDrivers/bin/MAX78000/softfp/libPeriphDriver_softfp.a(gpio_ai85.o)
                0x0000000010003f60                MXC_GPIO_OutClr
 .text.MXC_GPIO_Handler
                0x0000000010003f94        0x4 /Users/gio/MaximSDK/Libraries/PeriphDrivers/bin/MAX78000/softfp/libPeriphDriver_softfp.a(gpio_ai85.o)
                0x0000000010003f94                MXC_GPIO_Handler
 .text.MXC_GPIO_ClearFlags
                0x0000000010003f98        0x4 /Users/gio/MaximSDK/Libraries/PeriphDrivers/bin/MAX78000/softfp/libPeriphDriver_softfp.a(gpio_ai85.o)
                0x0000000010003f98                MXC_GPIO_ClearFlags
 .text.MXC_GPIO_GetFlags
                0x0000000010003f9c        0x4 /Users/gio/MaximSDK/Libraries/PeriphDrivers/bin/MAX78000/softfp/libPeriphDriver_softfp.a(gpio_ai85.o)
                0x0000000010003f9c                MXC_GPIO_GetFlags
 .text.MXC_GPIO_RevA_OutSet
                0x0000000010003fa0        0x4 /Users/gio/MaximSDK/Libraries/PeriphDrivers/bin/MAX78000/softfp/libPeriphDriver_softfp.a(gpio_reva.o)
                0x0000000010003fa0                MXC_GPIO_RevA_OutSet
 .text.MXC_GPIO_RevA_OutClr
                0x0000000010003fa4        0x4 /Users/gio/MaximSDK/Libraries/PeriphDrivers/bin/MAX78000/softfp/libPeriphDriver_softfp.a(gpio_reva.o)
                0x0000000010003fa4                MXC_GPIO_RevA_OutClr
 .text.MXC_GPIO_RevA_ClearFlags
                0x0000000010003fa8        0x4 /Users/gio/MaximSDK/Libraries/PeriphDrivers/bin/MAX78000/softfp/libPeriphDriver_softfp.a(gpio_reva.o)
                0x0000000010003fa8                MXC_GPIO_RevA_ClearFlags
 .text.MXC_GPIO_RevA_GetFlags
                0x0000000010003fac        0x4 /Users/gio/MaximSDK/Libraries/PeriphDrivers/bin/MAX78000/softfp/libPeriphDriver_softfp.a(gpio_reva.o)
                0x0000000010003fac                MXC_GPIO_RevA_GetFlags
 .text.MXC_GPIO_RevA_SetVSSEL
                0x0000000010003fb0       0x30 /Users/gio/MaximSDK/Libraries/PeriphDrivers/bin/MAX78000/softfp/libPeriphDriver_softfp.a(gpio_reva.o)
                0x0000000010003fb0                MXC_GPIO_RevA_SetVSSEL
 .text.MXC_GPIO_RevA_SetAF
                0x0000000010003fe0       0x5c /Users/gio/MaximSDK/Libraries/PeriphDrivers/bin/MAX78000/softfp/libPeriphDriver_softfp.a(gpio_reva.o)
                0x0000000010003fe0                MXC_GPIO_RevA_SetAF
 .text.MXC_ICC_Enable
                0x000000001000403c        0x4 /Users/gio/MaximSDK/Libraries/PeriphDrivers/bin/MAX78000/softfp/libPeriphDriver_softfp.a(icc_me17.o)
                0x000000001000403c                MXC_ICC_Enable
 .text.MXC_ICC_RevA_Enable
                0x0000000010004040       0x30 /Users/gio/MaximSDK/Libraries/PeriphDrivers/bin/MAX78000/softfp/libPeriphDriver_softfp.a(icc_reva.o)
                0x0000000010004040                MXC_ICC_RevA_Enable
 .text.MXC_TMR_Init
                0x0000000010004070      0x344 /Users/gio/MaximSDK/Libraries/PeriphDrivers/bin/MAX78000/softfp/libPeriphDriver_softfp.a(tmr_ai85.o)
                0x0000000010004070                MXC_TMR_Init
 .text.MXC_TMR_Start
                0x00000000100043b4        0x4 /Users/gio/MaximSDK/Libraries/PeriphDrivers/bin/MAX78000/softfp/libPeriphDriver_softfp.a(tmr_ai85.o)
                0x00000000100043b4                MXC_TMR_Start
 .text.MXC_TMR_Stop
                0x00000000100043b8        0x4 /Users/gio/MaximSDK/Libraries/PeriphDrivers/bin/MAX78000/softfp/libPeriphDriver_softfp.a(tmr_ai85.o)
                0x00000000100043b8                MXC_TMR_Stop
 .text.MXC_TMR_ClearFlags
                0x00000000100043bc        0x4 /Users/gio/MaximSDK/Libraries/PeriphDrivers/bin/MAX78000/softfp/libPeriphDriver_softfp.a(tmr_ai85.o)
                0x00000000100043bc                MXC_TMR_ClearFlags
 .text.MXC_TMR_SetCount
                0x00000000100043c0        0x4 /Users/gio/MaximSDK/Libraries/PeriphDrivers/bin/MAX78000/softfp/libPeriphDriver_softfp.a(tmr_ai85.o)
                0x00000000100043c0                MXC_TMR_SetCount
 .text.MXC_TMR_TO_Start
                0x00000000100043c4        0x4 /Users/gio/MaximSDK/Libraries/PeriphDrivers/bin/MAX78000/softfp/libPeriphDriver_softfp.a(tmr_ai85.o)
                0x00000000100043c4                MXC_TMR_TO_Start
 .text.MXC_TMR_TO_Stop
                0x00000000100043c8        0x4 /Users/gio/MaximSDK/Libraries/PeriphDrivers/bin/MAX78000/softfp/libPeriphDriver_softfp.a(tmr_ai85.o)
                0x00000000100043c8                MXC_TMR_TO_Stop
 .text.MXC_TMR_TO_Elapsed
                0x00000000100043cc        0x4 /Users/gio/MaximSDK/Libraries/PeriphDrivers/bin/MAX78000/softfp/libPeriphDriver_softfp.a(tmr_ai85.o)
                0x00000000100043cc                MXC_TMR_TO_Elapsed
 .text.MXC_TMR_SW_Start
                0x00000000100043d0        0x4 /Users/gio/MaximSDK/Libraries/PeriphDrivers/bin/MAX78000/softfp/libPeriphDriver_softfp.a(tmr_ai85.o)
                0x00000000100043d0                MXC_TMR_SW_Start
 .text.MXC_TMR_SW_Stop
                0x00000000100043d4        0x4 /Users/gio/MaximSDK/Libraries/PeriphDrivers/bin/MAX78000/softfp/libPeriphDriver_softfp.a(tmr_ai85.o)
                0x00000000100043d4                MXC_TMR_SW_Stop
 .text.MXC_TMR_GetTime
                0x00000000100043d8        0x4 /Users/gio/MaximSDK/Libraries/PeriphDrivers/bin/MAX78000/softfp/libPeriphDriver_softfp.a(tmr_ai85.o)
                0x00000000100043d8                MXC_TMR_GetTime
 .text.MXC_TMR_RevB_ConfigGeneric
                0x00000000100043dc       0xe8 /Users/gio/MaximSDK/Libraries/PeriphDrivers/bin/MAX78000/softfp/libPeriphDriver_softfp.a(tmr_revb.o)
                0x00000000100043dc                MXC_TMR_RevB_ConfigGeneric
 .text.MXC_TMR_RevB_Init
                0x00000000100044c4       0xc8 /Users/gio/MaximSDK/Libraries/PeriphDrivers/bin/MAX78000/softfp/libPeriphDriver_softfp.a(tmr_revb.o)
                0x00000000100044c4                MXC_TMR_RevB_Init
 .text.MXC_TMR_RevB_Start
                0x000000001000458c       0x5c /Users/gio/MaximSDK/Libraries/PeriphDrivers/bin/MAX78000/softfp/libPeriphDriver_softfp.a(tmr_revb.o)
                0x000000001000458c                MXC_TMR_RevB_Start
 .text.MXC_TMR_RevB_Stop
                0x00000000100045e8       0x58 /Users/gio/MaximSDK/Libraries/PeriphDrivers/bin/MAX78000/softfp/libPeriphDriver_softfp.a(tmr_revb.o)
                0x00000000100045e8                MXC_TMR_RevB_Stop
 .text.MXC_TMR_RevB_ClearFlags
                0x0000000010004640       0x58 /Users/gio/MaximSDK/Libraries/PeriphDrivers/bin/MAX78000/softfp/libPeriphDriver_softfp.a(tmr_revb.o)
                0x0000000010004640                MXC_TMR_RevB_ClearFlags
 .text.MXC_TMR_RevB_SetCount
                0x0000000010004698       0x5c /Users/gio/MaximSDK/Libraries/PeriphDrivers/bin/MAX78000/softfp/libPeriphDriver_softfp.a(tmr_revb.o)
                0x0000000010004698                MXC_TMR_RevB_SetCount
 .text.MXC_TMR_RevB_TO_Start
                0x00000000100046f4       0xe4 /Users/gio/MaximSDK/Libraries/PeriphDrivers/bin/MAX78000/softfp/libPeriphDriver_softfp.a(tmr_revb.o)
                0x00000000100046f4                MXC_TMR_RevB_TO_Start
 .text.MXC_TMR_RevB_GetTime
                0x00000000100047d8      0x138 /Users/gio/MaximSDK/Libraries/PeriphDrivers/bin/MAX78000/softfp/libPeriphDriver_softfp.a(tmr_revb.o)
                0x00000000100047d8                MXC_TMR_RevB_GetTime
 .text.MXC_UART_GetFrequency.part.0
                0x0000000010004910       0x64 /Users/gio/MaximSDK/Libraries/PeriphDrivers/bin/MAX78000/softfp/libPeriphDriver_softfp.a(uart_ai85.o)
 .text.MXC_UART_Shutdown
                0x0000000010004974       0x70 /Users/gio/MaximSDK/Libraries/PeriphDrivers/bin/MAX78000/softfp/libPeriphDriver_softfp.a(uart_ai85.o)
                0x0000000010004974                MXC_UART_Shutdown
 .text.MXC_UART_Init
                0x00000000100049e4       0xb8 /Users/gio/MaximSDK/Libraries/PeriphDrivers/bin/MAX78000/softfp/libPeriphDriver_softfp.a(uart_ai85.o)
                0x00000000100049e4                MXC_UART_Init
 .text.MXC_UART_SetFrequency
                0x0000000010004a9c       0xc4 /Users/gio/MaximSDK/Libraries/PeriphDrivers/bin/MAX78000/softfp/libPeriphDriver_softfp.a(uart_ai85.o)
                0x0000000010004a9c                MXC_UART_SetFrequency
 .text.MXC_UART_GetFrequency
                0x0000000010004b60       0x30 /Users/gio/MaximSDK/Libraries/PeriphDrivers/bin/MAX78000/softfp/libPeriphDriver_softfp.a(uart_ai85.o)
                0x0000000010004b60                MXC_UART_GetFrequency
 .text.MXC_UART_SetDataSize
                0x0000000010004b90        0x4 /Users/gio/MaximSDK/Libraries/PeriphDrivers/bin/MAX78000/softfp/libPeriphDriver_softfp.a(uart_ai85.o)
                0x0000000010004b90                MXC_UART_SetDataSize
 .text.MXC_UART_SetStopBits
                0x0000000010004b94        0x4 /Users/gio/MaximSDK/Libraries/PeriphDrivers/bin/MAX78000/softfp/libPeriphDriver_softfp.a(uart_ai85.o)
                0x0000000010004b94                MXC_UART_SetStopBits
 .text.MXC_UART_SetParity
                0x0000000010004b98        0x4 /Users/gio/MaximSDK/Libraries/PeriphDrivers/bin/MAX78000/softfp/libPeriphDriver_softfp.a(uart_ai85.o)
                0x0000000010004b98                MXC_UART_SetParity
 .text.MXC_UART_ReadCharacterRaw
                0x0000000010004b9c        0x4 /Users/gio/MaximSDK/Libraries/PeriphDrivers/bin/MAX78000/softfp/libPeriphDriver_softfp.a(uart_ai85.o)
                0x0000000010004b9c                MXC_UART_ReadCharacterRaw
 .text.MXC_UART_WriteCharacterRaw
                0x0000000010004ba0        0x4 /Users/gio/MaximSDK/Libraries/PeriphDrivers/bin/MAX78000/softfp/libPeriphDriver_softfp.a(uart_ai85.o)
                0x0000000010004ba0                MXC_UART_WriteCharacterRaw
 .text.MXC_UART_ReadCharacter
                0x0000000010004ba4        0x4 /Users/gio/MaximSDK/Libraries/PeriphDrivers/bin/MAX78000/softfp/libPeriphDriver_softfp.a(uart_ai85.o)
                0x0000000010004ba4                MXC_UART_ReadCharacter
 .text.MXC_UART_WriteCharacter
                0x0000000010004ba8        0x4 /Users/gio/MaximSDK/Libraries/PeriphDrivers/bin/MAX78000/softfp/libPeriphDriver_softfp.a(uart_ai85.o)
                0x0000000010004ba8                MXC_UART_WriteCharacter
 .text.MXC_UART_GetRXFIFOAvailable
                0x0000000010004bac        0x4 /Users/gio/MaximSDK/Libraries/PeriphDrivers/bin/MAX78000/softfp/libPeriphDriver_softfp.a(uart_ai85.o)
                0x0000000010004bac                MXC_UART_GetRXFIFOAvailable
 .text.MXC_UART_GetTXFIFOAvailable
                0x0000000010004bb0        0x4 /Users/gio/MaximSDK/Libraries/PeriphDrivers/bin/MAX78000/softfp/libPeriphDriver_softfp.a(uart_ai85.o)
                0x0000000010004bb0                MXC_UART_GetTXFIFOAvailable
 .text.MXC_UART_SetRXThreshold
                0x0000000010004bb4        0x4 /Users/gio/MaximSDK/Libraries/PeriphDrivers/bin/MAX78000/softfp/libPeriphDriver_softfp.a(uart_ai85.o)
                0x0000000010004bb4                MXC_UART_SetRXThreshold
 .text.MXC_UART_Common_ReadCharacter
                0x0000000010004bb8       0x18 /Users/gio/MaximSDK/Libraries/PeriphDrivers/bin/MAX78000/softfp/libPeriphDriver_softfp.a(uart_common.o)
                0x0000000010004bb8                MXC_UART_Common_ReadCharacter
 .text.MXC_UART_Common_WriteCharacter
                0x0000000010004bd0       0x1c /Users/gio/MaximSDK/Libraries/PeriphDrivers/bin/MAX78000/softfp/libPeriphDriver_softfp.a(uart_common.o)
                0x0000000010004bd0                MXC_UART_Common_WriteCharacter
 .text.MXC_UART_RevB_Init
                0x0000000010004bec       0x70 /Users/gio/MaximSDK/Libraries/PeriphDrivers/bin/MAX78000/softfp/libPeriphDriver_softfp.a(uart_revb.o)
                0x0000000010004bec                MXC_UART_RevB_Init
 .text.MXC_UART_RevB_SetFrequency
                0x0000000010004c5c       0x9c /Users/gio/MaximSDK/Libraries/PeriphDrivers/bin/MAX78000/softfp/libPeriphDriver_softfp.a(uart_revb.o)
                0x0000000010004c5c                MXC_UART_RevB_SetFrequency
 .text.MXC_UART_RevB_GetFrequency
                0x0000000010004cf8       0x74 /Users/gio/MaximSDK/Libraries/PeriphDrivers/bin/MAX78000/softfp/libPeriphDriver_softfp.a(uart_revb.o)
                0x0000000010004cf8                MXC_UART_RevB_GetFrequency
 .text.MXC_UART_RevB_SetDataSize
                0x0000000010004d6c       0x40 /Users/gio/MaximSDK/Libraries/PeriphDrivers/bin/MAX78000/softfp/libPeriphDriver_softfp.a(uart_revb.o)
                0x0000000010004d6c                MXC_UART_RevB_SetDataSize
 .text.MXC_UART_RevB_SetStopBits
                0x0000000010004dac       0x4c /Users/gio/MaximSDK/Libraries/PeriphDrivers/bin/MAX78000/softfp/libPeriphDriver_softfp.a(uart_revb.o)
                0x0000000010004dac                MXC_UART_RevB_SetStopBits
 .text.MXC_UART_RevB_SetParity
                0x0000000010004df8       0xb4 /Users/gio/MaximSDK/Libraries/PeriphDrivers/bin/MAX78000/softfp/libPeriphDriver_softfp.a(uart_revb.o)
                0x0000000010004df8                MXC_UART_RevB_SetParity
 .text.MXC_UART_RevB_ReadCharacterRaw
                0x0000000010004eac       0x38 /Users/gio/MaximSDK/Libraries/PeriphDrivers/bin/MAX78000/softfp/libPeriphDriver_softfp.a(uart_revb.o)
                0x0000000010004eac                MXC_UART_RevB_ReadCharacterRaw
 .text.MXC_UART_RevB_WriteCharacterRaw
                0x0000000010004ee4       0x3c /Users/gio/MaximSDK/Libraries/PeriphDrivers/bin/MAX78000/softfp/libPeriphDriver_softfp.a(uart_revb.o)
                0x0000000010004ee4                MXC_UART_RevB_WriteCharacterRaw
 .text.MXC_UART_RevB_GetRXFIFOAvailable
                0x0000000010004f20        0x8 /Users/gio/MaximSDK/Libraries/PeriphDrivers/bin/MAX78000/softfp/libPeriphDriver_softfp.a(uart_revb.o)
                0x0000000010004f20                MXC_UART_RevB_GetRXFIFOAvailable
 .text.MXC_UART_RevB_GetTXFIFOAvailable
                0x0000000010004f28        0xc /Users/gio/MaximSDK/Libraries/PeriphDrivers/bin/MAX78000/softfp/libPeriphDriver_softfp.a(uart_revb.o)
                0x0000000010004f28                MXC_UART_RevB_GetTXFIFOAvailable
 .text.MXC_UART_RevB_SetRXThreshold
                0x0000000010004f34       0x40 /Users/gio/MaximSDK/Libraries/PeriphDrivers/bin/MAX78000/softfp/libPeriphDriver_softfp.a(uart_revb.o)
                0x0000000010004f34                MXC_UART_RevB_SetRXThreshold
 .text.MXC_GPIO_Common_Init
                0x0000000010004f74       0x24 /Users/gio/MaximSDK/Libraries/PeriphDrivers/bin/MAX78000/softfp/libPeriphDriver_softfp.a(gpio_common.o)
                0x0000000010004f74                MXC_GPIO_Common_Init
 .text.MXC_GPIO_Common_Handler
                0x0000000010004f98       0x88 /Users/gio/MaximSDK/Libraries/PeriphDrivers/bin/MAX78000/softfp/libPeriphDriver_softfp.a(gpio_common.o)
                0x0000000010004f98                MXC_GPIO_Common_Handler
 .text.MXC_TMR_Common_TO_Stop
                0x0000000010005020       0x14 /Users/gio/MaximSDK/Libraries/PeriphDrivers/bin/MAX78000/softfp/libPeriphDriver_softfp.a(tmr_common.o)
                0x0000000010005020                MXC_TMR_Common_TO_Stop
 .text.MXC_TMR_Common_SW_Start
                0x0000000010005034        0x8 /Users/gio/MaximSDK/Libraries/PeriphDrivers/bin/MAX78000/softfp/libPeriphDriver_softfp.a(tmr_common.o)
                0x0000000010005034                MXC_TMR_Common_SW_Start
 .text.MXC_TMR_Common_SW_Stop
                0x000000001000503c       0x14 /Users/gio/MaximSDK/Libraries/PeriphDrivers/bin/MAX78000/softfp/libPeriphDriver_softfp.a(tmr_common.o)
                0x000000001000503c                MXC_TMR_Common_SW_Stop
 .text.MXC_TMR_Common_TO_Elapsed
                0x0000000010005050       0x54 /Users/gio/MaximSDK/Libraries/PeriphDrivers/bin/MAX78000/softfp/libPeriphDriver_softfp.a(tmr_common.o)
                0x0000000010005050                MXC_TMR_Common_TO_Elapsed
 .text.__errno  0x00000000100050a4        0xc /Users/gio/MaximSDK/Tools/GNUTools/10.3/bin/../lib/gcc/arm-none-eabi/10.3.1/../../../../arm-none-eabi/lib/thumb/v7e-m+fp/softfp/libc.a(lib_a-errno.o)
                0x00000000100050a4                __errno
 .text.__libc_init_array
                0x00000000100050b0       0x48 /Users/gio/MaximSDK/Tools/GNUTools/10.3/bin/../lib/gcc/arm-none-eabi/10.3.1/../../../../arm-none-eabi/lib/thumb/v7e-m+fp/softfp/libc.a(lib_a-init.o)
                0x00000000100050b0                __libc_init_array
 .text._malloc_r
                0x00000000100050f8      0x560 /Users/gio/MaximSDK/Tools/GNUTools/10.3/bin/../lib/gcc/arm-none-eabi/10.3.1/../../../../arm-none-eabi/lib/thumb/v7e-m+fp/softfp/libc.a(lib_a-mallocr.o)
                0x00000000100050f8                _malloc_r
 .text          0x0000000010005658      0x134 /Users/gio/MaximSDK/Tools/GNUTools/10.3/bin/../lib/gcc/arm-none-eabi/10.3.1/../../../../arm-none-eabi/lib/thumb/v7e-m+fp/softfp/libc.a(lib_a-memcpy.o)
                0x0000000010005658                memcpy
 .text.memset   0x000000001000578c       0xa4 /Users/gio/MaximSDK/Tools/GNUTools/10.3/bin/../lib/gcc/arm-none-eabi/10.3.1/../../../../arm-none-eabi/lib/thumb/v7e-m+fp/softfp/libc.a(lib_a-memset.o)
                0x000000001000578c                memset
 .text.__malloc_lock
                0x0000000010005830        0xc /Users/gio/MaximSDK/Tools/GNUTools/10.3/bin/../lib/gcc/arm-none-eabi/10.3.1/../../../../arm-none-eabi/lib/thumb/v7e-m+fp/softfp/libc.a(lib_a-mlock.o)
                0x0000000010005830                __malloc_lock
 .text.__malloc_unlock
                0x000000001000583c        0xc /Users/gio/MaximSDK/Tools/GNUTools/10.3/bin/../lib/gcc/arm-none-eabi/10.3.1/../../../../arm-none-eabi/lib/thumb/v7e-m+fp/softfp/libc.a(lib_a-mlock.o)
                0x000000001000583c                __malloc_unlock
 .text.printf   0x0000000010005848       0x28 /Users/gio/MaximSDK/Tools/GNUTools/10.3/bin/../lib/gcc/arm-none-eabi/10.3.1/../../../../arm-none-eabi/lib/thumb/v7e-m+fp/softfp/libc.a(lib_a-printf.o)
                0x0000000010005848                printf
 .text._puts_r  0x0000000010005870       0x9c /Users/gio/MaximSDK/Tools/GNUTools/10.3/bin/../lib/gcc/arm-none-eabi/10.3.1/../../../../arm-none-eabi/lib/thumb/v7e-m+fp/softfp/libc.a(lib_a-puts.o)
                0x0000000010005870                _puts_r
 .text.puts     0x000000001000590c       0x10 /Users/gio/MaximSDK/Tools/GNUTools/10.3/bin/../lib/gcc/arm-none-eabi/10.3.1/../../../../arm-none-eabi/lib/thumb/v7e-m+fp/softfp/libc.a(lib_a-puts.o)
                0x000000001000590c                puts
 .text._sbrk_r  0x000000001000591c       0x24 /Users/gio/MaximSDK/Tools/GNUTools/10.3/bin/../lib/gcc/arm-none-eabi/10.3.1/../../../../arm-none-eabi/lib/thumb/v7e-m+fp/softfp/libc.a(lib_a-sbrkr.o)
                0x000000001000591c                _sbrk_r
 .text          0x0000000010005940       0xdc /Users/gio/MaximSDK/Tools/GNUTools/10.3/bin/../lib/gcc/arm-none-eabi/10.3.1/../../../../arm-none-eabi/lib/thumb/v7e-m+fp/softfp/libc.a(lib_a-strlen.o)
                0x0000000010005940                strlen
 *fill*         0x0000000010005a1c        0x4 
 .text._vfprintf_r
                0x0000000010005a20     0x1b8c /Users/gio/MaximSDK/Tools/GNUTools/10.3/bin/../lib/gcc/arm-none-eabi/10.3.1/../../../../arm-none-eabi/lib/thumb/v7e-m+fp/softfp/libc.a(lib_a-vfprintf.o)
                0x0000000010005a20                _vfprintf_r
 .text.__sbprintf
                0x00000000100075ac       0x80 /Users/gio/MaximSDK/Tools/GNUTools/10.3/bin/../lib/gcc/arm-none-eabi/10.3.1/../../../../arm-none-eabi/lib/thumb/v7e-m+fp/softfp/libc.a(lib_a-vfprintf.o)
 .text.__swsetup_r
                0x000000001000762c       0xd4 /Users/gio/MaximSDK/Tools/GNUTools/10.3/bin/../lib/gcc/arm-none-eabi/10.3.1/../../../../arm-none-eabi/lib/thumb/v7e-m+fp/softfp/libc.a(lib_a-wsetup.o)
                0x000000001000762c                __swsetup_r
 .text.startup.register_fini
                0x0000000010007700       0x14 /Users/gio/MaximSDK/Tools/GNUTools/10.3/bin/../lib/gcc/arm-none-eabi/10.3.1/../../../../arm-none-eabi/lib/thumb/v7e-m+fp/softfp/libc.a(lib_a-__call_atexit.o)
 .text.atexit   0x0000000010007714        0xc /Users/gio/MaximSDK/Tools/GNUTools/10.3/bin/../lib/gcc/arm-none-eabi/10.3.1/../../../../arm-none-eabi/lib/thumb/v7e-m+fp/softfp/libc.a(lib_a-atexit.o)
                0x0000000010007714                atexit
 .text.quorem   0x0000000010007720      0x128 /Users/gio/MaximSDK/Tools/GNUTools/10.3/bin/../lib/gcc/arm-none-eabi/10.3.1/../../../../arm-none-eabi/lib/thumb/v7e-m+fp/softfp/libc.a(lib_a-dtoa.o)
 .text._dtoa_r  0x0000000010007848      0xf34 /Users/gio/MaximSDK/Tools/GNUTools/10.3/bin/../lib/gcc/arm-none-eabi/10.3.1/../../../../arm-none-eabi/lib/thumb/v7e-m+fp/softfp/libc.a(lib_a-dtoa.o)
                0x0000000010007848                _dtoa_r
 .text.__sflush_r
                0x000000001000877c      0x130 /Users/gio/MaximSDK/Tools/GNUTools/10.3/bin/../lib/gcc/arm-none-eabi/10.3.1/../../../../arm-none-eabi/lib/thumb/v7e-m+fp/softfp/libc.a(lib_a-fflush.o)
                0x000000001000877c                __sflush_r
 .text._fflush_r
                0x00000000100088ac       0x5c /Users/gio/MaximSDK/Tools/GNUTools/10.3/bin/../lib/gcc/arm-none-eabi/10.3.1/../../../../arm-none-eabi/lib/thumb/v7e-m+fp/softfp/libc.a(lib_a-fflush.o)
                0x00000000100088ac                _fflush_r
 .text._cleanup_r
                0x0000000010008908        0xc /Users/gio/MaximSDK/Tools/GNUTools/10.3/bin/../lib/gcc/arm-none-eabi/10.3.1/../../../../arm-none-eabi/lib/thumb/v7e-m+fp/softfp/libc.a(lib_a-findfp.o)
                0x0000000010008908                _cleanup_r
 .text.__sinit  0x0000000010008914      0x10c /Users/gio/MaximSDK/Tools/GNUTools/10.3/bin/../lib/gcc/arm-none-eabi/10.3.1/../../../../arm-none-eabi/lib/thumb/v7e-m+fp/softfp/libc.a(lib_a-findfp.o)
                0x0000000010008914                __sinit
 .text.__sfp_lock_acquire
                0x0000000010008a20        0xc /Users/gio/MaximSDK/Tools/GNUTools/10.3/bin/../lib/gcc/arm-none-eabi/10.3.1/../../../../arm-none-eabi/lib/thumb/v7e-m+fp/softfp/libc.a(lib_a-findfp.o)
                0x0000000010008a20                __sfp_lock_acquire
 .text.__sfp_lock_release
                0x0000000010008a2c        0xc /Users/gio/MaximSDK/Tools/GNUTools/10.3/bin/../lib/gcc/arm-none-eabi/10.3.1/../../../../arm-none-eabi/lib/thumb/v7e-m+fp/softfp/libc.a(lib_a-findfp.o)
                0x0000000010008a2c                __sfp_lock_release
 .text.__libc_fini_array
                0x0000000010008a38       0x2c /Users/gio/MaximSDK/Tools/GNUTools/10.3/bin/../lib/gcc/arm-none-eabi/10.3.1/../../../../arm-none-eabi/lib/thumb/v7e-m+fp/softfp/libc.a(lib_a-fini.o)
                0x0000000010008a38                __libc_fini_array
 .text._malloc_trim_r
                0x0000000010008a64       0xa0 /Users/gio/MaximSDK/Tools/GNUTools/10.3/bin/../lib/gcc/arm-none-eabi/10.3.1/../../../../arm-none-eabi/lib/thumb/v7e-m+fp/softfp/libc.a(lib_a-freer.o)
                0x0000000010008a64                _malloc_trim_r
 .text._free_r  0x0000000010008b04      0x20c /Users/gio/MaximSDK/Tools/GNUTools/10.3/bin/../lib/gcc/arm-none-eabi/10.3.1/../../../../arm-none-eabi/lib/thumb/v7e-m+fp/softfp/libc.a(lib_a-freer.o)
                0x0000000010008b04                _free_r
 .text.__sfvwrite_r
                0x0000000010008d10      0x2f0 /Users/gio/MaximSDK/Tools/GNUTools/10.3/bin/../lib/gcc/arm-none-eabi/10.3.1/../../../../arm-none-eabi/lib/thumb/v7e-m+fp/softfp/libc.a(lib_a-fvwrite.o)
                0x0000000010008d10                __sfvwrite_r
 .text._fwalk_reent
                0x0000000010009000       0x48 /Users/gio/MaximSDK/Tools/GNUTools/10.3/bin/../lib/gcc/arm-none-eabi/10.3.1/../../../../arm-none-eabi/lib/thumb/v7e-m+fp/softfp/libc.a(lib_a-fwalk.o)
                0x0000000010009000                _fwalk_reent
 .text._localeconv_r
                0x0000000010009048        0x8 /Users/gio/MaximSDK/Tools/GNUTools/10.3/bin/../lib/gcc/arm-none-eabi/10.3.1/../../../../arm-none-eabi/lib/thumb/v7e-m+fp/softfp/libc.a(lib_a-localeconv.o)
                0x0000000010009048                _localeconv_r
 .text.__retarget_lock_init_recursive
                0x0000000010009050        0x4 /Users/gio/MaximSDK/Tools/GNUTools/10.3/bin/../lib/gcc/arm-none-eabi/10.3.1/../../../../arm-none-eabi/lib/thumb/v7e-m+fp/softfp/libc.a(lib_a-lock.o)
                0x0000000010009050                __retarget_lock_init_recursive
 .text.__retarget_lock_close_recursive
                0x0000000010009054        0x4 /Users/gio/MaximSDK/Tools/GNUTools/10.3/bin/../lib/gcc/arm-none-eabi/10.3.1/../../../../arm-none-eabi/lib/thumb/v7e-m+fp/softfp/libc.a(lib_a-lock.o)
                0x0000000010009054                __retarget_lock_close_recursive
 .text.__retarget_lock_acquire_recursive
                0x0000000010009058        0x4 /Users/gio/MaximSDK/Tools/GNUTools/10.3/bin/../lib/gcc/arm-none-eabi/10.3.1/../../../../arm-none-eabi/lib/thumb/v7e-m+fp/softfp/libc.a(lib_a-lock.o)
                0x0000000010009058                __retarget_lock_acquire_recursive
 .text.__retarget_lock_release_recursive
                0x000000001000905c        0x4 /Users/gio/MaximSDK/Tools/GNUTools/10.3/bin/../lib/gcc/arm-none-eabi/10.3.1/../../../../arm-none-eabi/lib/thumb/v7e-m+fp/softfp/libc.a(lib_a-lock.o)
                0x000000001000905c                __retarget_lock_release_recursive
 .text.__smakebuf_r
                0x0000000010009060       0xe0 /Users/gio/MaximSDK/Tools/GNUTools/10.3/bin/../lib/gcc/arm-none-eabi/10.3.1/../../../../arm-none-eabi/lib/thumb/v7e-m+fp/softfp/libc.a(lib_a-makebuf.o)
                0x0000000010009060                __smakebuf_r
 .text          0x0000000010009140       0xa0 /Users/gio/MaximSDK/Tools/GNUTools/10.3/bin/../lib/gcc/arm-none-eabi/10.3.1/../../../../arm-none-eabi/lib/thumb/v7e-m+fp/softfp/libc.a(lib_a-memchr.o)
                0x0000000010009140                memchr
 .text.memmove  0x00000000100091e0       0xf8 /Users/gio/MaximSDK/Tools/GNUTools/10.3/bin/../lib/gcc/arm-none-eabi/10.3.1/../../../../arm-none-eabi/lib/thumb/v7e-m+fp/softfp/libc.a(lib_a-memmove.o)
                0x00000000100091e0                memmove
 .text._Balloc  0x00000000100092d8       0x4c /Users/gio/MaximSDK/Tools/GNUTools/10.3/bin/../lib/gcc/arm-none-eabi/10.3.1/../../../../arm-none-eabi/lib/thumb/v7e-m+fp/softfp/libc.a(lib_a-mprec.o)
                0x00000000100092d8                _Balloc
 .text._Bfree   0x0000000010009324       0x14 /Users/gio/MaximSDK/Tools/GNUTools/10.3/bin/../lib/gcc/arm-none-eabi/10.3.1/../../../../arm-none-eabi/lib/thumb/v7e-m+fp/softfp/libc.a(lib_a-mprec.o)
                0x0000000010009324                _Bfree
 .text.__multadd
                0x0000000010009338       0xa8 /Users/gio/MaximSDK/Tools/GNUTools/10.3/bin/../lib/gcc/arm-none-eabi/10.3.1/../../../../arm-none-eabi/lib/thumb/v7e-m+fp/softfp/libc.a(lib_a-mprec.o)
                0x0000000010009338                __multadd
 .text.__hi0bits
                0x00000000100093e0       0x40 /Users/gio/MaximSDK/Tools/GNUTools/10.3/bin/../lib/gcc/arm-none-eabi/10.3.1/../../../../arm-none-eabi/lib/thumb/v7e-m+fp/softfp/libc.a(lib_a-mprec.o)
                0x00000000100093e0                __hi0bits
 .text.__lo0bits
                0x0000000010009420       0x60 /Users/gio/MaximSDK/Tools/GNUTools/10.3/bin/../lib/gcc/arm-none-eabi/10.3.1/../../../../arm-none-eabi/lib/thumb/v7e-m+fp/softfp/libc.a(lib_a-mprec.o)
                0x0000000010009420                __lo0bits
 .text.__i2b    0x0000000010009480       0x5c /Users/gio/MaximSDK/Tools/GNUTools/10.3/bin/../lib/gcc/arm-none-eabi/10.3.1/../../../../arm-none-eabi/lib/thumb/v7e-m+fp/softfp/libc.a(lib_a-mprec.o)
                0x0000000010009480                __i2b
 .text.__multiply
                0x00000000100094dc      0x15c /Users/gio/MaximSDK/Tools/GNUTools/10.3/bin/../lib/gcc/arm-none-eabi/10.3.1/../../../../arm-none-eabi/lib/thumb/v7e-m+fp/softfp/libc.a(lib_a-mprec.o)
                0x00000000100094dc                __multiply
 .text.__pow5mult
                0x0000000010009638       0xc0 /Users/gio/MaximSDK/Tools/GNUTools/10.3/bin/../lib/gcc/arm-none-eabi/10.3.1/../../../../arm-none-eabi/lib/thumb/v7e-m+fp/softfp/libc.a(lib_a-mprec.o)
                0x0000000010009638                __pow5mult
 .text.__lshift
                0x00000000100096f8       0xf0 /Users/gio/MaximSDK/Tools/GNUTools/10.3/bin/../lib/gcc/arm-none-eabi/10.3.1/../../../../arm-none-eabi/lib/thumb/v7e-m+fp/softfp/libc.a(lib_a-mprec.o)
                0x00000000100096f8                __lshift
 .text.__mcmp   0x00000000100097e8       0x44 /Users/gio/MaximSDK/Tools/GNUTools/10.3/bin/../lib/gcc/arm-none-eabi/10.3.1/../../../../arm-none-eabi/lib/thumb/v7e-m+fp/softfp/libc.a(lib_a-mprec.o)
                0x00000000100097e8                __mcmp
 .text.__mdiff  0x000000001000982c      0x14c /Users/gio/MaximSDK/Tools/GNUTools/10.3/bin/../lib/gcc/arm-none-eabi/10.3.1/../../../../arm-none-eabi/lib/thumb/v7e-m+fp/softfp/libc.a(lib_a-mprec.o)
                0x000000001000982c                __mdiff
 .text.__d2b    0x0000000010009978       0xc4 /Users/gio/MaximSDK/Tools/GNUTools/10.3/bin/../lib/gcc/arm-none-eabi/10.3.1/../../../../arm-none-eabi/lib/thumb/v7e-m+fp/softfp/libc.a(lib_a-mprec.o)
                0x0000000010009978                __d2b
 .text._realloc_r
                0x0000000010009a3c      0x3d8 /Users/gio/MaximSDK/Tools/GNUTools/10.3/bin/../lib/gcc/arm-none-eabi/10.3.1/../../../../arm-none-eabi/lib/thumb/v7e-m+fp/softfp/libc.a(lib_a-reallocr.o)
                0x0000000010009a3c                _realloc_r
 .text.frexp    0x0000000010009e14       0x70 /Users/gio/MaximSDK/Tools/GNUTools/10.3/bin/../lib/gcc/arm-none-eabi/10.3.1/../../../../arm-none-eabi/lib/thumb/v7e-m+fp/softfp/libc.a(lib_a-s_frexp.o)
                0x0000000010009e14                frexp
 .text.__sread  0x0000000010009e84       0x24 /Users/gio/MaximSDK/Tools/GNUTools/10.3/bin/../lib/gcc/arm-none-eabi/10.3.1/../../../../arm-none-eabi/lib/thumb/v7e-m+fp/softfp/libc.a(lib_a-stdio.o)
                0x0000000010009e84                __sread
 .text.__swrite
                0x0000000010009ea8       0x40 /Users/gio/MaximSDK/Tools/GNUTools/10.3/bin/../lib/gcc/arm-none-eabi/10.3.1/../../../../arm-none-eabi/lib/thumb/v7e-m+fp/softfp/libc.a(lib_a-stdio.o)
                0x0000000010009ea8                __swrite
 .text.__sseek  0x0000000010009ee8       0x20 /Users/gio/MaximSDK/Tools/GNUTools/10.3/bin/../lib/gcc/arm-none-eabi/10.3.1/../../../../arm-none-eabi/lib/thumb/v7e-m+fp/softfp/libc.a(lib_a-stdio.o)
                0x0000000010009ee8                __sseek
 .text.__sclose
                0x0000000010009f08        0x8 /Users/gio/MaximSDK/Tools/GNUTools/10.3/bin/../lib/gcc/arm-none-eabi/10.3.1/../../../../arm-none-eabi/lib/thumb/v7e-m+fp/softfp/libc.a(lib_a-stdio.o)
                0x0000000010009f08                __sclose
 .text.strncpy  0x0000000010009f10       0x64 /Users/gio/MaximSDK/Tools/GNUTools/10.3/bin/../lib/gcc/arm-none-eabi/10.3.1/../../../../arm-none-eabi/lib/thumb/v7e-m+fp/softfp/libc.a(lib_a-strncpy.o)
                0x0000000010009f10                strncpy
 .text.__sprint_r.part.0
                0x0000000010009f74       0x78 /Users/gio/MaximSDK/Tools/GNUTools/10.3/bin/../lib/gcc/arm-none-eabi/10.3.1/../../../../arm-none-eabi/lib/thumb/v7e-m+fp/softfp/libc.a(lib_a-vfiprintf.o)
 .text.__sprint_r
                0x0000000010009fec       0x18 /Users/gio/MaximSDK/Tools/GNUTools/10.3/bin/../lib/gcc/arm-none-eabi/10.3.1/../../../../arm-none-eabi/lib/thumb/v7e-m+fp/softfp/libc.a(lib_a-vfiprintf.o)
                0x0000000010009fec                __sprint_r
 .text._vfiprintf_r
                0x000000001000a004      0xdfc /Users/gio/MaximSDK/Tools/GNUTools/10.3/bin/../lib/gcc/arm-none-eabi/10.3.1/../../../../arm-none-eabi/lib/thumb/v7e-m+fp/softfp/libc.a(lib_a-vfiprintf.o)
                0x000000001000a004                _vfiprintf_r
 .text.__sbprintf
                0x000000001000ae00       0x80 /Users/gio/MaximSDK/Tools/GNUTools/10.3/bin/../lib/gcc/arm-none-eabi/10.3.1/../../../../arm-none-eabi/lib/thumb/v7e-m+fp/softfp/libc.a(lib_a-vfiprintf.o)
 .text._write_r
                0x000000001000ae80       0x2c /Users/gio/MaximSDK/Tools/GNUTools/10.3/bin/../lib/gcc/arm-none-eabi/10.3.1/../../../../arm-none-eabi/lib/thumb/v7e-m+fp/softfp/libc.a(lib_a-writer.o)
                0x000000001000ae80                _write_r
 .text.__register_exitproc
                0x000000001000aeac       0x8c /Users/gio/MaximSDK/Tools/GNUTools/10.3/bin/../lib/gcc/arm-none-eabi/10.3.1/../../../../arm-none-eabi/lib/thumb/v7e-m+fp/softfp/libc.a(lib_a-__atexit.o)
                0x000000001000aeac                __register_exitproc
 .text.__assert_func
                0x000000001000af38       0x40 /Users/gio/MaximSDK/Tools/GNUTools/10.3/bin/../lib/gcc/arm-none-eabi/10.3.1/../../../../arm-none-eabi/lib/thumb/v7e-m+fp/softfp/libc.a(lib_a-assert.o)
                0x000000001000af38                __assert_func
 .text._calloc_r
                0x000000001000af78       0x78 /Users/gio/MaximSDK/Tools/GNUTools/10.3/bin/../lib/gcc/arm-none-eabi/10.3.1/../../../../arm-none-eabi/lib/thumb/v7e-m+fp/softfp/libc.a(lib_a-callocr.o)
                0x000000001000af78                _calloc_r
 .text._close_r
                0x000000001000aff0       0x24 /Users/gio/MaximSDK/Tools/GNUTools/10.3/bin/../lib/gcc/arm-none-eabi/10.3.1/../../../../arm-none-eabi/lib/thumb/v7e-m+fp/softfp/libc.a(lib_a-closer.o)
                0x000000001000aff0                _close_r
 .text._fclose_r
                0x000000001000b014       0xcc /Users/gio/MaximSDK/Tools/GNUTools/10.3/bin/../lib/gcc/arm-none-eabi/10.3.1/../../../../arm-none-eabi/lib/thumb/v7e-m+fp/softfp/libc.a(lib_a-fclose.o)
                0x000000001000b014                _fclose_r
 .text.fiprintf
                0x000000001000b0e0       0x28 /Users/gio/MaximSDK/Tools/GNUTools/10.3/bin/../lib/gcc/arm-none-eabi/10.3.1/../../../../arm-none-eabi/lib/thumb/v7e-m+fp/softfp/libc.a(lib_a-fiprintf.o)
                0x000000001000b0e0                fiprintf
 .text.__fputwc
                0x000000001000b108       0xa8 /Users/gio/MaximSDK/Tools/GNUTools/10.3/bin/../lib/gcc/arm-none-eabi/10.3.1/../../../../arm-none-eabi/lib/thumb/v7e-m+fp/softfp/libc.a(lib_a-fputwc.o)
                0x000000001000b108                __fputwc
 .text._fputwc_r
                0x000000001000b1b0       0x68 /Users/gio/MaximSDK/Tools/GNUTools/10.3/bin/../lib/gcc/arm-none-eabi/10.3.1/../../../../arm-none-eabi/lib/thumb/v7e-m+fp/softfp/libc.a(lib_a-fputwc.o)
                0x000000001000b1b0                _fputwc_r
 .text._fstat_r
                0x000000001000b218       0x2c /Users/gio/MaximSDK/Tools/GNUTools/10.3/bin/../lib/gcc/arm-none-eabi/10.3.1/../../../../arm-none-eabi/lib/thumb/v7e-m+fp/softfp/libc.a(lib_a-fstatr.o)
                0x000000001000b218                _fstat_r
 .text._isatty_r
                0x000000001000b244       0x24 /Users/gio/MaximSDK/Tools/GNUTools/10.3/bin/../lib/gcc/arm-none-eabi/10.3.1/../../../../arm-none-eabi/lib/thumb/v7e-m+fp/softfp/libc.a(lib_a-isattyr.o)
                0x000000001000b244                _isatty_r
 .text.__locale_mb_cur_max
                0x000000001000b268        0xc /Users/gio/MaximSDK/Tools/GNUTools/10.3/bin/../lib/gcc/arm-none-eabi/10.3.1/../../../../arm-none-eabi/lib/thumb/v7e-m+fp/softfp/libc.a(lib_a-locale.o)
                0x000000001000b268                __locale_mb_cur_max
 .text._lseek_r
                0x000000001000b274       0x2c /Users/gio/MaximSDK/Tools/GNUTools/10.3/bin/../lib/gcc/arm-none-eabi/10.3.1/../../../../arm-none-eabi/lib/thumb/v7e-m+fp/softfp/libc.a(lib_a-lseekr.o)
                0x000000001000b274                _lseek_r
 .text.__ascii_mbtowc
                0x000000001000b2a0       0x2c /Users/gio/MaximSDK/Tools/GNUTools/10.3/bin/../lib/gcc/arm-none-eabi/10.3.1/../../../../arm-none-eabi/lib/thumb/v7e-m+fp/softfp/libc.a(lib_a-mbtowc_r.o)
                0x000000001000b2a0                __ascii_mbtowc
 .text._read_r  0x000000001000b2cc       0x2c /Users/gio/MaximSDK/Tools/GNUTools/10.3/bin/../lib/gcc/arm-none-eabi/10.3.1/../../../../arm-none-eabi/lib/thumb/v7e-m+fp/softfp/libc.a(lib_a-readr.o)
                0x000000001000b2cc                _read_r
 .text.__swbuf_r
                0x000000001000b2f8       0xb0 /Users/gio/MaximSDK/Tools/GNUTools/10.3/bin/../lib/gcc/arm-none-eabi/10.3.1/../../../../arm-none-eabi/lib/thumb/v7e-m+fp/softfp/libc.a(lib_a-wbuf.o)
                0x000000001000b2f8                __swbuf_r
 .text._wcrtomb_r
                0x000000001000b3a8       0x3c /Users/gio/MaximSDK/Tools/GNUTools/10.3/bin/../lib/gcc/arm-none-eabi/10.3.1/../../../../arm-none-eabi/lib/thumb/v7e-m+fp/softfp/libc.a(lib_a-wcrtomb.o)
                0x000000001000b3a8                _wcrtomb_r
 .text.__ascii_wctomb
                0x000000001000b3e4       0x1c /Users/gio/MaximSDK/Tools/GNUTools/10.3/bin/../lib/gcc/arm-none-eabi/10.3.1/../../../../arm-none-eabi/lib/thumb/v7e-m+fp/softfp/libc.a(lib_a-wctomb_r.o)
                0x000000001000b3e4                __ascii_wctomb
 .text.abort    0x000000001000b400       0x10 /Users/gio/MaximSDK/Tools/GNUTools/10.3/bin/../lib/gcc/arm-none-eabi/10.3.1/../../../../arm-none-eabi/lib/thumb/v7e-m+fp/softfp/libc.a(lib_a-abort.o)
                0x000000001000b400                abort
 .text.raise    0x000000001000b410       0x5c /Users/gio/MaximSDK/Tools/GNUTools/10.3/bin/../lib/gcc/arm-none-eabi/10.3.1/../../../../arm-none-eabi/lib/thumb/v7e-m+fp/softfp/libc.a(lib_a-signal.o)
                0x000000001000b410                raise
 .text._kill_r  0x000000001000b46c       0x2c /Users/gio/MaximSDK/Tools/GNUTools/10.3/bin/../lib/gcc/arm-none-eabi/10.3.1/../../../../arm-none-eabi/lib/thumb/v7e-m+fp/softfp/libc.a(lib_a-signalr.o)
                0x000000001000b46c                _kill_r
 .text._getpid_r
                0x000000001000b498        0x4 /Users/gio/MaximSDK/Tools/GNUTools/10.3/bin/../lib/gcc/arm-none-eabi/10.3.1/../../../../arm-none-eabi/lib/thumb/v7e-m+fp/softfp/libc.a(lib_a-signalr.o)
                0x000000001000b498                _getpid_r
 .text.round    0x000000001000b49c       0x9c /Users/gio/MaximSDK/Tools/GNUTools/10.3/bin/../lib/gcc/arm-none-eabi/10.3.1/../../../../arm-none-eabi/lib/thumb/v7e-m+fp/softfp/libm.a(lib_a-s_round.o)
                0x000000001000b49c                round
 .text._getpid  0x000000001000b538       0x10 /Users/gio/MaximSDK/Tools/GNUTools/10.3/bin/../lib/gcc/arm-none-eabi/10.3.1/../../../../arm-none-eabi/lib/thumb/v7e-m+fp/softfp/libnosys.a(getpid.o)
                0x000000001000b538                _getpid
 .text._kill    0x000000001000b548       0x10 /Users/gio/MaximSDK/Tools/GNUTools/10.3/bin/../lib/gcc/arm-none-eabi/10.3.1/../../../../arm-none-eabi/lib/thumb/v7e-m+fp/softfp/libnosys.a(kill.o)
                0x000000001000b548                _kill
 .text._exit    0x000000001000b558        0x4 /Users/gio/MaximSDK/Tools/GNUTools/10.3/bin/../lib/gcc/arm-none-eabi/10.3.1/../../../../arm-none-eabi/lib/thumb/v7e-m+fp/softfp/libnosys.a(_exit.o)
                0x000000001000b558                _exit
 .text          0x000000001000b55c      0x378 /Users/gio/MaximSDK/Tools/GNUTools/10.3/bin/../lib/gcc/arm-none-eabi/10.3.1/thumb/v7e-m+fp/softfp/libgcc.a(_arm_addsubdf3.o)
                0x000000001000b55c                __aeabi_drsub
                0x000000001000b564                __subdf3
                0x000000001000b564                __aeabi_dsub
                0x000000001000b568                __aeabi_dadd
                0x000000001000b568                __adddf3
                0x000000001000b7e0                __aeabi_ui2d
                0x000000001000b7e0                __floatunsidf
                0x000000001000b800                __floatsidf
                0x000000001000b800                __aeabi_i2d
                0x000000001000b824                __extendsfdf2
                0x000000001000b824                __aeabi_f2d
                0x000000001000b868                __aeabi_ul2d
                0x000000001000b868                __floatundidf
                0x000000001000b878                __aeabi_l2d
                0x000000001000b878                __floatdidf
 .text          0x000000001000b8d4      0x424 /Users/gio/MaximSDK/Tools/GNUTools/10.3/bin/../lib/gcc/arm-none-eabi/10.3.1/thumb/v7e-m+fp/softfp/libgcc.a(_arm_muldivdf3.o)
                0x000000001000b8d4                __aeabi_dmul
                0x000000001000b8d4                __muldf3
                0x000000001000bb28                __aeabi_ddiv
                0x000000001000bb28                __divdf3
 .text          0x000000001000bcf8      0x110 /Users/gio/MaximSDK/Tools/GNUTools/10.3/bin/../lib/gcc/arm-none-eabi/10.3.1/thumb/v7e-m+fp/softfp/libgcc.a(_arm_cmpdf2.o)
                0x000000001000bcf8                __gedf2
                0x000000001000bcf8                __gtdf2
                0x000000001000bd00                __ledf2
                0x000000001000bd00                __ltdf2
                0x000000001000bd08                __cmpdf2
                0x000000001000bd08                __eqdf2
                0x000000001000bd08                __nedf2
                0x000000001000bd84                __aeabi_cdrcmple
                0x000000001000bd94                __aeabi_cdcmple
                0x000000001000bd94                __aeabi_cdcmpeq
                0x000000001000bda4                __aeabi_dcmpeq
                0x000000001000bdb8                __aeabi_dcmplt
                0x000000001000bdcc                __aeabi_dcmple
                0x000000001000bde0                __aeabi_dcmpge
                0x000000001000bdf4                __aeabi_dcmpgt
 .text          0x000000001000be08       0x2c /Users/gio/MaximSDK/Tools/GNUTools/10.3/bin/../lib/gcc/arm-none-eabi/10.3.1/thumb/v7e-m+fp/softfp/libgcc.a(_arm_unorddf2.o)
                0x000000001000be08                __aeabi_dcmpun
                0x000000001000be08                __unorddf2
 .text          0x000000001000be34       0x50 /Users/gio/MaximSDK/Tools/GNUTools/10.3/bin/../lib/gcc/arm-none-eabi/10.3.1/thumb/v7e-m+fp/softfp/libgcc.a(_arm_fixdfsi.o)
                0x000000001000be34                __fixdfsi
                0x000000001000be34                __aeabi_d2iz
 .text          0x000000001000be84       0xa0 /Users/gio/MaximSDK/Tools/GNUTools/10.3/bin/../lib/gcc/arm-none-eabi/10.3.1/thumb/v7e-m+fp/softfp/libgcc.a(_aeabi_ldivmod.o)
                0x000000001000be84                __aeabi_ldivmod
 .text          0x000000001000bf24       0x30 /Users/gio/MaximSDK/Tools/GNUTools/10.3/bin/../lib/gcc/arm-none-eabi/10.3.1/thumb/v7e-m+fp/softfp/libgcc.a(_aeabi_uldivmod.o)
                0x000000001000bf24                __aeabi_uldivmod
 .text          0x000000001000bf54      0x2d0 /Users/gio/MaximSDK/Tools/GNUTools/10.3/bin/../lib/gcc/arm-none-eabi/10.3.1/thumb/v7e-m+fp/softfp/libgcc.a(_udivmoddi4.o)
                0x000000001000bf54                __udivmoddi4
 .text          0x000000001000c224        0x4 /Users/gio/MaximSDK/Tools/GNUTools/10.3/bin/../lib/gcc/arm-none-eabi/10.3.1/thumb/v7e-m+fp/softfp/libgcc.a(_dvmd_tls.o)
                0x000000001000c224                __aeabi_ldiv0
                0x000000001000c224                __aeabi_idiv0
 *(.rodata*)
 .rodata.print_inference_result.str1.4
                0x000000001000c228       0x1c /Users/gio/Continual-Learning-on-Max78000/build/main.o
 .rodata.main.str1.4
                0x000000001000c244      0x19f /Users/gio/Continual-Learning-on-Max78000/build/main.o
 *fill*         0x000000001000c3e3        0x1 
 .rodata.input_1
                0x000000001000c3e4      0x310 /Users/gio/Continual-Learning-on-Max78000/build/main.o
 .rodata.cnn_set_layer_count.str1.4
                0x000000001000c6f4       0x43 /Users/gio/Continual-Learning-on-Max78000/build/cnn.o
 *fill*         0x000000001000c737        0x1 
 .rodata.get_next_OS_layer.str1.4
                0x000000001000c738       0x2d /Users/gio/Continual-Learning-on-Max78000/build/cnn.o
 *fill*         0x000000001000c765        0x3 
 .rodata.mxc_assert.str1.4
                0x000000001000c768       0x19 /Users/gio/Continual-Learning-on-Max78000/build/board.o
 *fill*         0x000000001000c781        0x3 
 .rodata.Board_Init.str1.4
                0x000000001000c784       0x4d /Users/gio/Continual-Learning-on-Max78000/build/board.o
 *fill*         0x000000001000c7d1        0x3 
 .rodata.led_pin
                0x000000001000c7d4       0x24 /Users/gio/Continual-Learning-on-Max78000/build/board.o
                0x000000001000c7d4                led_pin
 .rodata.num_leds
                0x000000001000c7f8        0x4 /Users/gio/Continual-Learning-on-Max78000/build/board.o
                0x000000001000c7f8                num_leds
 .rodata.num_pbs
                0x000000001000c7fc        0x4 /Users/gio/Continual-Learning-on-Max78000/build/board.o
                0x000000001000c7fc                num_pbs
 .rodata.pb_pin
                0x000000001000c800       0x18 /Users/gio/Continual-Learning-on-Max78000/build/board.o
                0x000000001000c800                pb_pin
 .rodata.LED_On.str1.4
                0x000000001000c818       0x67 /Users/gio/Continual-Learning-on-Max78000/build/led.o
 *fill*         0x000000001000c87f        0x1 
 .rodata.gpio_cfg_tmr0
                0x000000001000c880        0xc /Users/gio/MaximSDK/Libraries/PeriphDrivers/bin/MAX78000/softfp/libPeriphDriver_softfp.a(pins_ai85.o)
                0x000000001000c880                gpio_cfg_tmr0
 .rodata.gpio_cfg_tmr0b
                0x000000001000c88c        0xc /Users/gio/MaximSDK/Libraries/PeriphDrivers/bin/MAX78000/softfp/libPeriphDriver_softfp.a(pins_ai85.o)
                0x000000001000c88c                gpio_cfg_tmr0b
 .rodata.gpio_cfg_tmr1
                0x000000001000c898        0xc /Users/gio/MaximSDK/Libraries/PeriphDrivers/bin/MAX78000/softfp/libPeriphDriver_softfp.a(pins_ai85.o)
                0x000000001000c898                gpio_cfg_tmr1
 .rodata.gpio_cfg_tmr1b
                0x000000001000c8a4        0xc /Users/gio/MaximSDK/Libraries/PeriphDrivers/bin/MAX78000/softfp/libPeriphDriver_softfp.a(pins_ai85.o)
                0x000000001000c8a4                gpio_cfg_tmr1b
 .rodata.gpio_cfg_tmr2
                0x000000001000c8b0        0xc /Users/gio/MaximSDK/Libraries/PeriphDrivers/bin/MAX78000/softfp/libPeriphDriver_softfp.a(pins_ai85.o)
                0x000000001000c8b0                gpio_cfg_tmr2
 .rodata.gpio_cfg_tmr2b
                0x000000001000c8bc        0xc /Users/gio/MaximSDK/Libraries/PeriphDrivers/bin/MAX78000/softfp/libPeriphDriver_softfp.a(pins_ai85.o)
                0x000000001000c8bc                gpio_cfg_tmr2b
 .rodata.gpio_cfg_tmr3
                0x000000001000c8c8        0xc /Users/gio/MaximSDK/Libraries/PeriphDrivers/bin/MAX78000/softfp/libPeriphDriver_softfp.a(pins_ai85.o)
                0x000000001000c8c8                gpio_cfg_tmr3
 .rodata.gpio_cfg_tmr3b
                0x000000001000c8d4        0xc /Users/gio/MaximSDK/Libraries/PeriphDrivers/bin/MAX78000/softfp/libPeriphDriver_softfp.a(pins_ai85.o)
                0x000000001000c8d4                gpio_cfg_tmr3b
 .rodata.gpio_cfg_tmr4
                0x000000001000c8e0        0xc /Users/gio/MaximSDK/Libraries/PeriphDrivers/bin/MAX78000/softfp/libPeriphDriver_softfp.a(pins_ai85.o)
                0x000000001000c8e0                gpio_cfg_tmr4
 .rodata.gpio_cfg_tmr5
                0x000000001000c8ec        0xc /Users/gio/MaximSDK/Libraries/PeriphDrivers/bin/MAX78000/softfp/libPeriphDriver_softfp.a(pins_ai85.o)
                0x000000001000c8ec                gpio_cfg_tmr5
 .rodata.gpio_cfg_uart0
                0x000000001000c8f8        0xc /Users/gio/MaximSDK/Libraries/PeriphDrivers/bin/MAX78000/softfp/libPeriphDriver_softfp.a(pins_ai85.o)
                0x000000001000c8f8                gpio_cfg_uart0
 .rodata.gpio_cfg_uart1
                0x000000001000c904        0xc /Users/gio/MaximSDK/Libraries/PeriphDrivers/bin/MAX78000/softfp/libPeriphDriver_softfp.a(pins_ai85.o)
                0x000000001000c904                gpio_cfg_uart1
 .rodata.gpio_cfg_uart2
                0x000000001000c910        0xc /Users/gio/MaximSDK/Libraries/PeriphDrivers/bin/MAX78000/softfp/libPeriphDriver_softfp.a(pins_ai85.o)
                0x000000001000c910                gpio_cfg_uart2
 .rodata.gpio_cfg_uart3
                0x000000001000c91c        0xc /Users/gio/MaximSDK/Libraries/PeriphDrivers/bin/MAX78000/softfp/libPeriphDriver_softfp.a(pins_ai85.o)
                0x000000001000c91c                gpio_cfg_uart3
 .rodata.MXC_TMR_Init.str1.4
                0x000000001000c928       0x58 /Users/gio/MaximSDK/Libraries/PeriphDrivers/bin/MAX78000/softfp/libPeriphDriver_softfp.a(tmr_ai85.o)
 .rodata.MXC_TMR_RevB_ConfigGeneric.str1.4
                0x000000001000c980       0x4b /Users/gio/MaximSDK/Libraries/PeriphDrivers/bin/MAX78000/softfp/libPeriphDriver_softfp.a(tmr_revb.o)
                                         0x58 (size before relaxing)
 *fill*         0x000000001000c9cb        0x1 
 .rodata.MXC_GPIO_Common_Handler.str1.4
                0x000000001000c9cc       0x6e /Users/gio/MaximSDK/Libraries/PeriphDrivers/bin/MAX78000/softfp/libPeriphDriver_softfp.a(gpio_common.o)
 *fill*         0x000000001000ca3a        0x2 
 .rodata._global_impure_ptr
                0x000000001000ca3c        0x4 /Users/gio/MaximSDK/Tools/GNUTools/10.3/bin/../lib/gcc/arm-none-eabi/10.3.1/../../../../arm-none-eabi/lib/thumb/v7e-m+fp/softfp/libc.a(lib_a-impure.o)
                0x000000001000ca3c                _global_impure_ptr
 .rodata._puts_r.str1.4
                0x000000001000ca40       0x6e /Users/gio/MaximSDK/Tools/GNUTools/10.3/bin/../lib/gcc/arm-none-eabi/10.3.1/../../../../arm-none-eabi/lib/thumb/v7e-m+fp/softfp/libc.a(lib_a-puts.o)
                                          0x2 (size before relaxing)
 .rodata._vfprintf_r.str1.4
                0x000000001000ca40       0x42 /Users/gio/MaximSDK/Tools/GNUTools/10.3/bin/../lib/gcc/arm-none-eabi/10.3.1/../../../../arm-none-eabi/lib/thumb/v7e-m+fp/softfp/libc.a(lib_a-vfprintf.o)
 *fill*         0x000000001000ca82        0x2 
 .rodata.blanks.1
                0x000000001000ca84       0x10 /Users/gio/MaximSDK/Tools/GNUTools/10.3/bin/../lib/gcc/arm-none-eabi/10.3.1/../../../../arm-none-eabi/lib/thumb/v7e-m+fp/softfp/libc.a(lib_a-vfprintf.o)
 .rodata.zeroes.0
                0x000000001000ca94       0x10 /Users/gio/MaximSDK/Tools/GNUTools/10.3/bin/../lib/gcc/arm-none-eabi/10.3.1/../../../../arm-none-eabi/lib/thumb/v7e-m+fp/softfp/libc.a(lib_a-vfprintf.o)
 .rodata._dtoa_r.str1.4
                0x000000001000caa4       0x7e /Users/gio/MaximSDK/Tools/GNUTools/10.3/bin/../lib/gcc/arm-none-eabi/10.3.1/../../../../arm-none-eabi/lib/thumb/v7e-m+fp/softfp/libc.a(lib_a-dtoa.o)
                                         0x82 (size before relaxing)
 *fill*         0x000000001000cb22        0x2 
 .rodata.__multadd.str1.4
                0x000000001000cb24       0x5b /Users/gio/MaximSDK/Tools/GNUTools/10.3/bin/../lib/gcc/arm-none-eabi/10.3.1/../../../../arm-none-eabi/lib/thumb/v7e-m+fp/softfp/libc.a(lib_a-mprec.o)
                                         0x6f (size before relaxing)
 *fill*         0x000000001000cb7f        0x1 
 .rodata.__mprec_bigtens
                0x000000001000cb80       0x28 /Users/gio/MaximSDK/Tools/GNUTools/10.3/bin/../lib/gcc/arm-none-eabi/10.3.1/../../../../arm-none-eabi/lib/thumb/v7e-m+fp/softfp/libc.a(lib_a-mprec.o)
                0x000000001000cb80                __mprec_bigtens
 .rodata.__mprec_tens
                0x000000001000cba8       0xc8 /Users/gio/MaximSDK/Tools/GNUTools/10.3/bin/../lib/gcc/arm-none-eabi/10.3.1/../../../../arm-none-eabi/lib/thumb/v7e-m+fp/softfp/libc.a(lib_a-mprec.o)
                0x000000001000cba8                __mprec_tens
 .rodata.p05.0  0x000000001000cc70        0xc /Users/gio/MaximSDK/Tools/GNUTools/10.3/bin/../lib/gcc/arm-none-eabi/10.3.1/../../../../arm-none-eabi/lib/thumb/v7e-m+fp/softfp/libc.a(lib_a-mprec.o)
 .rodata._vfiprintf_r.str1.4
                0x000000001000cc7c       0x2f /Users/gio/MaximSDK/Tools/GNUTools/10.3/bin/../lib/gcc/arm-none-eabi/10.3.1/../../../../arm-none-eabi/lib/thumb/v7e-m+fp/softfp/libc.a(lib_a-vfiprintf.o)
 .rodata.blanks.1
                0x000000001000cc7c       0x10 /Users/gio/MaximSDK/Tools/GNUTools/10.3/bin/../lib/gcc/arm-none-eabi/10.3.1/../../../../arm-none-eabi/lib/thumb/v7e-m+fp/softfp/libc.a(lib_a-vfiprintf.o)
 .rodata.zeroes.0
                0x000000001000cc8c       0x10 /Users/gio/MaximSDK/Tools/GNUTools/10.3/bin/../lib/gcc/arm-none-eabi/10.3.1/../../../../arm-none-eabi/lib/thumb/v7e-m+fp/softfp/libc.a(lib_a-vfiprintf.o)
 .rodata.__assert_func.str1.4
                0x000000001000cc9c       0x3f /Users/gio/MaximSDK/Tools/GNUTools/10.3/bin/../lib/gcc/arm-none-eabi/10.3.1/../../../../arm-none-eabi/lib/thumb/v7e-m+fp/softfp/libc.a(lib_a-assert.o)
                                         0x43 (size before relaxing)
 *fill*         0x000000001000ccdb        0x1 
 .rodata._setlocale_r.str1.4
                0x000000001000ccdc        0xa /Users/gio/MaximSDK/Tools/GNUTools/10.3/bin/../lib/gcc/arm-none-eabi/10.3.1/../../../../arm-none-eabi/lib/thumb/v7e-m+fp/softfp/libc.a(lib_a-locale.o)
                                          0xd (size before relaxing)
 *fill*         0x000000001000cce6        0x2 
 .rodata.str1.4
                0x000000001000cce8        0x2 /Users/gio/MaximSDK/Tools/GNUTools/10.3/bin/../lib/gcc/arm-none-eabi/10.3.1/../../../../arm-none-eabi/lib/thumb/v7e-m+fp/softfp/libc.a(lib_a-locale.o)
 *fill*         0x000000001000ccea        0x2 
 .rodata._ctype_
                0x000000001000ccec      0x101 /Users/gio/MaximSDK/Tools/GNUTools/10.3/bin/../lib/gcc/arm-none-eabi/10.3.1/../../../../arm-none-eabi/lib/thumb/v7e-m+fp/softfp/libc.a(lib_a-ctype_.o)
                0x000000001000ccec                _ctype_
 *(.init)
 *fill*         0x000000001000cded        0x3 
 .init          0x000000001000cdf0        0x4 /Users/gio/MaximSDK/Tools/GNUTools/10.3/bin/../lib/gcc/arm-none-eabi/10.3.1/thumb/v7e-m+fp/softfp/crti.o
                0x000000001000cdf0                _init
 .init          0x000000001000cdf4        0x8 /Users/gio/MaximSDK/Tools/GNUTools/10.3/bin/../lib/gcc/arm-none-eabi/10.3.1/thumb/v7e-m+fp/softfp/crtn.o
 *(.fini)
 .fini          0x000000001000cdfc        0x4 /Users/gio/MaximSDK/Tools/GNUTools/10.3/bin/../lib/gcc/arm-none-eabi/10.3.1/thumb/v7e-m+fp/softfp/crti.o
                0x000000001000cdfc                _fini
 .fini          0x000000001000ce00        0x8 /Users/gio/MaximSDK/Tools/GNUTools/10.3/bin/../lib/gcc/arm-none-eabi/10.3.1/thumb/v7e-m+fp/softfp/crtn.o
 *(.eh_frame*)
 .eh_frame      0x000000001000ce08        0x0 /Users/gio/MaximSDK/Tools/GNUTools/10.3/bin/../lib/gcc/arm-none-eabi/10.3.1/thumb/v7e-m+fp/softfp/crtbegin.o
 .eh_frame      0x000000001000ce08        0x4 /Users/gio/MaximSDK/Tools/GNUTools/10.3/bin/../lib/gcc/arm-none-eabi/10.3.1/thumb/v7e-m+fp/softfp/crtend.o
                0x000000001000ce0c                _etext = .

.glue_7         0x000000001000ce0c        0x0
 .glue_7        0x000000001000ce0c        0x0 linker stubs

.glue_7t        0x000000001000ce0c        0x0
 .glue_7t       0x000000001000ce0c        0x0 linker stubs

.vfp11_veneer   0x000000001000ce0c        0x0
 .vfp11_veneer  0x000000001000ce0c        0x0 linker stubs

.v4_bx          0x000000001000ce0c        0x0
 .v4_bx         0x000000001000ce0c        0x0 linker stubs

.iplt           0x000000001000ce0c        0x0
 .iplt          0x000000001000ce0c        0x0 /Users/gio/MaximSDK/Tools/GNUTools/10.3/bin/../lib/gcc/arm-none-eabi/10.3.1/thumb/v7e-m+fp/softfp/crtbegin.o

.bin_storage    0x000000001000ce0c        0x0
 FILL mask 0xff
                0x000000001000ce0c                _bin_start_ = .
 *(.bin_storage_img)
                0x000000001000ce0c                _bin_end_ = .
                0x000000001000ce0c                . = ALIGN (0x4)

.rom_code       0x0000000000000000        0x0
                0x0000000000000000                . = ALIGN (0x10)
                0x0000000020000000                _sran_code = .
 *(.rom_code_section)
                0x0000000020000000                _esran_code = .

.flash_code     0x000000001000ce0c        0x4
                0x000000001000ce10                . = ALIGN (0x10)
 *fill*         0x000000001000ce0c        0x4 
                0x0000000020000000                _sran_code = .
 *(.flash_code_section)
                0x0000000020000000                _esran_code = .

.sram_code      0x0000000020000000        0x0
                0x0000000020000000                . = ALIGN (0x10)
                0x0000000020000000                _sran_code = .
 *(.sram_code_section)
                0x0000000020000000                _esran_code = .

.ARM.exidx      0x000000001000ce10        0x8
                0x000000001000ce10                __exidx_start = .
 *(.ARM.exidx*)
 .ARM.exidx     0x000000001000ce10        0x8 /Users/gio/MaximSDK/Tools/GNUTools/10.3/bin/../lib/gcc/arm-none-eabi/10.3.1/thumb/v7e-m+fp/softfp/libgcc.a(_udivmoddi4.o)
                0x000000001000ce18                __exidx_end = .

.rel.dyn        0x000000001000ce18        0x0
 .rel.iplt      0x000000001000ce18        0x0 /Users/gio/MaximSDK/Tools/GNUTools/10.3/bin/../lib/gcc/arm-none-eabi/10.3.1/thumb/v7e-m+fp/softfp/crtbegin.o

.data           0x0000000020000000    0x19fb4 load address 0x000000001000ce18
                0x0000000020000000                _data = ALIGN (., 0x4)
 *(.data*)
 .data.learning_rate
                0x0000000020000000        0x4 /Users/gio/Continual-Learning-on-Max78000/build/main.o
                0x0000000020000000                learning_rate
 .data.sample_inputs_all
                0x0000000020000004     0x7d90 /Users/gio/Continual-Learning-on-Max78000/build/main.o
                0x0000000020000004                sample_inputs_all
 .data.true_output
                0x0000000020007d94       0x28 /Users/gio/Continual-Learning-on-Max78000/build/main.o
                0x0000000020007d94                true_output
 .data.bias     0x0000000020007dbc        0xa /Users/gio/Continual-Learning-on-Max78000/build/weights.o
                0x0000000020007dbc                bias
 *fill*         0x0000000020007dc6        0x2 
 .data.kernels_miei
                0x0000000020007dc8    0x11828 /Users/gio/Continual-Learning-on-Max78000/build/weights.o
                0x0000000020007dc8                kernels_miei
 .data.ConsoleUart
                0x00000000200195f0        0x4 /Users/gio/Continual-Learning-on-Max78000/build/board.o
                0x00000000200195f0                ConsoleUart
 .data.overflows
                0x00000000200195f4        0x4 /Users/gio/MaximSDK/Libraries/PeriphDrivers/bin/MAX78000/softfp/libPeriphDriver_softfp.a(mxc_delay.o)
 .data._impure_ptr
                0x00000000200195f8        0x4 /Users/gio/MaximSDK/Tools/GNUTools/10.3/bin/../lib/gcc/arm-none-eabi/10.3.1/../../../../arm-none-eabi/lib/thumb/v7e-m+fp/softfp/libc.a(lib_a-impure.o)
                0x00000000200195f8                _impure_ptr
 *fill*         0x00000000200195fc        0x4 
 .data.impure_data
                0x0000000020019600      0x428 /Users/gio/MaximSDK/Tools/GNUTools/10.3/bin/../lib/gcc/arm-none-eabi/10.3.1/../../../../arm-none-eabi/lib/thumb/v7e-m+fp/softfp/libc.a(lib_a-impure.o)
 .data.__malloc_av_
                0x0000000020019a28      0x408 /Users/gio/MaximSDK/Tools/GNUTools/10.3/bin/../lib/gcc/arm-none-eabi/10.3.1/../../../../arm-none-eabi/lib/thumb/v7e-m+fp/softfp/libc.a(lib_a-mallocr.o)
                0x0000000020019a28                __malloc_av_
 .data.__malloc_sbrk_base
                0x0000000020019e30        0x4 /Users/gio/MaximSDK/Tools/GNUTools/10.3/bin/../lib/gcc/arm-none-eabi/10.3.1/../../../../arm-none-eabi/lib/thumb/v7e-m+fp/softfp/libc.a(lib_a-mallocr.o)
                0x0000000020019e30                __malloc_sbrk_base
 .data.__malloc_trim_threshold
                0x0000000020019e34        0x4 /Users/gio/MaximSDK/Tools/GNUTools/10.3/bin/../lib/gcc/arm-none-eabi/10.3.1/../../../../arm-none-eabi/lib/thumb/v7e-m+fp/softfp/libc.a(lib_a-mallocr.o)
                0x0000000020019e34                __malloc_trim_threshold
 .data.__atexit_recursive_mutex
                0x0000000020019e38        0x4 /Users/gio/MaximSDK/Tools/GNUTools/10.3/bin/../lib/gcc/arm-none-eabi/10.3.1/../../../../arm-none-eabi/lib/thumb/v7e-m+fp/softfp/libc.a(lib_a-__call_atexit.o)
                0x0000000020019e38                __atexit_recursive_mutex
 .data.__global_locale
                0x0000000020019e3c      0x16c /Users/gio/MaximSDK/Tools/GNUTools/10.3/bin/../lib/gcc/arm-none-eabi/10.3.1/../../../../arm-none-eabi/lib/thumb/v7e-m+fp/softfp/libc.a(lib_a-locale.o)
                0x0000000020019e3c                __global_locale
 *(.flashprog*)
                0x0000000020019fa8                . = ALIGN (0x4)
                0x0000000020019fa8                PROVIDE (__preinit_array_start = .)
 *(.preinit_array)
                0x0000000020019fa8                PROVIDE (__preinit_array_end = .)
                0x0000000020019fa8                . = ALIGN (0x4)
                0x0000000020019fa8                PROVIDE (__init_array_start = .)
 *(SORT_BY_NAME(.init_array.*))
 .init_array.00000
                0x0000000020019fa8        0x4 /Users/gio/MaximSDK/Tools/GNUTools/10.3/bin/../lib/gcc/arm-none-eabi/10.3.1/../../../../arm-none-eabi/lib/thumb/v7e-m+fp/softfp/libc.a(lib_a-__call_atexit.o)
 *(.init_array)
 .init_array    0x0000000020019fac        0x4 /Users/gio/MaximSDK/Tools/GNUTools/10.3/bin/../lib/gcc/arm-none-eabi/10.3.1/thumb/v7e-m+fp/softfp/crtbegin.o
                0x0000000020019fb0                PROVIDE (__init_array_end = .)
                0x0000000020019fb0                . = ALIGN (0x4)
                0x0000000020019fb0                PROVIDE (__fini_array_start = .)
 *(SORT_BY_NAME(.fini_array.*))
 *(.fini_array)
 .fini_array    0x0000000020019fb0        0x4 /Users/gio/MaximSDK/Tools/GNUTools/10.3/bin/../lib/gcc/arm-none-eabi/10.3.1/thumb/v7e-m+fp/softfp/crtbegin.o
                0x0000000020019fb4                PROVIDE (__fini_array_end = .)
                0x0000000020019fb4                _edata = ALIGN (., 0x4)
                0x000000001000ce18                __load_data = LOADADDR (.data)

.igot.plt       0x0000000020019fb4        0x0 load address 0x0000000010026dcc
 .igot.plt      0x0000000020019fb4        0x0 /Users/gio/MaximSDK/Tools/GNUTools/10.3/bin/../lib/gcc/arm-none-eabi/10.3.1/thumb/v7e-m+fp/softfp/crtbegin.o

.bss            0x000000002001a000     0x4c2c load address 0x0000000010026dcc
                0x000000002001a000                . = ALIGN (0x4)
                0x000000002001a000                _bss = .
 *(.bss*)
 .bss           0x000000002001a000       0x1c /Users/gio/MaximSDK/Tools/GNUTools/10.3/bin/../lib/gcc/arm-none-eabi/10.3.1/thumb/v7e-m+fp/softfp/crtbegin.o
 .bss.cnn_time  0x000000002001a01c        0x4 /Users/gio/Continual-Learning-on-Max78000/build/main.o
                0x000000002001a01c                cnn_time
 .bss.cost      0x000000002001a020       0x28 /Users/gio/Continual-Learning-on-Max78000/build/main.o
 .bss.dW        0x000000002001a048     0x1e00 /Users/gio/Continual-Learning-on-Max78000/build/main.o
 .bss.deltaW    0x000000002001be48        0x4 /Users/gio/Continual-Learning-on-Max78000/build/main.o
                0x000000002001be48                deltaW
 .bss.input     0x000000002001be4c        0x4 /Users/gio/Continual-Learning-on-Max78000/build/main.o
                0x000000002001be4c                input
 .bss.ml_data   0x000000002001be50       0x28 /Users/gio/Continual-Learning-on-Max78000/build/main.o
 .bss.ml_data_frozen
                0x000000002001be78       0xc0 /Users/gio/Continual-Learning-on-Max78000/build/main.o
 .bss.ml_softmax
                0x000000002001bf38       0x14 /Users/gio/Continual-Learning-on-Max78000/build/main.o
 .bss.output_L0
                0x000000002001bf4c       0xc0 /Users/gio/Continual-Learning-on-Max78000/build/main.o
 .bss.prediction
                0x000000002001c00c     0x1e00 /Users/gio/Continual-Learning-on-Max78000/build/main.o
 .bss.step      0x000000002001de0c        0x4 /Users/gio/Continual-Learning-on-Max78000/build/main.o
                0x000000002001de0c                step
 .bss.timestamp
                0x000000002001de10        0x4 /Users/gio/Continual-Learning-on-Max78000/build/main.o
                0x000000002001de10                timestamp
 .bss.weights   0x000000002001de14      0x780 /Users/gio/Continual-Learning-on-Max78000/build/main.o
                0x000000002001de14                weights
 .bss.OS_layers
                0x000000002001e594        0x4 /Users/gio/Continual-Learning-on-Max78000/build/cnn.o
                0x000000002001e594                OS_layers
 .bss.append    0x000000002001e598       0x20 /Users/gio/Continual-Learning-on-Max78000/build/backpropagation.o
                0x000000002001e598                append
 .bss.counter   0x000000002001e5b8        0x4 /Users/gio/Continual-Learning-on-Max78000/build/backpropagation.o
                0x000000002001e5b8                counter
 .bss.spot      0x000000002001e5bc        0x4 /Users/gio/Continual-Learning-on-Max78000/build/backpropagation.o
 .bss.update_place
                0x000000002001e5c0        0x4 /Users/gio/Continual-Learning-on-Max78000/build/backpropagation.o
 .bss.heap_end  0x000000002001e5c4        0x4 /Users/gio/Continual-Learning-on-Max78000/build/heap.o
 .bss.cbFunc    0x000000002001e5c8        0x4 /Users/gio/MaximSDK/Libraries/PeriphDrivers/bin/MAX78000/softfp/libPeriphDriver_softfp.a(mxc_delay.o)
 .bss.ctrl_save
                0x000000002001e5cc        0x4 /Users/gio/MaximSDK/Libraries/PeriphDrivers/bin/MAX78000/softfp/libPeriphDriver_softfp.a(mxc_delay.o)
 .bss.endtick   0x000000002001e5d0        0x4 /Users/gio/MaximSDK/Libraries/PeriphDrivers/bin/MAX78000/softfp/libPeriphDriver_softfp.a(mxc_delay.o)
 *fill*         0x000000002001e5d4       0x2c 
 .bss.ramVectorTable
                0x000000002001e600      0x1e0 /Users/gio/MaximSDK/Libraries/PeriphDrivers/bin/MAX78000/softfp/libPeriphDriver_softfp.a(nvic_table.o)
 .bss.callback  0x000000002001e7e0      0x200 /Users/gio/MaximSDK/Libraries/PeriphDrivers/bin/MAX78000/softfp/libPeriphDriver_softfp.a(gpio_common.o)
 .bss.cbparam   0x000000002001e9e0      0x200 /Users/gio/MaximSDK/Libraries/PeriphDrivers/bin/MAX78000/softfp/libPeriphDriver_softfp.a(gpio_common.o)
 .bss.initialized
                0x000000002001ebe0        0x1 /Users/gio/MaximSDK/Libraries/PeriphDrivers/bin/MAX78000/softfp/libPeriphDriver_softfp.a(gpio_common.o)
 *fill*         0x000000002001ebe1        0x3 
 .bss.__malloc_current_mallinfo
                0x000000002001ebe4       0x28 /Users/gio/MaximSDK/Tools/GNUTools/10.3/bin/../lib/gcc/arm-none-eabi/10.3.1/../../../../arm-none-eabi/lib/thumb/v7e-m+fp/softfp/libc.a(lib_a-mallocr.o)
                0x000000002001ebe4                __malloc_current_mallinfo
 .bss.__malloc_max_sbrked_mem
                0x000000002001ec0c        0x4 /Users/gio/MaximSDK/Tools/GNUTools/10.3/bin/../lib/gcc/arm-none-eabi/10.3.1/../../../../arm-none-eabi/lib/thumb/v7e-m+fp/softfp/libc.a(lib_a-mallocr.o)
                0x000000002001ec0c                __malloc_max_sbrked_mem
 .bss.__malloc_max_total_mem
                0x000000002001ec10        0x4 /Users/gio/MaximSDK/Tools/GNUTools/10.3/bin/../lib/gcc/arm-none-eabi/10.3.1/../../../../arm-none-eabi/lib/thumb/v7e-m+fp/softfp/libc.a(lib_a-mallocr.o)
                0x000000002001ec10                __malloc_max_total_mem
 .bss.__malloc_top_pad
                0x000000002001ec14        0x4 /Users/gio/MaximSDK/Tools/GNUTools/10.3/bin/../lib/gcc/arm-none-eabi/10.3.1/../../../../arm-none-eabi/lib/thumb/v7e-m+fp/softfp/libc.a(lib_a-mallocr.o)
                0x000000002001ec14                __malloc_top_pad
 .bss.__lock___atexit_recursive_mutex
                0x000000002001ec18        0x1 /Users/gio/MaximSDK/Tools/GNUTools/10.3/bin/../lib/gcc/arm-none-eabi/10.3.1/../../../../arm-none-eabi/lib/thumb/v7e-m+fp/softfp/libc.a(lib_a-lock.o)
                0x000000002001ec18                __lock___atexit_recursive_mutex
 *fill*         0x000000002001ec19        0x3 
 .bss.__lock___malloc_recursive_mutex
                0x000000002001ec1c        0x1 /Users/gio/MaximSDK/Tools/GNUTools/10.3/bin/../lib/gcc/arm-none-eabi/10.3.1/../../../../arm-none-eabi/lib/thumb/v7e-m+fp/softfp/libc.a(lib_a-lock.o)
                0x000000002001ec1c                __lock___malloc_recursive_mutex
 *fill*         0x000000002001ec1d        0x3 
 .bss.__lock___sfp_recursive_mutex
                0x000000002001ec20        0x1 /Users/gio/MaximSDK/Tools/GNUTools/10.3/bin/../lib/gcc/arm-none-eabi/10.3.1/../../../../arm-none-eabi/lib/thumb/v7e-m+fp/softfp/libc.a(lib_a-lock.o)
                0x000000002001ec20                __lock___sfp_recursive_mutex
 *fill*         0x000000002001ec21        0x3 
 .bss.__lock___sinit_recursive_mutex
                0x000000002001ec24        0x1 /Users/gio/MaximSDK/Tools/GNUTools/10.3/bin/../lib/gcc/arm-none-eabi/10.3.1/../../../../arm-none-eabi/lib/thumb/v7e-m+fp/softfp/libc.a(lib_a-lock.o)
                0x000000002001ec24                __lock___sinit_recursive_mutex
 *fill*         0x000000002001ec25        0x3 
 .bss.errno     0x000000002001ec28        0x4 /Users/gio/MaximSDK/Tools/GNUTools/10.3/bin/../lib/gcc/arm-none-eabi/10.3.1/../../../../arm-none-eabi/lib/thumb/v7e-m+fp/softfp/libc.a(lib_a-reent.o)
                0x000000002001ec28                errno
 *(COMMON)
                0x000000002001ec2c                _ebss = ALIGN (., 0x4)

.shared         0x000000002001ec2c        0x4 load address 0x0000000010026dcc
                0x000000002001ec2c                . = ALIGN (0x4)
                0x000000002001ec2c                _shared = .
 *(.mailbox*)
                0x000000002001ec2c                . = ALIGN (0x4)
 *(.shared*)
 .shared        0x000000002001ec2c        0x4 /Users/gio/Continual-Learning-on-Max78000/build/system_max78000.o
                0x000000002001ec2c                SystemCoreClock
                0x000000002001ec30                _eshared = ALIGN (., 0x4)
                0x0000000010026dcc                __shared_data = LOADADDR (.shared)
                0x0000000020020000                __StackTop = (ORIGIN (SRAM) + LENGTH (SRAM))
                0x000000002001f000                __StackLimit = (__StackTop - SIZEOF (.stack_dummy))

.stack_dummy    0x000000002001ec30     0x1000 load address 0x0000000010026dd0
 *(.stack*)
 .stack         0x000000002001ec30     0x1000 /Users/gio/Continual-Learning-on-Max78000/build/startup_max78000.o

.heap           0x000000002001ec30      0xc00 load address 0x0000000010026dd0
                0x000000002001ec30                . = ALIGN (0x4)
 *(.heap*)
 .heap          0x000000002001ec30      0xc00 /Users/gio/Continual-Learning-on-Max78000/build/startup_max78000.o
                0x000000002001ec30                __HeapBase
                0x000000002001f000                __HeapLimit = ABSOLUTE (__StackLimit)
                0x0000000020020000                PROVIDE (__stack = __StackTop)
                0x0000000000000001                ASSERT ((__StackLimit >= _ebss), region RAM overflowed with stack)
OUTPUT(/Users/gio/Continual-Learning-on-Max78000/build/Continual-Learning-on-Max78000.elf elf32-littlearm)
LOAD linker stubs

.ARM.attributes
                0x0000000000000000       0x2e
 .ARM.attributes
                0x0000000000000000       0x1e /Users/gio/MaximSDK/Tools/GNUTools/10.3/bin/../lib/gcc/arm-none-eabi/10.3.1/thumb/v7e-m+fp/softfp/crti.o
 .ARM.attributes
                0x000000000000001e       0x32 /Users/gio/MaximSDK/Tools/GNUTools/10.3/bin/../lib/gcc/arm-none-eabi/10.3.1/thumb/v7e-m+fp/softfp/crtbegin.o
 .ARM.attributes