Archive member included to satisfy reference by file (symbol)

/Users/gio/MaximSDK/Libraries/PeriphDrivers/bin/MAX78000/softfp/libPeriphDriver_softfp.a(mxc_delay.o)
                              /Users/gio/mnist/build/main.o (MXC_Delay)
/Users/gio/MaximSDK/Libraries/PeriphDrivers/bin/MAX78000/softfp/libPeriphDriver_softfp.a(pins_ai85.o)
                              /Users/gio/mnist/build/camera.o (gpio_cfg_pcif_xclk)
/Users/gio/MaximSDK/Libraries/PeriphDrivers/bin/MAX78000/softfp/libPeriphDriver_softfp.a(sys_ai85.o)
                              /Users/gio/mnist/build/cnn.o (MXC_SYS_ClockDisable)
/Users/gio/MaximSDK/Libraries/PeriphDrivers/bin/MAX78000/softfp/libPeriphDriver_softfp.a(nvic_table.o)
                              /Users/gio/mnist/build/cnn.o (NVIC_SetVector)
/Users/gio/MaximSDK/Libraries/PeriphDrivers/bin/MAX78000/softfp/libPeriphDriver_softfp.a(cameraif_ai85.o)
                              /Users/gio/mnist/build/camera.o (MXC_PCIF_Init)
/Users/gio/MaximSDK/Libraries/PeriphDrivers/bin/MAX78000/softfp/libPeriphDriver_softfp.a(cameraif_reva.o)
                              /Users/gio/MaximSDK/Libraries/PeriphDrivers/bin/MAX78000/softfp/libPeriphDriver_softfp.a(cameraif_ai85.o) (MXC_PCIF_RevA_SetDatawidth)
/Users/gio/MaximSDK/Libraries/PeriphDrivers/bin/MAX78000/softfp/libPeriphDriver_softfp.a(dma_me17.o)
                              /Users/gio/mnist/build/camera.o (MXC_DMA_SetCallback)
/Users/gio/MaximSDK/Libraries/PeriphDrivers/bin/MAX78000/softfp/libPeriphDriver_softfp.a(dma_reva.o)
                              /Users/gio/MaximSDK/Libraries/PeriphDrivers/bin/MAX78000/softfp/libPeriphDriver_softfp.a(dma_me17.o) (MXC_DMA_RevA_Init)
/Users/gio/MaximSDK/Libraries/PeriphDrivers/bin/MAX78000/softfp/libPeriphDriver_softfp.a(flc_me17.o)
                              /Users/gio/MaximSDK/Libraries/PeriphDrivers/bin/MAX78000/softfp/libPeriphDriver_softfp.a(sys_ai85.o) (MXC_FLC_UnlockInfoBlock)
/Users/gio/MaximSDK/Libraries/PeriphDrivers/bin/MAX78000/softfp/libPeriphDriver_softfp.a(flc_revb.o)
                              /Users/gio/MaximSDK/Libraries/PeriphDrivers/bin/MAX78000/softfp/libPeriphDriver_softfp.a(flc_me17.o) (MXC_FLC_RevB_Busy)
/Users/gio/MaximSDK/Libraries/PeriphDrivers/bin/MAX78000/softfp/libPeriphDriver_softfp.a(gpio_ai85.o)
                              /Users/gio/mnist/build/cnn.o (MXC_GPIO_Config)
/Users/gio/MaximSDK/Libraries/PeriphDrivers/bin/MAX78000/softfp/libPeriphDriver_softfp.a(gpio_reva.o)
                              /Users/gio/MaximSDK/Libraries/PeriphDrivers/bin/MAX78000/softfp/libPeriphDriver_softfp.a(gpio_ai85.o) (MXC_GPIO_RevA_InGet)
/Users/gio/MaximSDK/Libraries/PeriphDrivers/bin/MAX78000/softfp/libPeriphDriver_softfp.a(i2c_me17.o)
                              /Users/gio/mnist/build/max20303.o (MXC_I2C_Init)
/Users/gio/MaximSDK/Libraries/PeriphDrivers/bin/MAX78000/softfp/libPeriphDriver_softfp.a(i2c_reva.o)
                              /Users/gio/MaximSDK/Libraries/PeriphDrivers/bin/MAX78000/softfp/libPeriphDriver_softfp.a(i2c_me17.o) (MXC_I2C_RevA_DMACallback)
/Users/gio/MaximSDK/Libraries/PeriphDrivers/bin/MAX78000/softfp/libPeriphDriver_softfp.a(icc_me17.o)
                              /Users/gio/mnist/build/main.o (MXC_ICC_Enable)
/Users/gio/MaximSDK/Libraries/PeriphDrivers/bin/MAX78000/softfp/libPeriphDriver_softfp.a(icc_reva.o)
                              /Users/gio/MaximSDK/Libraries/PeriphDrivers/bin/MAX78000/softfp/libPeriphDriver_softfp.a(icc_me17.o) (MXC_ICC_RevA_ID)
/Users/gio/MaximSDK/Libraries/PeriphDrivers/bin/MAX78000/softfp/libPeriphDriver_softfp.a(pt_me17.o)
                              /Users/gio/mnist/build/camera.o (MXC_PT_Init)
/Users/gio/MaximSDK/Libraries/PeriphDrivers/bin/MAX78000/softfp/libPeriphDriver_softfp.a(pt_reva.o)
                              /Users/gio/MaximSDK/Libraries/PeriphDrivers/bin/MAX78000/softfp/libPeriphDriver_softfp.a(pt_me17.o) (MXC_PT_RevA_Init)
/Users/gio/MaximSDK/Libraries/PeriphDrivers/bin/MAX78000/softfp/libPeriphDriver_softfp.a(spi_me17.o)
                              /Users/gio/mnist/build/tft_ili9341.o (MXC_SPI_Init)
/Users/gio/MaximSDK/Libraries/PeriphDrivers/bin/MAX78000/softfp/libPeriphDriver_softfp.a(spi_reva.o)
                              /Users/gio/MaximSDK/Libraries/PeriphDrivers/bin/MAX78000/softfp/libPeriphDriver_softfp.a(spi_me17.o) (MXC_SPI_RevA_Init)
/Users/gio/MaximSDK/Libraries/PeriphDrivers/bin/MAX78000/softfp/libPeriphDriver_softfp.a(tmr_ai85.o)
                              /Users/gio/mnist/build/cnn.o (MXC_TMR_SW_Start)
/Users/gio/MaximSDK/Libraries/PeriphDrivers/bin/MAX78000/softfp/libPeriphDriver_softfp.a(tmr_revb.o)
                              /Users/gio/MaximSDK/Libraries/PeriphDrivers/bin/MAX78000/softfp/libPeriphDriver_softfp.a(tmr_ai85.o) (MXC_TMR_RevB_Init)
/Users/gio/MaximSDK/Libraries/PeriphDrivers/bin/MAX78000/softfp/libPeriphDriver_softfp.a(uart_ai85.o)
                              /Users/gio/mnist/build/board.o (MXC_UART_Shutdown)
[...]
Memory Configuration

Name             Origin             Length             Attributes
ROM              0x0000000000000000 0x0000000000010000 xr
FLASH            0x0000000010000000 0x0000000000080000 xr
SRAM             0x0000000020000000 0x0000000000020000 xrw
*default*        0x0000000000000000 0xffffffffffffffff

Linker script and memory map

LOAD /Users/gio/MaximSDK/Tools/GNUTools/10.3/bin/../lib/gcc/arm-none-eabi/10.3.1/thumb/v7e-m+fp/softfp/crti.o
LOAD /Users/gio/MaximSDK/Tools/GNUTools/10.3/bin/../lib/gcc/arm-none-eabi/10.3.1/thumb/v7e-m+fp/softfp/crtbegin.o
LOAD /Users/gio/MaximSDK/Tools/GNUTools/10.3/bin/../lib/gcc/arm-none-eabi/10.3.1/../../../../arm-none-eabi/lib/thumb/v7e-m+fp/softfp/crt0.o
LOAD /Users/gio/mnist/build/main.o
LOAD /Users/gio/mnist/build/cnn.o
LOAD /Users/gio/mnist/build/softmax.o
LOAD /Users/gio/mnist/build/board.o
LOAD /Users/gio/mnist/build/stdio.o
LOAD /Users/gio/mnist/build/led.o
LOAD /Users/gio/mnist/build/pb.o
LOAD /Users/gio/mnist/build/tft_ili9341.o
LOAD /Users/gio/mnist/build/camera.o
LOAD /Users/gio/mnist/build/ov7692.o
LOAD /Users/gio/mnist/build/sccb.o
LOAD /Users/gio/mnist/build/max20303.o
LOAD /Users/gio/mnist/build/startup_max78000.o
LOAD /Users/gio/mnist/build/heap.o
LOAD /Users/gio/mnist/build/system_max78000.o
START GROUP
LOAD /Users/gio/MaximSDK/Libraries/PeriphDrivers/bin/MAX78000/softfp/libPeriphDriver_softfp.a
LOAD /Users/gio/MaximSDK/Tools/GNUTools/10.3/bin/../lib/gcc/arm-none-eabi/10.3.1/../../../../arm-none-eabi/lib/thumb/v7e-m+fp/softfp/libc.a
LOAD /Users/gio/MaximSDK/Tools/GNUTools/10.3/bin/../lib/gcc/arm-none-eabi/10.3.1/../../../../arm-none-eabi/lib/thumb/v7e-m+fp/softfp/libm.a
LOAD /Users/gio/MaximSDK/Tools/GNUTools/10.3/bin/../lib/gcc/arm-none-eabi/10.3.1/../../../../arm-none-eabi/lib/thumb/v7e-m+fp/softfp/libnosys.a
END GROUP
START GROUP
LOAD /Users/gio/MaximSDK/Tools/GNUTools/10.3/bin/../lib/gcc/arm-none-eabi/10.3.1/thumb/v7e-m+fp/softfp/libgcc.a
LOAD /Users/gio/MaximSDK/Tools/GNUTools/10.3/bin/../lib/gcc/arm-none-eabi/10.3.1/../../../../arm-none-eabi/lib/thumb/v7e-m+fp/softfp/libc.a
END GROUP
LOAD /Users/gio/MaximSDK/Tools/GNUTools/10.3/bin/../lib/gcc/arm-none-eabi/10.3.1/thumb/v7e-m+fp/softfp/crtend.o
LOAD /Users/gio/MaximSDK/Tools/GNUTools/10.3/bin/../lib/gcc/arm-none-eabi/10.3.1/thumb/v7e-m+fp/softfp/crtn.o

.rom
 *(.rom_vector)
 *(.rom_handlers*)

.text           0x0000000010000000    0x1bd8c
                0x0000000010000000                _text = .
 *(.isr_vector)
 .isr_vector    0x0000000010000000      0x1e0 /Users/gio/mnist/build/startup_max78000.o
                0x0000000010000000                __isr_vector
 *(.text*)
 .text          0x00000000100001e0       0x40 /Users/gio/MaximSDK/Tools/GNUTools/10.3/bin/../lib/gcc/arm-none-eabi/10.3.1/thumb/v7e-m+fp/softfp/crtbegin.o
 .text.fail     0x0000000010000220       0x10 /Users/gio/mnist/build/main.o
                0x0000000010000220                fail
 .text.check_output
                0x0000000010000230       0x80 /Users/gio/mnist/build/main.o
                0x0000000010000230                check_output
 .text.softmax_layer
                0x00000000100002b0       0x20 /Users/gio/mnist/build/main.o
                0x00000000100002b0                softmax_layer
 .text.startup.main
                0x00000000100002d0      0x124 /Users/gio/mnist/build/main.o
                0x00000000100002d0                main
 .text.CNN_ISR  0x00000000100003f4       0x50 /Users/gio/mnist/build/cnn.o
                0x00000000100003f4                CNN_ISR
 .text.memcpy32
                0x0000000010000444       0x1c /Users/gio/mnist/build/cnn.o
                0x0000000010000444                memcpy32
 .text.cnn_load_weights
                0x0000000010000460       0x4c /Users/gio/mnist/build/cnn.o
                0x0000000010000460                cnn_load_weights
 .text.print_weights
                0x00000000100004ac       0x58 /Users/gio/mnist/build/cnn.o
                0x00000000100004ac                print_weights
 .text.cnn_load_bias
                0x0000000010000504       0x28 /Users/gio/mnist/build/cnn.o
                0x0000000010000504                cnn_load_bias
 .text.cnn_init
                0x000000001000052c       0x54 /Users/gio/mnist/build/cnn.o
                0x000000001000052c                cnn_init
 .text.cnn_configure
                0x0000000010000580      0x4cc /Users/gio/mnist/build/cnn.o
                0x0000000010000580                cnn_configure
 .text.cnn_start
                0x0000000010000a4c       0x54 /Users/gio/mnist/build/cnn.o
                0x0000000010000a4c                cnn_start
 .text.cnn_unload
                0x0000000010000aa0       0x3c /Users/gio/mnist/build/cnn.o
                0x0000000010000aa0                cnn_unload
 .text.cnn_enable
                0x0000000010000adc       0x3c /Users/gio/mnist/build/cnn.o
                0x0000000010000adc                cnn_enable
 .text.cnn_disable
                0x0000000010000b18       0x20 /Users/gio/mnist/build/cnn.o
                0x0000000010000b18                cnn_disable
 .text.softmax_q17p14_q15
                0x0000000010000b38       0xa8 /Users/gio/mnist/build/softmax.o
                0x0000000010000b38                softmax_q17p14_q15
 .text.mxc_assert
                0x0000000010000be0       0x10 /Users/gio/mnist/build/board.o
                0x0000000010000be0                mxc_assert
 .text.Board_Init
                0x0000000010000bf0       0x6c /Users/gio/mnist/build/board.o
                0x0000000010000bf0                Board_Init
 .text.NMI_Handler
                0x0000000010000c5c        0x4 /Users/gio/mnist/build/board.o
                0x0000000010000c5c                NMI_Handler
 .text._close   0x0000000010000c60        0x8 /Users/gio/mnist/build/stdio.o
                0x0000000010000c60                _close
 .text._isatty  0x0000000010000c68        0x8 /Users/gio/mnist/build/stdio.o
                0x0000000010000c68                _isatty
 .text._lseek   0x0000000010000c70        0x8 /Users/gio/mnist/build/stdio.o
                0x0000000010000c70                _lseek
 .text._fstat   0x0000000010000c78        0x8 /Users/gio/mnist/build/stdio.o
                0x0000000010000c78                _fstat
 .text._read    0x0000000010000c80       0x50 /Users/gio/mnist/build/stdio.o
                0x0000000010000c80                _read
 .text._write   0x0000000010000cd0       0x54 /Users/gio/mnist/build/stdio.o
                0x0000000010000cd0                _write
 .text.LED_Init
                0x0000000010000d24       0x40 /Users/gio/mnist/build/led.o
                0x0000000010000d24                LED_Init
 .text.LED_On   0x0000000010000d64       0x40 /Users/gio/mnist/build/led.o
                0x0000000010000d64                LED_On
 .text.LED_Off  0x0000000010000da4       0x40 /Users/gio/mnist/build/led.o
                0x0000000010000da4                LED_Off
 .text.PB_Init  0x0000000010000de4       0x38 /Users/gio/mnist/build/pb.o
                0x0000000010000de4                PB_Init
 .text.GPIO0_IRQHandler
                0x0000000010000e1c        0x8 /Users/gio/mnist/build/pb.o
                0x0000000010000e1c                GPIO0_IRQHandler
 .text.GPIO1_IRQHandler
                0x0000000010000e24        0x8 /Users/gio/mnist/build/pb.o
                0x0000000010000e24                GPIO1_IRQHandler
 .text.GPIO2_IRQHandler
                0x0000000010000e2c        0x8 /Users/gio/mnist/build/pb.o
                0x0000000010000e2c                GPIO2_IRQHandler
 .text          0x0000000010000e34      0x148 /Users/gio/mnist/build/startup_max78000.o
                0x0000000010000e34                Reset_Handler
                0x0000000010000e72                HardFault_Handler
                0x0000000010000e74                MemManage_Handler
                0x0000000010000e76                BusFault_Handler
                0x0000000010000e78                UsageFault_Handler
                0x0000000010000e7a                SVC_Handler
                0x0000000010000e7c                DebugMon_Handler
                0x0000000010000e7e                PendSV_Handler
                0x0000000010000e80                SysTick_Handler
                0x0000000010000e82                Default_Handler
                0x0000000010000e84                PF_IRQHandler
                0x0000000010000e86                WDT0_IRQHandler
                0x0000000010000e88                RSV02_IRQHandler
                0x0000000010000e8a                RTC_IRQHandler
                0x0000000010000e8c                TRNG_IRQHandler
                0x0000000010000e8e                TMR0_IRQHandler
                0x0000000010000e90                TMR1_IRQHandler
                0x0000000010000e92                TMR2_IRQHandler
                0x0000000010000e94                TMR3_IRQHandler
                0x0000000010000e96                TMR4_IRQHandler
                0x0000000010000e98                TMR5_IRQHandler
                0x0000000010000e9a                RSV11_IRQHandler
                0x0000000010000e9c                RSV12_IRQHandler
                0x0000000010000e9e                I2C0_IRQHandler
                0x0000000010000ea0                UART0_IRQHandler
                0x0000000010000ea2                UART1_IRQHandler
                0x0000000010000ea4                SPI1_IRQHandler
                0x0000000010000ea6                RSV17_IRQHandler
                0x0000000010000ea8                RSV18_IRQHandler
                0x0000000010000eaa                RSV19_IRQHandler
                0x0000000010000eac                ADC_IRQHandler
                0x0000000010000eae                RSV21_IRQHandler
                0x0000000010000eb0                RSV22_IRQHandler
                0x0000000010000eb2                FLC0_IRQHandler
                0x0000000010000eba                RSV27_IRQHandler
                0x0000000010000ebc                DMA0_IRQHandler
                0x0000000010000ebe                DMA1_IRQHandler
                0x0000000010000ec0                DMA2_IRQHandler
                0x0000000010000ec2                DMA3_IRQHandler
                0x0000000010000ec4                RSV32_IRQHandler
                0x0000000010000ec6                RSV33_IRQHandler
                0x0000000010000ec8                UART2_IRQHandler
                0x0000000010000eca                RSV35_IRQHandler
                0x0000000010000ecc                I2C1_IRQHandler
                0x0000000010000ece                RSV37_IRQHandler
                0x0000000010000ed0                RSV38_IRQHandler
                0x0000000010000ed2                RSV39_IRQHandler
                0x0000000010000ed4                RSV40_IRQHandler
                0x0000000010000ed6                RSV41_IRQHandler
                0x0000000010000ed8                RSV42_IRQHandler
                0x0000000010000eda                RSV43_IRQHandler
                0x0000000010000edc                RSV44_IRQHandler
                0x0000000010000ede                RSV45_IRQHandler
                0x0000000010000ee0                RSV46_IRQHandler
                0x0000000010000ee2                RSV47_IRQHandler
                0x0000000010000ee4                RSV48_IRQHandler
                0x0000000010000ee6                RSV49_IRQHandler
                0x0000000010000ee8                RSV50_IRQHandler
                0x0000000010000eea                RSV51_IRQHandler
                0x0000000010000eec                RSV52_IRQHandler
                0x0000000010000eee                WUT_IRQHandler
                0x0000000010000ef0                GPIOWAKE_IRQHandler
                0x0000000010000ef2                RSV55_IRQHandler
                0x0000000010000ef4                SPI0_IRQHandler
                0x0000000010000ef6                WDT1_IRQHandler
                0x0000000010000ef8                RSV58_IRQHandler
                0x0000000010000efa                PT_IRQHandler
                0x0000000010000efc                RSV60_IRQHandler
                0x0000000010000efe                RSV61_IRQHandler
                0x0000000010000f00                I2C2_IRQHandler
                0x0000000010000f02                RISCV_IRQHandler
                0x0000000010000f04                RSV64_IRQHandler
                0x0000000010000f06                RSV65_IRQHandler
                0x0000000010000f08                RSV66_IRQHandler
                0x0000000010000f0a                OWM_IRQHandler
                0x0000000010000f0c                RSV68_IRQHandler
                0x0000000010000f0e                RSV69_IRQHandler
                0x0000000010000f10                RSV70_IRQHandler
                0x0000000010000f12                RSV71_IRQHandler
                0x0000000010000f14                RSV72_IRQHandler
                0x0000000010000f16                RSV73_IRQHandler
                0x0000000010000f18                RSV74_IRQHandler
                0x0000000010000f1a                RSV75_IRQHandler
                0x0000000010000f1c                RSV76_IRQHandler
                0x0000000010000f1e                RSV77_IRQHandler
                0x0000000010000f20                RSV78_IRQHandler
                0x0000000010000f22                RSV79_IRQHandler
                0x0000000010000f24                RSV80_IRQHandler
                0x0000000010000f26                RSV81_IRQHandler
                0x0000000010000f28                ECC_IRQHandler
                0x0000000010000f2a                DVS_IRQHandler
                0x0000000010000f2c                SIMO_IRQHandler
                0x0000000010000f2e                RSV85_IRQHandler
                0x0000000010000f30                RSV86_IRQHandler
                0x0000000010000f32                RSV87_IRQHandler
                0x0000000010000f34                UART3_IRQHandler
                0x0000000010000f36                RSV89_IRQHandler
                0x0000000010000f38                RSV90_IRQHandler
                0x0000000010000f3a                PCIF_IRQHandler
                0x0000000010000f3c                RSV92_IRQHandler
                0x0000000010000f3e                RSV93_IRQHandler
                0x0000000010000f40                RSV94_IRQHandler
                0x0000000010000f42                RSV95_IRQHandler
                0x0000000010000f44                RSV96_IRQHandler
                0x0000000010000f46                AES_IRQHandler
                0x0000000010000f48                RSV98_IRQHandler
                0x0000000010000f4a                I2S_IRQHandler
                0x0000000010000f4c                CNN_FIFO_IRQHandler
                0x0000000010000f4e                CNN_IRQHandler
                0x0000000010000f50                RSV102_IRQHandler
                0x0000000010000f52                LPCMP_IRQHandler
 .text._sbrk    0x0000000010000f7c       0x3c /Users/gio/mnist/build/heap.o
                0x0000000010000f7c                _sbrk
 .text.SystemCoreClockUpdate
                0x0000000010000fb8       0x68 /Users/gio/mnist/build/system_max78000.o
                0x0000000010000fb8                SystemCoreClockUpdate
 .text.PreInit  0x0000000010001020        0x4 /Users/gio/mnist/build/system_max78000.o
                0x0000000010001020                PreInit
 .text.SystemInit
                0x0000000010001024       0x38 /Users/gio/mnist/build/system_max78000.o
                0x0000000010001024                SystemInit
 .text.MXC_DelayInit
                0x000000001000105c       0x7c /Users/gio/MaximSDK/Libraries/PeriphDrivers/bin/MAX78000/softfp/libPeriphDriver_softfp.a(mxc_delay.o)
 .text.MXC_DelayAsync
                0x00000000100010d8       0x3c /Users/gio/MaximSDK/Libraries/PeriphDrivers/bin/MAX78000/softfp/libPeriphDriver_softfp.a(mxc_delay.o)
                0x00000000100010d8                MXC_DelayAsync
 .text.MXC_DelayCheck
                0x0000000010001114       0x70 /Users/gio/MaximSDK/Libraries/PeriphDrivers/bin/MAX78000/softfp/libPeriphDriver_softfp.a(mxc_delay.o)
                0x0000000010001114                MXC_DelayCheck
 .text.MXC_DelayAbort
                0x0000000010001184       0x34 /Users/gio/MaximSDK/Libraries/PeriphDrivers/bin/MAX78000/softfp/libPeriphDriver_softfp.a(mxc_delay.o)
                0x0000000010001184                MXC_DelayAbort
 .text.MXC_Delay
                0x00000000100011b8       0x74 /Users/gio/MaximSDK/Libraries/PeriphDrivers/bin/MAX78000/softfp/libPeriphDriver_softfp.a(mxc_delay.o)
                0x00000000100011b8                MXC_Delay
 .text.MXC_SYS_ClockDisable
                0x000000001000122c       0x44 /Users/gio/MaximSDK/Libraries/PeriphDrivers/bin/MAX78000/softfp/libPeriphDriver_softfp.a(sys_ai85.o)
                0x000000001000122c                MXC_SYS_ClockDisable
 .text.MXC_SYS_ClockEnable
                0x0000000010001270       0x4c /Users/gio/MaximSDK/Libraries/PeriphDrivers/bin/MAX78000/softfp/libPeriphDriver_softfp.a(sys_ai85.o)
                0x0000000010001270                MXC_SYS_ClockEnable
 .text.MXC_SYS_ClockSourceEnable
                0x00000000100012bc       0xec /Users/gio/MaximSDK/Libraries/PeriphDrivers/bin/MAX78000/softfp/libPeriphDriver_softfp.a(sys_ai85.o)
                0x00000000100012bc                MXC_SYS_ClockSourceEnable
 .text.MXC_SYS_Clock_Select
                0x00000000100013a8      0x17c /Users/gio/MaximSDK/Libraries/PeriphDrivers/bin/MAX78000/softfp/libPeriphDriver_softfp.a(sys_ai85.o)
                0x00000000100013a8                MXC_SYS_Clock_Select
 .text.MXC_SYS_Reset_Periph
                0x0000000010001524       0x50 /Users/gio/MaximSDK/Libraries/PeriphDrivers/bin/MAX78000/softfp/libPeriphDriver_softfp.a(sys_ai85.o)
                0x0000000010001524                MXC_SYS_Reset_Periph
 .text.NVIC_SetVector
                0x0000000010001574       0x4c /Users/gio/MaximSDK/Libraries/PeriphDrivers/bin/MAX78000/softfp/libPeriphDriver_softfp.a(nvic_table.o)
                0x0000000010001574                NVIC_SetVector
 .text.MXC_GPIO_Config
                0x00000000100015c0      0x204 /Users/gio/MaximSDK/Libraries/PeriphDrivers/bin/MAX78000/softfp/libPeriphDriver_softfp.a(gpio_ai85.o)
                0x00000000100015c0                MXC_GPIO_Config
 .text.MXC_GPIO_OutSet
                0x00000000100017c4       0x34 /Users/gio/MaximSDK/Libraries/PeriphDrivers/bin/MAX78000/softfp/libPeriphDriver_softfp.a(gpio_ai85.o)
                0x00000000100017c4                MXC_GPIO_OutSet
 .text.MXC_GPIO_OutClr
                0x00000000100017f8       0x34 /Users/gio/MaximSDK/Libraries/PeriphDrivers/bin/MAX78000/softfp/libPeriphDriver_softfp.a(gpio_ai85.o)
                0x00000000100017f8                MXC_GPIO_OutClr
 .text.MXC_GPIO_Handler
                0x000000001000182c        0x4 /Users/gio/MaximSDK/Libraries/PeriphDrivers/bin/MAX78000/softfp/libPeriphDriver_softfp.a(gpio_ai85.o)
                0x000000001000182c                MXC_GPIO_Handler
 .text.MXC_GPIO_ClearFlags
                0x0000000010001830        0x4 /Users/gio/MaximSDK/Libraries/PeriphDrivers/bin/MAX78000/softfp/libPeriphDriver_softfp.a(gpio_ai85.o)
                0x0000000010001830                MXC_GPIO_ClearFlags
 .text.MXC_GPIO_GetFlags
                0x0000000010001834        0x4 /Users/gio/MaximSDK/Libraries/PeriphDrivers/bin/MAX78000/softfp/libPeriphDriver_softfp.a(gpio_ai85.o)
                0x0000000010001834                MXC_GPIO_GetFlags
 .text.MXC_GPIO_RevA_OutSet
                0x0000000010001838        0x4 /Users/gio/MaximSDK/Libraries/PeriphDrivers/bin/MAX78000/softfp/libPeriphDriver_softfp.a(gpio_reva.o)
                0x0000000010001838                MXC_GPIO_RevA_OutSet
 .text.MXC_GPIO_RevA_OutClr
                0x000000001000183c        0x4 /Users/gio/MaximSDK/Libraries/PeriphDrivers/bin/MAX78000/softfp/libPeriphDriver_softfp.a(gpio_reva.o)
                0x000000001000183c                MXC_GPIO_RevA_OutClr
 .text.MXC_GPIO_RevA_ClearFlags
                0x0000000010001840        0x4 /Users/gio/MaximSDK/Libraries/PeriphDrivers/bin/MAX78000/softfp/libPeriphDriver_softfp.a(gpio_reva.o)
                0x0000000010001840                MXC_GPIO_RevA_ClearFlags
 .text.MXC_GPIO_RevA_GetFlags
                0x0000000010001844        0x4 /Users/gio/MaximSDK/Libraries/PeriphDrivers/bin/MAX78000/softfp/libPeriphDriver_softfp.a(gpio_reva.o)
                0x0000000010001844                MXC_GPIO_RevA_GetFlags
 .text.MXC_GPIO_RevA_SetVSSEL
                0x0000000010001848       0x30 /Users/gio/MaximSDK/Libraries/PeriphDrivers/bin/MAX78000/softfp/libPeriphDriver_softfp.a(gpio_reva.o)
                0x0000000010001848                MXC_GPIO_RevA_SetVSSEL
 .text.MXC_GPIO_RevA_SetAF
                0x0000000010001878       0x5c /Users/gio/MaximSDK/Libraries/PeriphDrivers/bin/MAX78000/softfp/libPeriphDriver_softfp.a(gpio_reva.o)
                0x0000000010001878                MXC_GPIO_RevA_SetAF
 .text.MXC_ICC_Enable
                0x00000000100018d4        0x4 /Users/gio/MaximSDK/Libraries/PeriphDrivers/bin/MAX78000/softfp/libPeriphDriver_softfp.a(icc_me17.o)
                0x00000000100018d4                MXC_ICC_Enable
 .text.MXC_ICC_RevA_Enable
                0x00000000100018d8       0x30 /Users/gio/MaximSDK/Libraries/PeriphDrivers/bin/MAX78000/softfp/libPeriphDriver_softfp.a(icc_reva.o)
                0x00000000100018d8                MXC_ICC_RevA_Enable
 .text.MXC_TMR_Init
                0x0000000010001908      0x344 /Users/gio/MaximSDK/Libraries/PeriphDrivers/bin/MAX78000/softfp/libPeriphDriver_softfp.a(tmr_ai85.o)
                0x0000000010001908                MXC_TMR_Init
 .text.MXC_TMR_Start
                0x0000000010001c4c        0x4 /Users/gio/MaximSDK/Libraries/PeriphDrivers/bin/MAX78000/softfp/libPeriphDriver_softfp.a(tmr_ai85.o)
                0x0000000010001c4c                MXC_TMR_Start
 .text.MXC_TMR_Stop
                0x0000000010001c50        0x4 /Users/gio/MaximSDK/Libraries/PeriphDrivers/bin/MAX78000/softfp/libPeriphDriver_softfp.a(tmr_ai85.o)
                0x0000000010001c50                MXC_TMR_Stop
 .text.MXC_TMR_ClearFlags
                0x0000000010001c54        0x4 /Users/gio/MaximSDK/Libraries/PeriphDrivers/bin/MAX78000/softfp/libPeriphDriver_softfp.a(tmr_ai85.o)
                0x0000000010001c54                MXC_TMR_ClearFlags
 .text.MXC_TMR_SetCount
                0x0000000010001c58        0x4 /Users/gio/MaximSDK/Libraries/PeriphDrivers/bin/MAX78000/softfp/libPeriphDriver_softfp.a(tmr_ai85.o)
                0x0000000010001c58                MXC_TMR_SetCount
 .text.MXC_TMR_TO_Start
                0x0000000010001c5c        0x4 /Users/gio/MaximSDK/Libraries/PeriphDrivers/bin/MAX78000/softfp/libPeriphDriver_softfp.a(tmr_ai85.o)
                0x0000000010001c5c                MXC_TMR_TO_Start
 .text.MXC_TMR_TO_Stop
                0x0000000010001c60        0x4 /Users/gio/MaximSDK/Libraries/PeriphDrivers/bin/MAX78000/softfp/libPeriphDriver_softfp.a(tmr_ai85.o)
                0x0000000010001c60                MXC_TMR_TO_Stop
 .text.MXC_TMR_TO_Elapsed
                0x0000000010001c64        0x4 /Users/gio/MaximSDK/Libraries/PeriphDrivers/bin/MAX78000/softfp/libPeriphDriver_softfp.a(tmr_ai85.o)
                0x0000000010001c64                MXC_TMR_TO_Elapsed
 .text.MXC_TMR_SW_Start
                0x0000000010001c68        0x4 /Users/gio/MaximSDK/Libraries/PeriphDrivers/bin/MAX78000/softfp/libPeriphDriver_softfp.a(tmr_ai85.o)
                0x0000000010001c68                MXC_TMR_SW_Start
 .text.MXC_TMR_SW_Stop
                0x0000000010001c6c        0x4 /Users/gio/MaximSDK/Libraries/PeriphDrivers/bin/MAX78000/softfp/libPeriphDriver_softfp.a(tmr_ai85.o)
                0x0000000010001c6c                MXC_TMR_SW_Stop
 .text.MXC_TMR_GetTime
                0x0000000010001c70        0x4 /Users/gio/MaximSDK/Libraries/PeriphDrivers/bin/MAX78000/softfp/libPeriphDriver_softfp.a(tmr_ai85.o)
                0x0000000010001c70                MXC_TMR_GetTime
 .text.MXC_TMR_RevB_ConfigGeneric
                0x0000000010001c74       0xe8 /Users/gio/MaximSDK/Libraries/PeriphDrivers/bin/MAX78000/softfp/libPeriphDriver_softfp.a(tmr_revb.o)
                0x0000000010001c74                MXC_TMR_RevB_ConfigGeneric
 .text.MXC_TMR_RevB_Init
                0x0000000010001d5c       0xc8 /Users/gio/MaximSDK/Libraries/PeriphDrivers/bin/MAX78000/softfp/libPeriphDriver_softfp.a(tmr_revb.o)
                0x0000000010001d5c                MXC_TMR_RevB_Init
 .text.MXC_TMR_RevB_Start
                0x0000000010001e24       0x5c /Users/gio/MaximSDK/Libraries/PeriphDrivers/bin/MAX78000/softfp/libPeriphDriver_softfp.a(tmr_revb.o)
                0x0000000010001e24                MXC_TMR_RevB_Start
 .text.MXC_TMR_RevB_Stop
                0x0000000010001e80       0x58 /Users/gio/MaximSDK/Libraries/PeriphDrivers/bin/MAX78000/softfp/libPeriphDriver_softfp.a(tmr_revb.o)
                0x0000000010001e80                MXC_TMR_RevB_Stop
 .text.MXC_TMR_RevB_ClearFlags
                0x0000000010001ed8       0x58 /Users/gio/MaximSDK/Libraries/PeriphDrivers/bin/MAX78000/softfp/libPeriphDriver_softfp.a(tmr_revb.o)
                0x0000000010001ed8                MXC_TMR_RevB_ClearFlags
 .text.MXC_TMR_RevB_SetCount
                0x0000000010001f30       0x5c /Users/gio/MaximSDK/Libraries/PeriphDrivers/bin/MAX78000/softfp/libPeriphDriver_softfp.a(tmr_revb.o)
                0x0000000010001f30                MXC_TMR_RevB_SetCount
 .text.MXC_TMR_RevB_TO_Start
                0x0000000010001f8c       0xe4 /Users/gio/MaximSDK/Libraries/PeriphDrivers/bin/MAX78000/softfp/libPeriphDriver_softfp.a(tmr_revb.o)
                0x0000000010001f8c                MXC_TMR_RevB_TO_Start
 .text.MXC_TMR_RevB_GetTime
                0x0000000010002070      0x138 /Users/gio/MaximSDK/Libraries/PeriphDrivers/bin/MAX78000/softfp/libPeriphDriver_softfp.a(tmr_revb.o)
                0x0000000010002070                MXC_TMR_RevB_GetTime
 .text.MXC_UART_GetFrequency.part.0
                0x00000000100021a8       0x64 /Users/gio/MaximSDK/Libraries/PeriphDrivers/bin/MAX78000/softfp/libPeriphDriver_softfp.a(uart_ai85.o)
 .text.MXC_UART_Shutdown
                0x000000001000220c       0x70 /Users/gio/MaximSDK/Libraries/PeriphDrivers/bin/MAX78000/softfp/libPeriphDriver_softfp.a(uart_ai85.o)
                0x000000001000220c                MXC_UART_Shutdown
 .text.MXC_UART_Init
                0x000000001000227c       0xb8 /Users/gio/MaximSDK/Libraries/PeriphDrivers/bin/MAX78000/softfp/libPeriphDriver_softfp.a(uart_ai85.o)
                0x000000001000227c                MXC_UART_Init
 .text.MXC_UART_SetFrequency
                0x0000000010002334       0xc4 /Users/gio/MaximSDK/Libraries/PeriphDrivers/bin/MAX78000/softfp/libPeriphDriver_softfp.a(uart_ai85.o)
                0x0000000010002334                MXC_UART_SetFrequency
 .text.MXC_UART_GetFrequency
                0x00000000100023f8       0x30 /Users/gio/MaximSDK/Libraries/PeriphDrivers/bin/MAX78000/softfp/libPeriphDriver_softfp.a(uart_ai85.o)
                0x00000000100023f8                MXC_UART_GetFrequency
 .text.MXC_UART_SetDataSize
                0x0000000010002428        0x4 /Users/gio/MaximSDK/Libraries/PeriphDrivers/bin/MAX78000/softfp/libPeriphDriver_softfp.a(uart_ai85.o)
                0x0000000010002428                MXC_UART_SetDataSize
 .text.MXC_UART_SetStopBits
                0x000000001000242c        0x4 /Users/gio/MaximSDK/Libraries/PeriphDrivers/bin/MAX78000/softfp/libPeriphDriver_softfp.a(uart_ai85.o)
                0x000000001000242c                MXC_UART_SetStopBits
 .text.MXC_UART_SetParity
                0x0000000010002430        0x4 /Users/gio/MaximSDK/Libraries/PeriphDrivers/bin/MAX78000/softfp/libPeriphDriver_softfp.a(uart_ai85.o)
                0x0000000010002430                MXC_UART_SetParity
 .text.MXC_UART_ReadCharacterRaw
                0x0000000010002434        0x4 /Users/gio/MaximSDK/Libraries/PeriphDrivers/bin/MAX78000/softfp/libPeriphDriver_softfp.a(uart_ai85.o)
                0x0000000010002434                MXC_UART_ReadCharacterRaw
 .text.MXC_UART_WriteCharacterRaw
                0x0000000010002438        0x4 /Users/gio/MaximSDK/Libraries/PeriphDrivers/bin/MAX78000/softfp/libPeriphDriver_softfp.a(uart_ai85.o)
                0x0000000010002438                MXC_UART_WriteCharacterRaw
 .text.MXC_UART_ReadCharacter
                0x000000001000243c        0x4 /Users/gio/MaximSDK/Libraries/PeriphDrivers/bin/MAX78000/softfp/libPeriphDriver_softfp.a(uart_ai85.o)
                0x000000001000243c                MXC_UART_ReadCharacter
 .text.MXC_UART_WriteCharacter
                0x0000000010002440        0x4 /Users/gio/MaximSDK/Libraries/PeriphDrivers/bin/MAX78000/softfp/libPeriphDriver_softfp.a(uart_ai85.o)
                0x0000000010002440                MXC_UART_WriteCharacter
 .text.MXC_UART_GetRXFIFOAvailable
                0x0000000010002444        0x4 /Users/gio/MaximSDK/Libraries/PeriphDrivers/bin/MAX78000/softfp/libPeriphDriver_softfp.a(uart_ai85.o)
                0x0000000010002444                MXC_UART_GetRXFIFOAvailable
 .text.MXC_UART_GetTXFIFOAvailable
                0x0000000010002448        0x4 /Users/gio/MaximSDK/Libraries/PeriphDrivers/bin/MAX78000/softfp/libPeriphDriver_softfp.a(uart_ai85.o)
                0x0000000010002448                MXC_UART_GetTXFIFOAvailable
 .text.MXC_UART_SetRXThreshold
                0x000000001000244c        0x4 /Users/gio/MaximSDK/Libraries/PeriphDrivers/bin/MAX78000/softfp/libPeriphDriver_softfp.a(uart_ai85.o)
                0x000000001000244c                MXC_UART_SetRXThreshold
 .text.MXC_UART_Common_ReadCharacter
                0x0000000010002450       0x18 /Users/gio/MaximSDK/Libraries/PeriphDrivers/bin/MAX78000/softfp/libPeriphDriver_softfp.a(uart_common.o)
                0x0000000010002450                MXC_UART_Common_ReadCharacter
 .text.MXC_UART_Common_WriteCharacter
                0x0000000010002468       0x1c /Users/gio/MaximSDK/Libraries/PeriphDrivers/bin/MAX78000/softfp/libPeriphDriver_softfp.a(uart_common.o)
                0x0000000010002468                MXC_UART_Common_WriteCharacter
 .text.MXC_UART_RevB_Init
                0x0000000010002484       0x70 /Users/gio/MaximSDK/Libraries/PeriphDrivers/bin/MAX78000/softfp/libPeriphDriver_softfp.a(uart_revb.o)
                0x0000000010002484                MXC_UART_RevB_Init
 .text.MXC_UART_RevB_SetFrequency
                0x00000000100024f4       0x9c /Users/gio/MaximSDK/Libraries/PeriphDrivers/bin/MAX78000/softfp/libPeriphDriver_softfp.a(uart_revb.o)
                0x00000000100024f4                MXC_UART_RevB_SetFrequency
 .text.MXC_UART_RevB_GetFrequency
                0x0000000010002590       0x74 /Users/gio/MaximSDK/Libraries/PeriphDrivers/bin/MAX78000/softfp/libPeriphDriver_softfp.a(uart_revb.o)
                0x0000000010002590                MXC_UART_RevB_GetFrequency
 .text.MXC_UART_RevB_SetDataSize
                0x0000000010002604       0x40 /Users/gio/MaximSDK/Libraries/PeriphDrivers/bin/MAX78000/softfp/libPeriphDriver_softfp.a(uart_revb.o)
                0x0000000010002604                MXC_UART_RevB_SetDataSize
 .text.MXC_UART_RevB_SetStopBits
                0x0000000010002644       0x4c /Users/gio/MaximSDK/Libraries/PeriphDrivers/bin/MAX78000/softfp/libPeriphDriver_softfp.a(uart_revb.o)
                0x0000000010002644                MXC_UART_RevB_SetStopBits
 .text.MXC_UART_RevB_SetParity
                0x0000000010002690       0xb4 /Users/gio/MaximSDK/Libraries/PeriphDrivers/bin/MAX78000/softfp/libPeriphDriver_softfp.a(uart_revb.o)
                0x0000000010002690                MXC_UART_RevB_SetParity
 .text.MXC_UART_RevB_ReadCharacterRaw
                0x0000000010002744       0x38 /Users/gio/MaximSDK/Libraries/PeriphDrivers/bin/MAX78000/softfp/libPeriphDriver_softfp.a(uart_revb.o)
                0x0000000010002744                MXC_UART_RevB_ReadCharacterRaw
 .text.MXC_UART_RevB_WriteCharacterRaw
                0x000000001000277c       0x3c /Users/gio/MaximSDK/Libraries/PeriphDrivers/bin/MAX78000/softfp/libPeriphDriver_softfp.a(uart_revb.o)
                0x000000001000277c                MXC_UART_RevB_WriteCharacterRaw
 .text.MXC_UART_RevB_GetRXFIFOAvailable
                0x00000000100027b8        0x8 /Users/gio/MaximSDK/Libraries/PeriphDrivers/bin/MAX78000/softfp/libPeriphDriver_softfp.a(uart_revb.o)
                0x00000000100027b8                MXC_UART_RevB_GetRXFIFOAvailable
 .text.MXC_UART_RevB_GetTXFIFOAvailable
                0x00000000100027c0        0xc /Users/gio/MaximSDK/Libraries/PeriphDrivers/bin/MAX78000/softfp/libPeriphDriver_softfp.a(uart_revb.o)
                0x00000000100027c0                MXC_UART_RevB_GetTXFIFOAvailable
 .text.MXC_UART_RevB_SetRXThreshold
                0x00000000100027cc       0x40 /Users/gio/MaximSDK/Libraries/PeriphDrivers/bin/MAX78000/softfp/libPeriphDriver_softfp.a(uart_revb.o)
                0x00000000100027cc                MXC_UART_RevB_SetRXThreshold
 .text.MXC_GPIO_Common_Init
                0x000000001000280c       0x24 /Users/gio/MaximSDK/Libraries/PeriphDrivers/bin/MAX78000/softfp/libPeriphDriver_softfp.a(gpio_common.o)
                0x000000001000280c                MXC_GPIO_Common_Init
 .text.MXC_GPIO_Common_Handler
                0x0000000010002830       0x88 /Users/gio/MaximSDK/Libraries/PeriphDrivers/bin/MAX78000/softfp/libPeriphDriver_softfp.a(gpio_common.o)
                0x0000000010002830                MXC_GPIO_Common_Handler
 .text.MXC_TMR_Common_TO_Stop
                0x00000000100028b8       0x14 /Users/gio/MaximSDK/Libraries/PeriphDrivers/bin/MAX78000/softfp/libPeriphDriver_softfp.a(tmr_common.o)
                0x00000000100028b8                MXC_TMR_Common_TO_Stop
 .text.MXC_TMR_Common_SW_Start
                0x00000000100028cc        0x8 /Users/gio/MaximSDK/Libraries/PeriphDrivers/bin/MAX78000/softfp/libPeriphDriver_softfp.a(tmr_common.o)
                0x00000000100028cc                MXC_TMR_Common_SW_Start
 .text.MXC_TMR_Common_SW_Stop
                0x00000000100028d4       0x14 /Users/gio/MaximSDK/Libraries/PeriphDrivers/bin/MAX78000/softfp/libPeriphDriver_softfp.a(tmr_common.o)
                0x00000000100028d4                MXC_TMR_Common_SW_Stop
 .text.MXC_TMR_Common_TO_Elapsed
                0x00000000100028e8       0x54 /Users/gio/MaximSDK/Libraries/PeriphDrivers/bin/MAX78000/softfp/libPeriphDriver_softfp.a(tmr_common.o)
                0x00000000100028e8                MXC_TMR_Common_TO_Elapsed
 .text.__errno  0x000000001000293c        0xc /Users/gio/MaximSDK/Tools/GNUTools/10.3/bin/../lib/gcc/arm-none-eabi/10.3.1/../../../../arm-none-eabi/lib/thumb/v7e-m+fp/softfp/libc.a(lib_a-errno.o)
                0x000000001000293c                __errno
 .text.__libc_init_array
                0x0000000010002948       0x48 /Users/gio/MaximSDK/Tools/GNUTools/10.3/bin/../lib/gcc/arm-none-eabi/10.3.1/../../../../arm-none-eabi/lib/thumb/v7e-m+fp/softfp/libc.a(lib_a-init.o)
                0x0000000010002948                __libc_init_array
 .text._malloc_r
                0x0000000010002990      0x560 /Users/gio/MaximSDK/Tools/GNUTools/10.3/bin/../lib/gcc/arm-none-eabi/10.3.1/../../../../arm-none-eabi/lib/thumb/v7e-m+fp/softfp/libc.a(lib_a-mallocr.o)
                0x0000000010002990                _malloc_r
 .text          0x0000000010002ef0      0x134 /Users/gio/MaximSDK/Tools/GNUTools/10.3/bin/../lib/gcc/arm-none-eabi/10.3.1/../../../../arm-none-eabi/lib/thumb/v7e-m+fp/softfp/libc.a(lib_a-memcpy.o)
                0x0000000010002ef0                memcpy
 .text.memset   0x0000000010003024       0xa4 /Users/gio/MaximSDK/Tools/GNUTools/10.3/bin/../lib/gcc/arm-none-eabi/10.3.1/../../../../arm-none-eabi/lib/thumb/v7e-m+fp/softfp/libc.a(lib_a-memset.o)
                0x0000000010003024                memset
 .text.__malloc_lock
                0x00000000100030c8        0xc /Users/gio/MaximSDK/Tools/GNUTools/10.3/bin/../lib/gcc/arm-none-eabi/10.3.1/../../../../arm-none-eabi/lib/thumb/v7e-m+fp/softfp/libc.a(lib_a-mlock.o)
                0x00000000100030c8                __malloc_lock
 .text.__malloc_unlock
                0x00000000100030d4        0xc /Users/gio/MaximSDK/Tools/GNUTools/10.3/bin/../lib/gcc/arm-none-eabi/10.3.1/../../../../arm-none-eabi/lib/thumb/v7e-m+fp/softfp/libc.a(lib_a-mlock.o)
                0x00000000100030d4                __malloc_unlock
 .text.printf   0x00000000100030e0       0x28 /Users/gio/MaximSDK/Tools/GNUTools/10.3/bin/../lib/gcc/arm-none-eabi/10.3.1/../../../../arm-none-eabi/lib/thumb/v7e-m+fp/softfp/libc.a(lib_a-printf.o)
                0x00000000100030e0                printf
 .text._puts_r  0x0000000010003108       0x9c /Users/gio/MaximSDK/Tools/GNUTools/10.3/bin/../lib/gcc/arm-none-eabi/10.3.1/../../../../arm-none-eabi/lib/thumb/v7e-m+fp/softfp/libc.a(lib_a-puts.o)
                0x0000000010003108                _puts_r
 .text.puts     0x00000000100031a4       0x10 /Users/gio/MaximSDK/Tools/GNUTools/10.3/bin/../lib/gcc/arm-none-eabi/10.3.1/../../../../arm-none-eabi/lib/thumb/v7e-m+fp/softfp/libc.a(lib_a-puts.o)
                0x00000000100031a4                puts
 .text._sbrk_r  0x00000000100031b4       0x24 /Users/gio/MaximSDK/Tools/GNUTools/10.3/bin/../lib/gcc/arm-none-eabi/10.3.1/../../../../arm-none-eabi/lib/thumb/v7e-m+fp/softfp/libc.a(lib_a-sbrkr.o)
                0x00000000100031b4                _sbrk_r
 *fill*         0x00000000100031d8       0x28 
 .text          0x0000000010003200       0xdc /Users/gio/MaximSDK/Tools/GNUTools/10.3/bin/../lib/gcc/arm-none-eabi/10.3.1/../../../../arm-none-eabi/lib/thumb/v7e-m+fp/softfp/libc.a(lib_a-strlen.o)
                0x0000000010003200                strlen
 *fill*         0x00000000100032dc        0x4 
 .text._vfprintf_r
                0x00000000100032e0     0x1b8c /Users/gio/MaximSDK/Tools/GNUTools/10.3/bin/../lib/gcc/arm-none-eabi/10.3.1/../../../../arm-none-eabi/lib/thumb/v7e-m+fp/softfp/libc.a(lib_a-vfprintf.o)
                0x00000000100032e0                _vfprintf_r
 .text.__sbprintf
                0x0000000010004e6c       0x80 /Users/gio/MaximSDK/Tools/GNUTools/10.3/bin/../lib/gcc/arm-none-eabi/10.3.1/../../../../arm-none-eabi/lib/thumb/v7e-m+fp/softfp/libc.a(lib_a-vfprintf.o)
 .text.__swsetup_r
                0x0000000010004eec       0xd4 /Users/gio/MaximSDK/Tools/GNUTools/10.3/bin/../lib/gcc/arm-none-eabi/10.3.1/../../../../arm-none-eabi/lib/thumb/v7e-m+fp/softfp/libc.a(lib_a-wsetup.o)
                0x0000000010004eec                __swsetup_r
 .text.startup.register_fini
                0x0000000010004fc0       0x14 /Users/gio/MaximSDK/Tools/GNUTools/10.3/bin/../lib/gcc/arm-none-eabi/10.3.1/../../../../arm-none-eabi/lib/thumb/v7e-m+fp/softfp/libc.a(lib_a-__call_atexit.o)
 .text.atexit   0x0000000010004fd4        0xc /Users/gio/MaximSDK/Tools/GNUTools/10.3/bin/../lib/gcc/arm-none-eabi/10.3.1/../../../../arm-none-eabi/lib/thumb/v7e-m+fp/softfp/libc.a(lib_a-atexit.o)
                0x0000000010004fd4                atexit
 .text.quorem   0x0000000010004fe0      0x128 /Users/gio/MaximSDK/Tools/GNUTools/10.3/bin/../lib/gcc/arm-none-eabi/10.3.1/../../../../arm-none-eabi/lib/thumb/v7e-m+fp/softfp/libc.a(lib_a-dtoa.o)
 .text._dtoa_r  0x0000000010005108      0xf34 /Users/gio/MaximSDK/Tools/GNUTools/10.3/bin/../lib/gcc/arm-none-eabi/10.3.1/../../../../arm-none-eabi/lib/thumb/v7e-m+fp/softfp/libc.a(lib_a-dtoa.o)
                0x0000000010005108                _dtoa_r
 .text.__sflush_r
                0x000000001000603c      0x130 /Users/gio/MaximSDK/Tools/GNUTools/10.3/bin/../lib/gcc/arm-none-eabi/10.3.1/../../../../arm-none-eabi/lib/thumb/v7e-m+fp/softfp/libc.a(lib_a-fflush.o)
                0x000000001000603c                __sflush_r
 .text._fflush_r
                0x000000001000616c       0x5c /Users/gio/MaximSDK/Tools/GNUTools/10.3/bin/../lib/gcc/arm-none-eabi/10.3.1/../../../../arm-none-eabi/lib/thumb/v7e-m+fp/softfp/libc.a(lib_a-fflush.o)
                0x000000001000616c                _fflush_r
 .text._cleanup_r
                0x00000000100061c8        0xc /Users/gio/MaximSDK/Tools/GNUTools/10.3/bin/../lib/gcc/arm-none-eabi/10.3.1/../../../../arm-none-eabi/lib/thumb/v7e-m+fp/softfp/libc.a(lib_a-findfp.o)
                0x00000000100061c8                _cleanup_r
 .text.__sinit  0x00000000100061d4      0x10c /Users/gio/MaximSDK/Tools/GNUTools/10.3/bin/../lib/gcc/arm-none-eabi/10.3.1/../../../../arm-none-eabi/lib/thumb/v7e-m+fp/softfp/libc.a(lib_a-findfp.o)
                0x00000000100061d4                __sinit
 .text.__sfp_lock_acquire
                0x00000000100062e0        0xc /Users/gio/MaximSDK/Tools/GNUTools/10.3/bin/../lib/gcc/arm-none-eabi/10.3.1/../../../../arm-none-eabi/lib/thumb/v7e-m+fp/softfp/libc.a(lib_a-findfp.o)
                0x00000000100062e0                __sfp_lock_acquire
 .text.__sfp_lock_release
                0x00000000100062ec        0xc /Users/gio/MaximSDK/Tools/GNUTools/10.3/bin/../lib/gcc/arm-none-eabi/10.3.1/../../../../arm-none-eabi/lib/thumb/v7e-m+fp/softfp/libc.a(lib_a-findfp.o)
                0x00000000100062ec                __sfp_lock_release
 .text.__libc_fini_array
                0x00000000100062f8       0x2c /Users/gio/MaximSDK/Tools/GNUTools/10.3/bin/../lib/gcc/arm-none-eabi/10.3.1/../../../../arm-none-eabi/lib/thumb/v7e-m+fp/softfp/libc.a(lib_a-fini.o)
                0x00000000100062f8                __libc_fini_array
 .text._malloc_trim_r
                0x0000000010006324       0xa0 /Users/gio/MaximSDK/Tools/GNUTools/10.3/bin/../lib/gcc/arm-none-eabi/10.3.1/../../../../arm-none-eabi/lib/thumb/v7e-m+fp/softfp/libc.a(lib_a-freer.o)
                0x0000000010006324                _malloc_trim_r
 .text._free_r  0x00000000100063c4      0x20c /Users/gio/MaximSDK/Tools/GNUTools/10.3/bin/../lib/gcc/arm-none-eabi/10.3.1/../../../../arm-none-eabi/lib/thumb/v7e-m+fp/softfp/libc.a(lib_a-freer.o)
                0x00000000100063c4                _free_r
 .text.__sfvwrite_r
                0x00000000100065d0      0x2f0 /Users/gio/MaximSDK/Tools/GNUTools/10.3/bin/../lib/gcc/arm-none-eabi/10.3.1/../../../../arm-none-eabi/lib/thumb/v7e-m+fp/softfp/libc.a(lib_a-fvwrite.o)
                0x00000000100065d0                __sfvwrite_r
 .text._fwalk_reent
                0x00000000100068c0       0x48 /Users/gio/MaximSDK/Tools/GNUTools/10.3/bin/../lib/gcc/arm-none-eabi/10.3.1/../../../../arm-none-eabi/lib/thumb/v7e-m+fp/softfp/libc.a(lib_a-fwalk.o)
                0x00000000100068c0                _fwalk_reent
 .text._localeconv_r
                0x0000000010006908        0x8 /Users/gio/MaximSDK/Tools/GNUTools/10.3/bin/../lib/gcc/arm-none-eabi/10.3.1/../../../../arm-none-eabi/lib/thumb/v7e-m+fp/softfp/libc.a(lib_a-localeconv.o)
                0x0000000010006908                _localeconv_r
 .text.__retarget_lock_init_recursive
                0x0000000010006910        0x4 /Users/gio/MaximSDK/Tools/GNUTools/10.3/bin/../lib/gcc/arm-none-eabi/10.3.1/../../../../arm-none-eabi/lib/thumb/v7e-m+fp/softfp/libc.a(lib_a-lock.o)
                0x0000000010006910                __retarget_lock_init_recursive
 .text.__retarget_lock_close_recursive
                0x0000000010006914        0x4 /Users/gio/MaximSDK/Tools/GNUTools/10.3/bin/../lib/gcc/arm-none-eabi/10.3.1/../../../../arm-none-eabi/lib/thumb/v7e-m+fp/softfp/libc.a(lib_a-lock.o)
                0x0000000010006914                __retarget_lock_close_recursive
 .text.__retarget_lock_acquire_recursive
                0x0000000010006918        0x4 /Users/gio/MaximSDK/Tools/GNUTools/10.3/bin/../lib/gcc/arm-none-eabi/10.3.1/../../../../arm-none-eabi/lib/thumb/v7e-m+fp/softfp/libc.a(lib_a-lock.o)
                0x0000000010006918                __retarget_lock_acquire_recursive
 .text.__retarget_lock_release_recursive
                0x000000001000691c        0x4 /Users/gio/MaximSDK/Tools/GNUTools/10.3/bin/../lib/gcc/arm-none-eabi/10.3.1/../../../../arm-none-eabi/lib/thumb/v7e-m+fp/softfp/libc.a(lib_a-lock.o)
                0x000000001000691c                __retarget_lock_release_recursive
 .text.__smakebuf_r
                0x0000000010006920       0xe0 /Users/gio/MaximSDK/Tools/GNUTools/10.3/bin/../lib/gcc/arm-none-eabi/10.3.1/../../../../arm-none-eabi/lib/thumb/v7e-m+fp/softfp/libc.a(lib_a-makebuf.o)
                0x0000000010006920                __smakebuf_r
 .text          0x0000000010006a00       0xa0 /Users/gio/MaximSDK/Tools/GNUTools/10.3/bin/../lib/gcc/arm-none-eabi/10.3.1/../../../../arm-none-eabi/lib/thumb/v7e-m+fp/softfp/libc.a(lib_a-memchr.o)
                0x0000000010006a00                memchr
 .text.memmove  0x0000000010006aa0       0xf8 /Users/gio/MaximSDK/Tools/GNUTools/10.3/bin/../lib/gcc/arm-none-eabi/10.3.1/../../../../arm-none-eabi/lib/thumb/v7e-m+fp/softfp/libc.a(lib_a-memmove.o)
                0x0000000010006aa0                memmove
 .text._Balloc  0x0000000010006b98       0x4c /Users/gio/MaximSDK/Tools/GNUTools/10.3/bin/../lib/gcc/arm-none-eabi/10.3.1/../../../../arm-none-eabi/lib/thumb/v7e-m+fp/softfp/libc.a(lib_a-mprec.o)
                0x0000000010006b98                _Balloc
 .text._Bfree   0x0000000010006be4       0x14 /Users/gio/MaximSDK/Tools/GNUTools/10.3/bin/../lib/gcc/arm-none-eabi/10.3.1/../../../../arm-none-eabi/lib/thumb/v7e-m+fp/softfp/libc.a(lib_a-mprec.o)
                0x0000000010006be4                _Bfree
 .text.__multadd
                0x0000000010006bf8       0xa8 /Users/gio/MaximSDK/Tools/GNUTools/10.3/bin/../lib/gcc/arm-none-eabi/10.3.1/../../../../arm-none-eabi/lib/thumb/v7e-m+fp/softfp/libc.a(lib_a-mprec.o)
                0x0000000010006bf8                __multadd
 .text.__hi0bits
                0x0000000010006ca0       0x40 /Users/gio/MaximSDK/Tools/GNUTools/10.3/bin/../lib/gcc/arm-none-eabi/10.3.1/../../../../arm-none-eabi/lib/thumb/v7e-m+fp/softfp/libc.a(lib_a-mprec.o)
                0x0000000010006ca0                __hi0bits
 .text.__lo0bits
                0x0000000010006ce0       0x60 /Users/gio/MaximSDK/Tools/GNUTools/10.3/bin/../lib/gcc/arm-none-eabi/10.3.1/../../../../arm-none-eabi/lib/thumb/v7e-m+fp/softfp/libc.a(lib_a-mprec.o)
                0x0000000010006ce0                __lo0bits
 .text.__i2b    0x0000000010006d40       0x5c /Users/gio/MaximSDK/Tools/GNUTools/10.3/bin/../lib/gcc/arm-none-eabi/10.3.1/../../../../arm-none-eabi/lib/thumb/v7e-m+fp/softfp/libc.a(lib_a-mprec.o)
                0x0000000010006d40                __i2b
 .text.__multiply
                0x0000000010006d9c      0x15c /Users/gio/MaximSDK/Tools/GNUTools/10.3/bin/../lib/gcc/arm-none-eabi/10.3.1/../../../../arm-none-eabi/lib/thumb/v7e-m+fp/softfp/libc.a(lib_a-mprec.o)
                0x0000000010006d9c                __multiply
 .text.__pow5mult
                0x0000000010006ef8       0xc0 /Users/gio/MaximSDK/Tools/GNUTools/10.3/bin/../lib/gcc/arm-none-eabi/10.3.1/../../../../arm-none-eabi/lib/thumb/v7e-m+fp/softfp/libc.a(lib_a-mprec.o)
                0x0000000010006ef8                __pow5mult
 .text.__lshift
                0x0000000010006fb8       0xf0 /Users/gio/MaximSDK/Tools/GNUTools/10.3/bin/../lib/gcc/arm-none-eabi/10.3.1/../../../../arm-none-eabi/lib/thumb/v7e-m+fp/softfp/libc.a(lib_a-mprec.o)
                0x0000000010006fb8                __lshift
 .text.__mcmp   0x00000000100070a8       0x44 /Users/gio/MaximSDK/Tools/GNUTools/10.3/bin/../lib/gcc/arm-none-eabi/10.3.1/../../../../arm-none-eabi/lib/thumb/v7e-m+fp/softfp/libc.a(lib_a-mprec.o)
                0x00000000100070a8                __mcmp
 .text.__mdiff  0x00000000100070ec      0x14c /Users/gio/MaximSDK/Tools/GNUTools/10.3/bin/../lib/gcc/arm-none-eabi/10.3.1/../../../../arm-none-eabi/lib/thumb/v7e-m+fp/softfp/libc.a(lib_a-mprec.o)
                0x00000000100070ec                __mdiff
 .text.__d2b    0x0000000010007238       0xc4 /Users/gio/MaximSDK/Tools/GNUTools/10.3/bin/../lib/gcc/arm-none-eabi/10.3.1/../../../../arm-none-eabi/lib/thumb/v7e-m+fp/softfp/libc.a(lib_a-mprec.o)
                0x0000000010007238                __d2b
 .text._realloc_r
                0x00000000100072fc      0x3d8 /Users/gio/MaximSDK/Tools/GNUTools/10.3/bin/../lib/gcc/arm-none-eabi/10.3.1/../../../../arm-none-eabi/lib/thumb/v7e-m+fp/softfp/libc.a(lib_a-reallocr.o)
                0x00000000100072fc                _realloc_r
 .text.frexp    0x00000000100076d4       0x70 /Users/gio/MaximSDK/Tools/GNUTools/10.3/bin/../lib/gcc/arm-none-eabi/10.3.1/../../../../arm-none-eabi/lib/thumb/v7e-m+fp/softfp/libc.a(lib_a-s_frexp.o)
                0x00000000100076d4                frexp
 .text.__sread  0x0000000010007744       0x24 /Users/gio/MaximSDK/Tools/GNUTools/10.3/bin/../lib/gcc/arm-none-eabi/10.3.1/../../../../arm-none-eabi/lib/thumb/v7e-m+fp/softfp/libc.a(lib_a-stdio.o)
                0x0000000010007744                __sread
 .text.__swrite
                0x0000000010007768       0x40 /Users/gio/MaximSDK/Tools/GNUTools/10.3/bin/../lib/gcc/arm-none-eabi/10.3.1/../../../../arm-none-eabi/lib/thumb/v7e-m+fp/softfp/libc.a(lib_a-stdio.o)
                0x0000000010007768                __swrite
 .text.__sseek  0x00000000100077a8       0x20 /Users/gio/MaximSDK/Tools/GNUTools/10.3/bin/../lib/gcc/arm-none-eabi/10.3.1/../../../../arm-none-eabi/lib/thumb/v7e-m+fp/softfp/libc.a(lib_a-stdio.o)
                0x00000000100077a8                __sseek
 .text.__sclose
                0x00000000100077c8        0x8 /Users/gio/MaximSDK/Tools/GNUTools/10.3/bin/../lib/gcc/arm-none-eabi/10.3.1/../../../../arm-none-eabi/lib/thumb/v7e-m+fp/softfp/libc.a(lib_a-stdio.o)
                0x00000000100077c8                __sclose
 .text.strncpy  0x00000000100077d0       0x64 /Users/gio/MaximSDK/Tools/GNUTools/10.3/bin/../lib/gcc/arm-none-eabi/10.3.1/../../../../arm-none-eabi/lib/thumb/v7e-m+fp/softfp/libc.a(lib_a-strncpy.o)
                0x00000000100077d0                strncpy
 .text.__sprint_r.part.0
                0x0000000010007834       0x78 /Users/gio/MaximSDK/Tools/GNUTools/10.3/bin/../lib/gcc/arm-none-eabi/10.3.1/../../../../arm-none-eabi/lib/thumb/v7e-m+fp/softfp/libc.a(lib_a-vfiprintf.o)
 .text.__sprint_r
                0x00000000100078ac       0x18 /Users/gio/MaximSDK/Tools/GNUTools/10.3/bin/../lib/gcc/arm-none-eabi/10.3.1/../../../../arm-none-eabi/lib/thumb/v7e-m+fp/softfp/libc.a(lib_a-vfiprintf.o)
                0x00000000100078ac                __sprint_r
 .text._vfiprintf_r
                0x00000000100078c4      0xdfc /Users/gio/MaximSDK/Tools/GNUTools/10.3/bin/../lib/gcc/arm-none-eabi/10.3.1/../../../../arm-none-eabi/lib/thumb/v7e-m+fp/softfp/libc.a(lib_a-vfiprintf.o)
                0x00000000100078c4                _vfiprintf_r
 .text.__sbprintf
                0x00000000100086c0       0x80 /Users/gio/MaximSDK/Tools/GNUTools/10.3/bin/../lib/gcc/arm-none-eabi/10.3.1/../../../../arm-none-eabi/lib/thumb/v7e-m+fp/softfp/libc.a(lib_a-vfiprintf.o)
 .text._write_r
                0x0000000010008740       0x2c /Users/gio/MaximSDK/Tools/GNUTools/10.3/bin/../lib/gcc/arm-none-eabi/10.3.1/../../../../arm-none-eabi/lib/thumb/v7e-m+fp/softfp/libc.a(lib_a-writer.o)
                0x0000000010008740                _write_r
 .text.__register_exitproc
                0x000000001000876c       0x8c /Users/gio/MaximSDK/Tools/GNUTools/10.3/bin/../lib/gcc/arm-none-eabi/10.3.1/../../../../arm-none-eabi/lib/thumb/v7e-m+fp/softfp/libc.a(lib_a-__atexit.o)
                0x000000001000876c                __register_exitproc
 .text.__assert_func
                0x00000000100087f8       0x40 /Users/gio/MaximSDK/Tools/GNUTools/10.3/bin/../lib/gcc/arm-none-eabi/10.3.1/../../../../arm-none-eabi/lib/thumb/v7e-m+fp/softfp/libc.a(lib_a-assert.o)
                0x00000000100087f8                __assert_func
 .text._calloc_r
                0x0000000010008838       0x78 /Users/gio/MaximSDK/Tools/GNUTools/10.3/bin/../lib/gcc/arm-none-eabi/10.3.1/../../../../arm-none-eabi/lib/thumb/v7e-m+fp/softfp/libc.a(lib_a-callocr.o)
                0x0000000010008838                _calloc_r
 .text._close_r
                0x00000000100088b0       0x24 /Users/gio/MaximSDK/Tools/GNUTools/10.3/bin/../lib/gcc/arm-none-eabi/10.3.1/../../../../arm-none-eabi/lib/thumb/v7e-m+fp/softfp/libc.a(lib_a-closer.o)
                0x00000000100088b0                _close_r
 .text._fclose_r
                0x00000000100088d4       0xcc /Users/gio/MaximSDK/Tools/GNUTools/10.3/bin/../lib/gcc/arm-none-eabi/10.3.1/../../../../arm-none-eabi/lib/thumb/v7e-m+fp/softfp/libc.a(lib_a-fclose.o)
                0x00000000100088d4                _fclose_r
 .text.fiprintf
                0x00000000100089a0       0x28 /Users/gio/MaximSDK/Tools/GNUTools/10.3/bin/../lib/gcc/arm-none-eabi/10.3.1/../../../../arm-none-eabi/lib/thumb/v7e-m+fp/softfp/libc.a(lib_a-fiprintf.o)
                0x00000000100089a0                fiprintf
 .text.__fputwc
                0x00000000100089c8       0xa8 /Users/gio/MaximSDK/Tools/GNUTools/10.3/bin/../lib/gcc/arm-none-eabi/10.3.1/../../../../arm-none-eabi/lib/thumb/v7e-m+fp/softfp/libc.a(lib_a-fputwc.o)
                0x00000000100089c8                __fputwc
 .text._fputwc_r
                0x0000000010008a70       0x68 /Users/gio/MaximSDK/Tools/GNUTools/10.3/bin/../lib/gcc/arm-none-eabi/10.3.1/../../../../arm-none-eabi/lib/thumb/v7e-m+fp/softfp/libc.a(lib_a-fputwc.o)
                0x0000000010008a70                _fputwc_r
 .text._fstat_r
                0x0000000010008ad8       0x2c /Users/gio/MaximSDK/Tools/GNUTools/10.3/bin/../lib/gcc/arm-none-eabi/10.3.1/../../../../arm-none-eabi/lib/thumb/v7e-m+fp/softfp/libc.a(lib_a-fstatr.o)
                0x0000000010008ad8                _fstat_r
 .text._isatty_r
                0x0000000010008b04       0x24 /Users/gio/MaximSDK/Tools/GNUTools/10.3/bin/../lib/gcc/arm-none-eabi/10.3.1/../../../../arm-none-eabi/lib/thumb/v7e-m+fp/softfp/libc.a(lib_a-isattyr.o)
                0x0000000010008b04                _isatty_r
 .text.__locale_mb_cur_max
                0x0000000010008b28        0xc /Users/gio/MaximSDK/Tools/GNUTools/10.3/bin/../lib/gcc/arm-none-eabi/10.3.1/../../../../arm-none-eabi/lib/thumb/v7e-m+fp/softfp/libc.a(lib_a-locale.o)
                0x0000000010008b28                __locale_mb_cur_max
 .text._lseek_r
                0x0000000010008b34       0x2c /Users/gio/MaximSDK/Tools/GNUTools/10.3/bin/../lib/gcc/arm-none-eabi/10.3.1/../../../../arm-none-eabi/lib/thumb/v7e-m+fp/softfp/libc.a(lib_a-lseekr.o)
                0x0000000010008b34                _lseek_r
 .text.__ascii_mbtowc
                0x0000000010008b60       0x2c /Users/gio/MaximSDK/Tools/GNUTools/10.3/bin/../lib/gcc/arm-none-eabi/10.3.1/../../../../arm-none-eabi/lib/thumb/v7e-m+fp/softfp/libc.a(lib_a-mbtowc_r.o)
                0x0000000010008b60                __ascii_mbtowc
 .text._read_r  0x0000000010008b8c       0x2c /Users/gio/MaximSDK/Tools/GNUTools/10.3/bin/../lib/gcc/arm-none-eabi/10.3.1/../../../../arm-none-eabi/lib/thumb/v7e-m+fp/softfp/libc.a(lib_a-readr.o)
                0x0000000010008b8c                _read_r
 .text.__swbuf_r
                0x0000000010008bb8       0xb0 /Users/gio/MaximSDK/Tools/GNUTools/10.3/bin/../lib/gcc/arm-none-eabi/10.3.1/../../../../arm-none-eabi/lib/thumb/v7e-m+fp/softfp/libc.a(lib_a-wbuf.o)
                0x0000000010008bb8                __swbuf_r
 .text._wcrtomb_r
                0x0000000010008c68       0x3c /Users/gio/MaximSDK/Tools/GNUTools/10.3/bin/../lib/gcc/arm-none-eabi/10.3.1/../../../../arm-none-eabi/lib/thumb/v7e-m+fp/softfp/libc.a(lib_a-wcrtomb.o)
                0x0000000010008c68                _wcrtomb_r
 .text.__ascii_wctomb
                0x0000000010008ca4       0x1c /Users/gio/MaximSDK/Tools/GNUTools/10.3/bin/../lib/gcc/arm-none-eabi/10.3.1/../../../../arm-none-eabi/lib/thumb/v7e-m+fp/softfp/libc.a(lib_a-wctomb_r.o)
                0x0000000010008ca4                __ascii_wctomb
 .text.abort    0x0000000010008cc0       0x10 /Users/gio/MaximSDK/Tools/GNUTools/10.3/bin/../lib/gcc/arm-none-eabi/10.3.1/../../../../arm-none-eabi/lib/thumb/v7e-m+fp/softfp/libc.a(lib_a-abort.o)
                0x0000000010008cc0                abort
 .text.raise    0x0000000010008cd0       0x5c /Users/gio/MaximSDK/Tools/GNUTools/10.3/bin/../lib/gcc/arm-none-eabi/10.3.1/../../../../arm-none-eabi/lib/thumb/v7e-m+fp/softfp/libc.a(lib_a-signal.o)
                0x0000000010008cd0                raise
 .text._kill_r  0x0000000010008d2c       0x2c /Users/gio/MaximSDK/Tools/GNUTools/10.3/bin/../lib/gcc/arm-none-eabi/10.3.1/../../../../arm-none-eabi/lib/thumb/v7e-m+fp/softfp/libc.a(lib_a-signalr.o)
                0x0000000010008d2c                _kill_r
 .text._getpid_r
                0x0000000010008d58        0x4 /Users/gio/MaximSDK/Tools/GNUTools/10.3/bin/../lib/gcc/arm-none-eabi/10.3.1/../../../../arm-none-eabi/lib/thumb/v7e-m+fp/softfp/libc.a(lib_a-signalr.o)
                0x0000000010008d58                _getpid_r
 .text._getpid  0x0000000010008d5c       0x10 /Users/gio/MaximSDK/Tools/GNUTools/10.3/bin/../lib/gcc/arm-none-eabi/10.3.1/../../../../arm-none-eabi/lib/thumb/v7e-m+fp/softfp/libnosys.a(getpid.o)
                0x0000000010008d5c                _getpid
 .text._kill    0x0000000010008d6c       0x10 /Users/gio/MaximSDK/Tools/GNUTools/10.3/bin/../lib/gcc/arm-none-eabi/10.3.1/../../../../arm-none-eabi/lib/thumb/v7e-m+fp/softfp/libnosys.a(kill.o)
                0x0000000010008d6c                _kill
 .text._exit    0x0000000010008d7c        0x4 /Users/gio/MaximSDK/Tools/GNUTools/10.3/bin/../lib/gcc/arm-none-eabi/10.3.1/../../../../arm-none-eabi/lib/thumb/v7e-m+fp/softfp/libnosys.a(_exit.o)
                0x0000000010008d7c                _exit
 .text          0x0000000010008d80      0x378 /Users/gio/MaximSDK/Tools/GNUTools/10.3/bin/../lib/gcc/arm-none-eabi/10.3.1/thumb/v7e-m+fp/softfp/libgcc.a(_arm_addsubdf3.o)
                0x0000000010008d80                __aeabi_drsub
                0x0000000010008d88                __subdf3
                0x0000000010008d88                __aeabi_dsub
                0x0000000010008d8c                __aeabi_dadd
                0x0000000010008d8c                __adddf3
                0x0000000010009004                __aeabi_ui2d
                0x0000000010009004                __floatunsidf
                0x0000000010009024                __floatsidf
                0x0000000010009024                __aeabi_i2d
                0x0000000010009048                __extendsfdf2
                0x0000000010009048                __aeabi_f2d
                0x000000001000908c                __aeabi_ul2d
                0x000000001000908c                __floatundidf
                0x000000001000909c                __aeabi_l2d
                0x000000001000909c                __floatdidf
 .text          0x00000000100090f8      0x424 /Users/gio/MaximSDK/Tools/GNUTools/10.3/bin/../lib/gcc/arm-none-eabi/10.3.1/thumb/v7e-m+fp/softfp/libgcc.a(_arm_muldivdf3.o)
                0x00000000100090f8                __aeabi_dmul
                0x00000000100090f8                __muldf3
                0x000000001000934c                __aeabi_ddiv
                0x000000001000934c                __divdf3
 .text          0x000000001000951c      0x110 /Users/gio/MaximSDK/Tools/GNUTools/10.3/bin/../lib/gcc/arm-none-eabi/10.3.1/thumb/v7e-m+fp/softfp/libgcc.a(_arm_cmpdf2.o)
                0x000000001000951c                __gedf2
                0x000000001000951c                __gtdf2
                0x0000000010009524                __ledf2
                0x0000000010009524                __ltdf2
                0x000000001000952c                __cmpdf2
                0x000000001000952c                __eqdf2
                0x000000001000952c                __nedf2
                0x00000000100095a8                __aeabi_cdrcmple
                0x00000000100095b8                __aeabi_cdcmple
                0x00000000100095b8                __aeabi_cdcmpeq
                0x00000000100095c8                __aeabi_dcmpeq
                0x00000000100095dc                __aeabi_dcmplt
                0x00000000100095f0                __aeabi_dcmple
                0x0000000010009604                __aeabi_dcmpge
                0x0000000010009618                __aeabi_dcmpgt
 .text          0x000000001000962c       0x2c /Users/gio/MaximSDK/Tools/GNUTools/10.3/bin/../lib/gcc/arm-none-eabi/10.3.1/thumb/v7e-m+fp/softfp/libgcc.a(_arm_unorddf2.o)
                0x000000001000962c                __aeabi_dcmpun
                0x000000001000962c                __unorddf2
 .text          0x0000000010009658       0x50 /Users/gio/MaximSDK/Tools/GNUTools/10.3/bin/../lib/gcc/arm-none-eabi/10.3.1/thumb/v7e-m+fp/softfp/libgcc.a(_arm_fixdfsi.o)
                0x0000000010009658                __fixdfsi
                0x0000000010009658                __aeabi_d2iz
 .text          0x00000000100096a8       0xa0 /Users/gio/MaximSDK/Tools/GNUTools/10.3/bin/../lib/gcc/arm-none-eabi/10.3.1/thumb/v7e-m+fp/softfp/libgcc.a(_aeabi_ldivmod.o)
                0x00000000100096a8                __aeabi_ldivmod
 .text          0x0000000010009748       0x30 /Users/gio/MaximSDK/Tools/GNUTools/10.3/bin/../lib/gcc/arm-none-eabi/10.3.1/thumb/v7e-m+fp/softfp/libgcc.a(_aeabi_uldivmod.o)
                0x0000000010009748                __aeabi_uldivmod
 .text          0x0000000010009778      0x2d0 /Users/gio/MaximSDK/Tools/GNUTools/10.3/bin/../lib/gcc/arm-none-eabi/10.3.1/thumb/v7e-m+fp/softfp/libgcc.a(_udivmoddi4.o)
                0x0000000010009778                __udivmoddi4
 .text          0x0000000010009a48        0x4 /Users/gio/MaximSDK/Tools/GNUTools/10.3/bin/../lib/gcc/arm-none-eabi/10.3.1/thumb/v7e-m+fp/softfp/libgcc.a(_dvmd_tls.o)
                0x0000000010009a48                __aeabi_ldiv0
                0x0000000010009a48                __aeabi_idiv0
 *(.rodata*)
 .rodata.fail.str1.4
                0x0000000010009a4c        0xf /Users/gio/mnist/build/main.o
 *fill*         0x0000000010009a5b        0x1 
 .rodata.check_output.str1.4
                0x0000000010009a5c       0x48 /Users/gio/mnist/build/main.o
 .rodata.main.str1.4
                0x0000000010009aa4       0x90 /Users/gio/mnist/build/main.o
 .rodata.input_0
                0x0000000010009b34      0x310 /Users/gio/mnist/build/main.o
 .rodata.sample_output
                0x0000000010009e44       0x50 /Users/gio/mnist/build/main.o
 .rodata.print_weights.str1.4
                0x0000000010009e94       0x18 /Users/gio/mnist/build/cnn.o
 .rodata.bias_0
                0x0000000010009eac        0xa /Users/gio/mnist/build/cnn.o
 *fill*         0x0000000010009eb6        0x2 
 .rodata.kernels
                0x0000000010009eb8    0x11828 /Users/gio/mnist/build/cnn.o
 .rodata.mxc_assert.str1.4
                0x000000001001b6e0       0x19 /Users/gio/mnist/build/board.o
 *fill*         0x000000001001b6f9        0x3 
 .rodata.Board_Init.str1.4
                0x000000001001b6fc       0x4d /Users/gio/mnist/build/board.o
 *fill*         0x000000001001b749        0x3 
 .rodata.led_pin
                0x000000001001b74c       0x24 /Users/gio/mnist/build/board.o
                0x000000001001b74c                led_pin
 .rodata.num_leds
                0x000000001001b770        0x4 /Users/gio/mnist/build/board.o
                0x000000001001b770                num_leds
 .rodata.num_pbs
                0x000000001001b774        0x4 /Users/gio/mnist/build/board.o
                0x000000001001b774                num_pbs
 .rodata.pb_pin
                0x000000001001b778       0x18 /Users/gio/mnist/build/board.o
                0x000000001001b778                pb_pin
 .rodata.LED_On.str1.4
                0x000000001001b790       0x67 /Users/gio/mnist/build/led.o
 *fill*         0x000000001001b7f7        0x1 
 .rodata.gpio_cfg_tmr0
                0x000000001001b7f8        0xc /Users/gio/MaximSDK/Libraries/PeriphDrivers/bin/MAX78000/softfp/libPeriphDriver_softfp.a(pins_ai85.o)
                0x000000001001b7f8                gpio_cfg_tmr0
 .rodata.gpio_cfg_tmr0b
                0x000000001001b804        0xc /Users/gio/MaximSDK/Libraries/PeriphDrivers/bin/MAX78000/softfp/libPeriphDriver_softfp.a(pins_ai85.o)
                0x000000001001b804                gpio_cfg_tmr0b
 .rodata.gpio_cfg_tmr1
                0x000000001001b810        0xc /Users/gio/MaximSDK/Libraries/PeriphDrivers/bin/MAX78000/softfp/libPeriphDriver_softfp.a(pins_ai85.o)
                0x000000001001b810                gpio_cfg_tmr1
 .rodata.gpio_cfg_tmr1b
                0x000000001001b81c        0xc /Users/gio/MaximSDK/Libraries/PeriphDrivers/bin/MAX78000/softfp/libPeriphDriver_softfp.a(pins_ai85.o)
                0x000000001001b81c                gpio_cfg_tmr1b
 .rodata.gpio_cfg_tmr2
                0x000000001001b828        0xc /Users/gio/MaximSDK/Libraries/PeriphDrivers/bin/MAX78000/softfp/libPeriphDriver_softfp.a(pins_ai85.o)
                0x000000001001b828                gpio_cfg_tmr2
 .rodata.gpio_cfg_tmr2b
                0x000000001001b834        0xc /Users/gio/MaximSDK/Libraries/PeriphDrivers/bin/MAX78000/softfp/libPeriphDriver_softfp.a(pins_ai85.o)
                0x000000001001b834                gpio_cfg_tmr2b
 .rodata.gpio_cfg_tmr3
                0x000000001001b840        0xc /Users/gio/MaximSDK/Libraries/PeriphDrivers/bin/MAX78000/softfp/libPeriphDriver_softfp.a(pins_ai85.o)
                0x000000001001b840                gpio_cfg_tmr3
 .rodata.gpio_cfg_tmr3b
                0x000000001001b84c        0xc /Users/gio/MaximSDK/Libraries/PeriphDrivers/bin/MAX78000/softfp/libPeriphDriver_softfp.a(pins_ai85.o)
                0x000000001001b84c                gpio_cfg_tmr3b
 .rodata.gpio_cfg_tmr4
                0x000000001001b858        0xc /Users/gio/MaximSDK/Libraries/PeriphDrivers/bin/MAX78000/softfp/libPeriphDriver_softfp.a(pins_ai85.o)
                0x000000001001b858                gpio_cfg_tmr4
 .rodata.gpio_cfg_tmr5
                0x000000001001b864        0xc /Users/gio/MaximSDK/Libraries/PeriphDrivers/bin/MAX78000/softfp/libPeriphDriver_softfp.a(pins_ai85.o)
                0x000000001001b864                gpio_cfg_tmr5
 .rodata.gpio_cfg_uart0
                0x000000001001b870        0xc /Users/gio/MaximSDK/Libraries/PeriphDrivers/bin/MAX78000/softfp/libPeriphDriver_softfp.a(pins_ai85.o)
                0x000000001001b870                gpio_cfg_uart0
 .rodata.gpio_cfg_uart1
                0x000000001001b87c        0xc /Users/gio/MaximSDK/Libraries/PeriphDrivers/bin/MAX78000/softfp/libPeriphDriver_softfp.a(pins_ai85.o)
                0x000000001001b87c                gpio_cfg_uart1
 .rodata.gpio_cfg_uart2
                0x000000001001b888        0xc /Users/gio/MaximSDK/Libraries/PeriphDrivers/bin/MAX78000/softfp/libPeriphDriver_softfp.a(pins_ai85.o)
                0x000000001001b888                gpio_cfg_uart2
 .rodata.gpio_cfg_uart3
                0x000000001001b894        0xc /Users/gio/MaximSDK/Libraries/PeriphDrivers/bin/MAX78000/softfp/libPeriphDriver_softfp.a(pins_ai85.o)
                0x000000001001b894                gpio_cfg_uart3
 .rodata.MXC_TMR_Init.str1.4
                0x000000001001b8a0       0x58 /Users/gio/MaximSDK/Libraries/PeriphDrivers/bin/MAX78000/softfp/libPeriphDriver_softfp.a(tmr_ai85.o)
 .rodata.MXC_TMR_RevB_ConfigGeneric.str1.4
                0x000000001001b8f8       0x4b /Users/gio/MaximSDK/Libraries/PeriphDrivers/bin/MAX78000/softfp/libPeriphDriver_softfp.a(tmr_revb.o)
                                         0x58 (size before relaxing)
 *fill*         0x000000001001b943        0x1 
 .rodata.MXC_GPIO_Common_Handler.str1.4
                0x000000001001b944       0x6e /Users/gio/MaximSDK/Libraries/PeriphDrivers/bin/MAX78000/softfp/libPeriphDriver_softfp.a(gpio_common.o)
 *fill*         0x000000001001b9b2        0x2 
 .rodata._global_impure_ptr
                0x000000001001b9b4        0x4 /Users/gio/MaximSDK/Tools/GNUTools/10.3/bin/../lib/gcc/arm-none-eabi/10.3.1/../../../../arm-none-eabi/lib/thumb/v7e-m+fp/softfp/libc.a(lib_a-impure.o)
                0x000000001001b9b4                _global_impure_ptr
 .rodata._puts_r.str1.4
                0x000000001001b9b8        0x2 /Users/gio/MaximSDK/Tools/GNUTools/10.3/bin/../lib/gcc/arm-none-eabi/10.3.1/../../../../arm-none-eabi/lib/thumb/v7e-m+fp/softfp/libc.a(lib_a-puts.o)
 *fill*         0x000000001001b9ba        0x2 
 .rodata._vfprintf_r.str1.4
                0x000000001001b9bc       0x42 /Users/gio/MaximSDK/Tools/GNUTools/10.3/bin/../lib/gcc/arm-none-eabi/10.3.1/../../../../arm-none-eabi/lib/thumb/v7e-m+fp/softfp/libc.a(lib_a-vfprintf.o)
 *fill*         0x000000001001b9fe        0x2 
 .rodata.blanks.1
                0x000000001001ba00       0x10 /Users/gio/MaximSDK/Tools/GNUTools/10.3/bin/../lib/gcc/arm-none-eabi/10.3.1/../../../../arm-none-eabi/lib/thumb/v7e-m+fp/softfp/libc.a(lib_a-vfprintf.o)
 .rodata.zeroes.0
                0x000000001001ba10       0x10 /Users/gio/MaximSDK/Tools/GNUTools/10.3/bin/../lib/gcc/arm-none-eabi/10.3.1/../../../../arm-none-eabi/lib/thumb/v7e-m+fp/softfp/libc.a(lib_a-vfprintf.o)
 .rodata._dtoa_r.str1.4
                0x000000001001ba20       0x7e /Users/gio/MaximSDK/Tools/GNUTools/10.3/bin/../lib/gcc/arm-none-eabi/10.3.1/../../../../arm-none-eabi/lib/thumb/v7e-m+fp/softfp/libc.a(lib_a-dtoa.o)
                                         0x82 (size before relaxing)
 *fill*         0x000000001001ba9e        0x2 
 .rodata.__multadd.str1.4
                0x000000001001baa0       0x5b /Users/gio/MaximSDK/Tools/GNUTools/10.3/bin/../lib/gcc/arm-none-eabi/10.3.1/../../../../arm-none-eabi/lib/thumb/v7e-m+fp/softfp/libc.a(lib_a-mprec.o)
                                         0x6f (size before relaxing)
 *fill*         0x000000001001bafb        0x5 
 .rodata.__mprec_bigtens
                0x000000001001bb00       0x28 /Users/gio/MaximSDK/Tools/GNUTools/10.3/bin/../lib/gcc/arm-none-eabi/10.3.1/../../../../arm-none-eabi/lib/thumb/v7e-m+fp/softfp/libc.a(lib_a-mprec.o)
                0x000000001001bb00                __mprec_bigtens
 .rodata.__mprec_tens
                0x000000001001bb28       0xc8 /Users/gio/MaximSDK/Tools/GNUTools/10.3/bin/../lib/gcc/arm-none-eabi/10.3.1/../../../../arm-none-eabi/lib/thumb/v7e-m+fp/softfp/libc.a(lib_a-mprec.o)
                0x000000001001bb28                __mprec_tens
 .rodata.p05.0  0x000000001001bbf0        0xc /Users/gio/MaximSDK/Tools/GNUTools/10.3/bin/../lib/gcc/arm-none-eabi/10.3.1/../../../../arm-none-eabi/lib/thumb/v7e-m+fp/softfp/libc.a(lib_a-mprec.o)
 .rodata._vfiprintf_r.str1.4
                0x000000001001bbfc       0x2f /Users/gio/MaximSDK/Tools/GNUTools/10.3/bin/../lib/gcc/arm-none-eabi/10.3.1/../../../../arm-none-eabi/lib/thumb/v7e-m+fp/softfp/libc.a(lib_a-vfiprintf.o)
 .rodata.blanks.1
                0x000000001001bbfc       0x10 /Users/gio/MaximSDK/Tools/GNUTools/10.3/bin/../lib/gcc/arm-none-eabi/10.3.1/../../../../arm-none-eabi/lib/thumb/v7e-m+fp/softfp/libc.a(lib_a-vfiprintf.o)
 .rodata.zeroes.0
                0x000000001001bc0c       0x10 /Users/gio/MaximSDK/Tools/GNUTools/10.3/bin/../lib/gcc/arm-none-eabi/10.3.1/../../../../arm-none-eabi/lib/thumb/v7e-m+fp/softfp/libc.a(lib_a-vfiprintf.o)
 .rodata.__assert_func.str1.4
                0x000000001001bc1c       0x3f /Users/gio/MaximSDK/Tools/GNUTools/10.3/bin/../lib/gcc/arm-none-eabi/10.3.1/../../../../arm-none-eabi/lib/thumb/v7e-m+fp/softfp/libc.a(lib_a-assert.o)
                                         0x43 (size before relaxing)
 *fill*         0x000000001001bc5b        0x1 
 .rodata._setlocale_r.str1.4
                0x000000001001bc5c        0xa /Users/gio/MaximSDK/Tools/GNUTools/10.3/bin/../lib/gcc/arm-none-eabi/10.3.1/../../../../arm-none-eabi/lib/thumb/v7e-m+fp/softfp/libc.a(lib_a-locale.o)
                                          0xd (size before relaxing)
 *fill*         0x000000001001bc66        0x2 
 .rodata.str1.4
                0x000000001001bc68        0x2 /Users/gio/MaximSDK/Tools/GNUTools/10.3/bin/../lib/gcc/arm-none-eabi/10.3.1/../../../../arm-none-eabi/lib/thumb/v7e-m+fp/softfp/libc.a(lib_a-locale.o)
 *fill*         0x000000001001bc6a        0x2 
 .rodata._ctype_
                0x000000001001bc6c      0x101 /Users/gio/MaximSDK/Tools/GNUTools/10.3/bin/../lib/gcc/arm-none-eabi/10.3.1/../../../../arm-none-eabi/lib/thumb/v7e-m+fp/softfp/libc.a(lib_a-ctype_.o)
                0x000000001001bc6c                _ctype_
 *(.init)
 *fill*         0x000000001001bd6d        0x3 
 .init          0x000000001001bd70        0x4 /Users/gio/MaximSDK/Tools/GNUTools/10.3/bin/../lib/gcc/arm-none-eabi/10.3.1/thumb/v7e-m+fp/softfp/crti.o
                0x000000001001bd70                _init
 .init          0x000000001001bd74        0x8 /Users/gio/MaximSDK/Tools/GNUTools/10.3/bin/../lib/gcc/arm-none-eabi/10.3.1/thumb/v7e-m+fp/softfp/crtn.o
 *(.fini)
 .fini          0x000000001001bd7c        0x4 /Users/gio/MaximSDK/Tools/GNUTools/10.3/bin/../lib/gcc/arm-none-eabi/10.3.1/thumb/v7e-m+fp/softfp/crti.o
                0x000000001001bd7c                _fini
 .fini          0x000000001001bd80        0x8 /Users/gio/MaximSDK/Tools/GNUTools/10.3/bin/../lib/gcc/arm-none-eabi/10.3.1/thumb/v7e-m+fp/softfp/crtn.o
 *(.eh_frame*)
 .eh_frame      0x000000001001bd88        0x0 /Users/gio/MaximSDK/Tools/GNUTools/10.3/bin/../lib/gcc/arm-none-eabi/10.3.1/thumb/v7e-m+fp/softfp/crtbegin.o
 .eh_frame      0x000000001001bd88        0x4 /Users/gio/MaximSDK/Tools/GNUTools/10.3/bin/../lib/gcc/arm-none-eabi/10.3.1/thumb/v7e-m+fp/softfp/crtend.o
                0x000000001001bd8c                _etext = .

.glue_7         0x000000001001bd8c        0x0
 .glue_7        0x000000001001bd8c        0x0 linker stubs

.glue_7t        0x000000001001bd8c        0x0
 .glue_7t       0x000000001001bd8c        0x0 linker stubs

.vfp11_veneer   0x000000001001bd8c        0x0
 .vfp11_veneer  0x000000001001bd8c        0x0 linker stubs

.v4_bx          0x000000001001bd8c        0x0
 .v4_bx         0x000000001001bd8c        0x0 linker stubs

.iplt           0x000000001001bd8c        0x0
 .iplt          0x000000001001bd8c        0x0 /Users/gio/MaximSDK/Tools/GNUTools/10.3/bin/../lib/gcc/arm-none-eabi/10.3.1/thumb/v7e-m+fp/softfp/crtbegin.o

.bin_storage    0x000000001001bd8c        0x0
 FILL mask 0xff
                0x000000001001bd8c                _bin_start_ = .
 *(.bin_storage_img)
                0x000000001001bd8c                _bin_end_ = .
                0x000000001001bd8c                . = ALIGN (0x4)

.rom_code       0x0000000000000000        0x0
                0x0000000000000000                . = ALIGN (0x10)
                0x0000000020000000                _sran_code = .
 *(.rom_code_section)
                0x0000000020000000                _esran_code = .

.flash_code     0x000000001001bd8c        0x4
                0x000000001001bd90                . = ALIGN (0x10)
 *fill*         0x000000001001bd8c        0x4 
                0x0000000020000000                _sran_code = .
 *(.flash_code_section)
                0x0000000020000000                _esran_code = .

.sram_code      0x0000000020000000        0x0
                0x0000000020000000                . = ALIGN (0x10)
                0x0000000020000000                _sran_code = .
 *(.sram_code_section)
                0x0000000020000000                _esran_code = .

.ARM.exidx      0x000000001001bd90        0x8
                0x000000001001bd90                __exidx_start = .
 *(.ARM.exidx*)
 .ARM.exidx     0x000000001001bd90        0x8 /Users/gio/MaximSDK/Tools/GNUTools/10.3/bin/../lib/gcc/arm-none-eabi/10.3.1/thumb/v7e-m+fp/softfp/libgcc.a(_udivmoddi4.o)
                0x000000001001bd98                __exidx_end = .

.rel.dyn        0x000000001001bd98        0x0
 .rel.iplt      0x000000001001bd98        0x0 /Users/gio/MaximSDK/Tools/GNUTools/10.3/bin/../lib/gcc/arm-none-eabi/10.3.1/thumb/v7e-m+fp/softfp/crtbegin.o

.data           0x0000000020000000      0x9c4 load address 0x000000001001bd98
                0x0000000020000000                _data = ALIGN (., 0x4)
 *(.data*)
 .data.ConsoleUart
                0x0000000020000000        0x4 /Users/gio/mnist/build/board.o
                0x0000000020000000                ConsoleUart
 .data.overflows
                0x0000000020000004        0x4 /Users/gio/MaximSDK/Libraries/PeriphDrivers/bin/MAX78000/softfp/libPeriphDriver_softfp.a(mxc_delay.o)
 .data._impure_ptr
                0x0000000020000008        0x4 /Users/gio/MaximSDK/Tools/GNUTools/10.3/bin/../lib/gcc/arm-none-eabi/10.3.1/../../../../arm-none-eabi/lib/thumb/v7e-m+fp/softfp/libc.a(lib_a-impure.o)
                0x0000000020000008                _impure_ptr
 *fill*         0x000000002000000c        0x4 
 .data.impure_data
                0x0000000020000010      0x428 /Users/gio/MaximSDK/Tools/GNUTools/10.3/bin/../lib/gcc/arm-none-eabi/10.3.1/../../../../arm-none-eabi/lib/thumb/v7e-m+fp/softfp/libc.a(lib_a-impure.o)
 .data.__malloc_av_
                0x0000000020000438      0x408 /Users/gio/MaximSDK/Tools/GNUTools/10.3/bin/../lib/gcc/arm-none-eabi/10.3.1/../../../../arm-none-eabi/lib/thumb/v7e-m+fp/softfp/libc.a(lib_a-mallocr.o)
                0x0000000020000438                __malloc_av_
 .data.__malloc_sbrk_base
                0x0000000020000840        0x4 /Users/gio/MaximSDK/Tools/GNUTools/10.3/bin/../lib/gcc/arm-none-eabi/10.3.1/../../../../arm-none-eabi/lib/thumb/v7e-m+fp/softfp/libc.a(lib_a-mallocr.o)
                0x0000000020000840                __malloc_sbrk_base
 .data.__malloc_trim_threshold
                0x0000000020000844        0x4 /Users/gio/MaximSDK/Tools/GNUTools/10.3/bin/../lib/gcc/arm-none-eabi/10.3.1/../../../../arm-none-eabi/lib/thumb/v7e-m+fp/softfp/libc.a(lib_a-mallocr.o)
                0x0000000020000844                __malloc_trim_threshold
 .data.__atexit_recursive_mutex
                0x0000000020000848        0x4 /Users/gio/MaximSDK/Tools/GNUTools/10.3/bin/../lib/gcc/arm-none-eabi/10.3.1/../../../../arm-none-eabi/lib/thumb/v7e-m+fp/softfp/libc.a(lib_a-__call_atexit.o)
                0x0000000020000848                __atexit_recursive_mutex
 .data.__global_locale
                0x000000002000084c      0x16c /Users/gio/MaximSDK/Tools/GNUTools/10.3/bin/../lib/gcc/arm-none-eabi/10.3.1/../../../../arm-none-eabi/lib/thumb/v7e-m+fp/softfp/libc.a(lib_a-locale.o)
                0x000000002000084c                __global_locale
 *(.flashprog*)
                0x00000000200009b8                . = ALIGN (0x4)
                0x00000000200009b8                PROVIDE (__preinit_array_start = .)
 *(.preinit_array)
                0x00000000200009b8                PROVIDE (__preinit_array_end = .)
                0x00000000200009b8                . = ALIGN (0x4)
                0x00000000200009b8                PROVIDE (__init_array_start = .)
 *(SORT_BY_NAME(.init_array.*))
 .init_array.00000
                0x00000000200009b8        0x4 /Users/gio/MaximSDK/Tools/GNUTools/10.3/bin/../lib/gcc/arm-none-eabi/10.3.1/../../../../arm-none-eabi/lib/thumb/v7e-m+fp/softfp/libc.a(lib_a-__call_atexit.o)
 *(.init_array)
 .init_array    0x00000000200009bc        0x4 /Users/gio/MaximSDK/Tools/GNUTools/10.3/bin/../lib/gcc/arm-none-eabi/10.3.1/thumb/v7e-m+fp/softfp/crtbegin.o
                0x00000000200009c0                PROVIDE (__init_array_end = .)
                0x00000000200009c0                . = ALIGN (0x4)
                0x00000000200009c0                PROVIDE (__fini_array_start = .)
 *(SORT_BY_NAME(.fini_array.*))
 *(.fini_array)
 .fini_array    0x00000000200009c0        0x4 /Users/gio/MaximSDK/Tools/GNUTools/10.3/bin/../lib/gcc/arm-none-eabi/10.3.1/thumb/v7e-m+fp/softfp/crtbegin.o
                0x00000000200009c4                PROVIDE (__fini_array_end = .)
                0x00000000200009c4                _edata = ALIGN (., 0x4)
                0x000000001001bd98                __load_data = LOADADDR (.data)

.igot.plt       0x00000000200009c4        0x0 load address 0x000000001001c75c
 .igot.plt      0x00000000200009c4        0x0 /Users/gio/MaximSDK/Tools/GNUTools/10.3/bin/../lib/gcc/arm-none-eabi/10.3.1/thumb/v7e-m+fp/softfp/crtbegin.o

.bss            0x0000000020000a00      0x82c load address 0x000000001001c75c
                0x0000000020000a00                . = ALIGN (0x4)
                0x0000000020000a00                _bss = .
 *(.bss*)
 .bss           0x0000000020000a00       0x1c /Users/gio/MaximSDK/Tools/GNUTools/10.3/bin/../lib/gcc/arm-none-eabi/10.3.1/thumb/v7e-m+fp/softfp/crtbegin.o
 .bss.cnn_time  0x0000000020000a1c        0x4 /Users/gio/mnist/build/main.o
                0x0000000020000a1c                cnn_time
 .bss.ml_data   0x0000000020000a20       0x28 /Users/gio/mnist/build/main.o
 .bss.ml_softmax
                0x0000000020000a48       0x14 /Users/gio/mnist/build/main.o
 .bss.heap_end  0x0000000020000a5c        0x4 /Users/gio/mnist/build/heap.o
 .bss.cbFunc    0x0000000020000a60        0x4 /Users/gio/MaximSDK/Libraries/PeriphDrivers/bin/MAX78000/softfp/libPeriphDriver_softfp.a(mxc_delay.o)
 .bss.ctrl_save
                0x0000000020000a64        0x4 /Users/gio/MaximSDK/Libraries/PeriphDrivers/bin/MAX78000/softfp/libPeriphDriver_softfp.a(mxc_delay.o)
 .bss.endtick   0x0000000020000a68        0x4 /Users/gio/MaximSDK/Libraries/PeriphDrivers/bin/MAX78000/softfp/libPeriphDriver_softfp.a(mxc_delay.o)
 *fill*         0x0000000020000a6c      0x194 
 .bss.ramVectorTable
                0x0000000020000c00      0x1e0 /Users/gio/MaximSDK/Libraries/PeriphDrivers/bin/MAX78000/softfp/libPeriphDriver_softfp.a(nvic_table.o)
 .bss.callback  0x0000000020000de0      0x200 /Users/gio/MaximSDK/Libraries/PeriphDrivers/bin/MAX78000/softfp/libPeriphDriver_softfp.a(gpio_common.o)
 .bss.cbparam   0x0000000020000fe0      0x200 /Users/gio/MaximSDK/Libraries/PeriphDrivers/bin/MAX78000/softfp/libPeriphDriver_softfp.a(gpio_common.o)
 .bss.initialized
                0x00000000200011e0        0x1 /Users/gio/MaximSDK/Libraries/PeriphDrivers/bin/MAX78000/softfp/libPeriphDriver_softfp.a(gpio_common.o)
 *fill*         0x00000000200011e1        0x3 
 .bss.__malloc_current_mallinfo
                0x00000000200011e4       0x28 /Users/gio/MaximSDK/Tools/GNUTools/10.3/bin/../lib/gcc/arm-none-eabi/10.3.1/../../../../arm-none-eabi/lib/thumb/v7e-m+fp/softfp/libc.a(lib_a-mallocr.o)
                0x00000000200011e4                __malloc_current_mallinfo
 .bss.__malloc_max_sbrked_mem
                0x000000002000120c        0x4 /Users/gio/MaximSDK/Tools/GNUTools/10.3/bin/../lib/gcc/arm-none-eabi/10.3.1/../../../../arm-none-eabi/lib/thumb/v7e-m+fp/softfp/libc.a(lib_a-mallocr.o)
                0x000000002000120c                __malloc_max_sbrked_mem
 .bss.__malloc_max_total_mem
                0x0000000020001210        0x4 /Users/gio/MaximSDK/Tools/GNUTools/10.3/bin/../lib/gcc/arm-none-eabi/10.3.1/../../../../arm-none-eabi/lib/thumb/v7e-m+fp/softfp/libc.a(lib_a-mallocr.o)
                0x0000000020001210                __malloc_max_total_mem
 .bss.__malloc_top_pad
                0x0000000020001214        0x4 /Users/gio/MaximSDK/Tools/GNUTools/10.3/bin/../lib/gcc/arm-none-eabi/10.3.1/../../../../arm-none-eabi/lib/thumb/v7e-m+fp/softfp/libc.a(lib_a-mallocr.o)
                0x0000000020001214                __malloc_top_pad
 .bss.__lock___atexit_recursive_mutex
                0x0000000020001218        0x1 /Users/gio/MaximSDK/Tools/GNUTools/10.3/bin/../lib/gcc/arm-none-eabi/10.3.1/../../../../arm-none-eabi/lib/thumb/v7e-m+fp/softfp/libc.a(lib_a-lock.o)
                0x0000000020001218                __lock___atexit_recursive_mutex
 *fill*         0x0000000020001219        0x3 
 .bss.__lock___malloc_recursive_mutex
                0x000000002000121c        0x1 /Users/gio/MaximSDK/Tools/GNUTools/10.3/bin/../lib/gcc/arm-none-eabi/10.3.1/../../../../arm-none-eabi/lib/thumb/v7e-m+fp/softfp/libc.a(lib_a-lock.o)
                0x000000002000121c                __lock___malloc_recursive_mutex
 *fill*         0x000000002000121d        0x3 
 .bss.__lock___sfp_recursive_mutex
                0x0000000020001220        0x1 /Users/gio/MaximSDK/Tools/GNUTools/10.3/bin/../lib/gcc/arm-none-eabi/10.3.1/../../../../arm-none-eabi/lib/thumb/v7e-m+fp/softfp/libc.a(lib_a-lock.o)
                0x0000000020001220                __lock___sfp_recursive_mutex
 *fill*         0x0000000020001221        0x3 
 .bss.__lock___sinit_recursive_mutex
                0x0000000020001224        0x1 /Users/gio/MaximSDK/Tools/GNUTools/10.3/bin/../lib/gcc/arm-none-eabi/10.3.1/../../../../arm-none-eabi/lib/thumb/v7e-m+fp/softfp/libc.a(lib_a-lock.o)
                0x0000000020001224                __lock___sinit_recursive_mutex
 *fill*         0x0000000020001225        0x3 
 .bss.errno     0x0000000020001228        0x4 /Users/gio/MaximSDK/Tools/GNUTools/10.3/bin/../lib/gcc/arm-none-eabi/10.3.1/../../../../arm-none-eabi/lib/thumb/v7e-m+fp/softfp/libc.a(lib_a-reent.o)
                0x0000000020001228                errno
 *(COMMON)
                0x000000002000122c                _ebss = ALIGN (., 0x4)

.shared         0x000000002000122c        0x4 load address 0x000000001001c75c
                0x000000002000122c                . = ALIGN (0x4)
                0x000000002000122c                _shared = .
 *(.mailbox*)
                0x000000002000122c                . = ALIGN (0x4)
 *(.shared*)
 .shared        0x000000002000122c        0x4 /Users/gio/mnist/build/system_max78000.o
                0x000000002000122c                SystemCoreClock
                0x0000000020001230                _eshared = ALIGN (., 0x4)
                0x000000001001c75c                __shared_data = LOADADDR (.shared)
                0x0000000020020000                __StackTop = (ORIGIN (SRAM) + LENGTH (SRAM))
                0x000000002001f000                __StackLimit = (__StackTop - SIZEOF (.stack_dummy))

.stack_dummy    0x0000000020001230     0x1000 load address 0x000000001001c760
 *(.stack*)
 .stack         0x0000000020001230     0x1000 /Users/gio/mnist/build/startup_max78000.o

.heap           0x0000000020001230      0xc00 load address 0x000000001001c760
                0x0000000020001230                . = ALIGN (0x4)
 *(.heap*)
 .heap          0x0000000020001230      0xc00 /Users/gio/mnist/build/startup_max78000.o
                0x0000000020001230                __HeapBase
                0x000000002001f000                __HeapLimit = ABSOLUTE (__StackLimit)
                0x0000000020020000                PROVIDE (__stack = __StackTop)
                0x0000000000000001                ASSERT ((__StackLimit >= _ebss), region RAM overflowed with stack)
OUTPUT(/Users/gio/mnist/build/mnist.elf elf32-littlearm)
LOAD linker stubs

.ARM.attributes
                0x0000000000000000       0x2e
 .ARM.attributes
                0x0000000000000000       0x1e /Users/gio/MaximSDK/Tools/GNUTools/10.3/bin/../lib/gcc/arm-none-eabi/10.3.1/thumb/v7e-m+fp/softfp/crti.o
 .ARM.attributes
                0x000000000000001e       0x32 /Users/gio/MaximSDK/Tools/GNUTools/10.3/bin/../lib/gcc/arm-none-eabi/10.3.1/thumb/v7e-m+fp/softfp/crtbegin.o
 .ARM.attributes
                0x0000000000000050       0x32 /Users/gio/mnist/build/main.o
 .ARM.attributes
                0x0000000000000082       0x32 /Users/gio/mnist/build/cnn.o
 .ARM.attributes
                0x00000000000000b4       0x32 /Users/gio/mnist/build/softmax.o
 .ARM.attributes
                0x00000000000000e6       0x32 /Users/gio/mnist/build/board.o
 .ARM.attributes
                0x0000000000000118       0x32 /Users/gio/mnist/build/stdio.o
 .ARM.attributes
                0x000000000000014a       0x32 /Users/gio/mnist/build/led.o
 .ARM.attributes
                0x000000000000017c       0x32 /Users/gio/mnist/build/pb.o
 .ARM.attributes
                0x00000000000001ae       0x1b /Users/gio/mnist/build/startup_max78000.o
 .ARM.attributes
                0x00000000000001c9       0x32 /Users/gio/mnist/build/heap.o
 .ARM.attributes
                0x00000000000001fb       0x32 /Users/gio/mnist/build/system_max78000.o
 .ARM.attributes
                0x000000000000022d       0x32 /Users/gio/MaximSDK/Libraries/PeriphDrivers/bin/MAX78000/softfp/libPeriphDriver_softfp.a(mxc_delay.o)
 .ARM.attributes
                0x000000000000025f       0x32 /Users/gio/MaximSDK/Libraries/PeriphDrivers/bin/MAX78000/softfp/libPeriphDriver_softfp.a(pins_ai85.o)
 .ARM.attributes
                0x0000000000000291       0x32 /Users/gio/MaximSDK/Libraries/PeriphDrivers/bin/MAX78000/softfp/libPeriphDriver_softfp.a(sys_ai85.o)
 .ARM.attributes
                0x00000000000002c3       0x32 /Users/gio/MaximSDK/Libraries/PeriphDrivers/bin/MAX78000/softfp/libPeriphDriver_softfp.a(nvic_table.o)
 .ARM.attributes
                0x00000000000002f5       0x32 /Users/gio/MaximSDK/Libraries/PeriphDrivers/bin/MAX78000/softfp/libPeriphDriver_softfp.a(gpio_ai85.o)
 .ARM.attributes
                0x0000000000000327       0x32 /Users/gio/MaximSDK/Libraries/PeriphDrivers/bin/MAX78000/softfp/libPeriphDriver_softfp.a(gpio_reva.o)
 .ARM.attributes
                0x0000000000000359       0x32 /Users/gio/MaximSDK/Libraries/PeriphDrivers/bin/MAX78000/softfp/libPeriphDriver_softfp.a(icc_me17.o)
 .ARM.attributes
                0x000000000000038b       0x32 /Users/gio/MaximSDK/Libraries/PeriphDrivers/bin/MAX78000/softfp/libPeriphDriver_softfp.a(icc_reva.o)
 .ARM.attributes
                0x00000000000003bd       0x32 /Users/gio/MaximSDK/Libraries/PeriphDrivers/bin/MAX78000/softfp/libPeriphDriver_softfp.a(tmr_ai85.o)
 .ARM.attributes
                0x00000000000003ef       0x32 /Users/gio/MaximSDK/Libraries/PeriphDrivers/bin/MAX78000/softfp/libPeriphDriver_softfp.a(tmr_revb.o)
 .ARM.attributes
                0x0000000000000421       0x32 /Users/gio/MaximSDK/Libraries/PeriphDrivers/bin/MAX78000/softfp/libPeriphDriver_softfp.a(uart_ai85.o)
 .ARM.attributes
                0x0000000000000453       0x32 /Users/gio/MaximSDK/Libraries/PeriphDrivers/bin/MAX78000/softfp/libPeriphDriver_softfp.a(uart_common.o)
 .ARM.attributes
                0x0000000000000485       0x32 /Users/gio/MaximSDK/Libraries/PeriphDrivers/bin/MAX78000/softfp/libPeriphDriver_softfp.a(uart_revb.o)
 .ARM.attributes
                0x00000000000004b7       0x32 /Users/gio/MaximSDK/Libraries/PeriphDrivers/bin/MAX78000/softfp/libPeriphDriver_softfp.a(gpio_common.o)
 .ARM.attributes
                0x00000000000004e9       0x32 /Users/gio/MaximSDK/Libraries/PeriphDrivers/bin/MAX78000/softfp/libPeriphDriver_softfp.a(tmr_common.o)
 .ARM.attributes
                0x000000000000051b       0x32 /Users/gio/MaximSDK/Tools/GNUTools/10.3/bin/../lib/gcc/arm-none-eabi/10.3.1/../../../../arm-none-eabi/lib/thumb/v7e-m+fp/softfp/libc.a(lib_a-errno.o)
 .ARM.attributes
                0x000000000000054d       0x32 /Users/gio/MaximSDK/Tools/GNUTools/10.3/bin/../lib/gcc/arm-none-eabi/10.3.1/../../../../arm-none-eabi/lib/thumb/v7e-m+fp/softfp/libc.a(lib_a-impure.o)
 .ARM.attributes
                0x000000000000057f       0x32 /Users/gio/MaximSDK/Tools/GNUTools/10.3/bin/../lib/gcc/arm-none-eabi/10.3.1/../../../../arm-none-eabi/lib/thumb/v7e-m+fp/softfp/libc.a(lib_a-init.o)
 .ARM.attributes
                0x00000000000005b1       0x32 /Users/gio/MaximSDK/Tools/GNUTools/10.3/bin/../lib/gcc/arm-none-eabi/10.3.1/../../../../arm-none-eabi/lib/thumb/v7e-m+fp/softfp/libc.a(lib_a-mallocr.o)
 .ARM.attributes
                0x00000000000005e3       0x1c /Users/gio/MaximSDK/Tools/GNUTools/10.3/bin/../lib/gcc/arm-none-eabi/10.3.1/../../../../arm-none-eabi/lib/thumb/v7e-m+fp/softfp/libc.a(lib_a-memcpy.o)
 .ARM.attributes
                0x00000000000005ff       0x32 /Users/gio/MaximSDK/Tools/GNUTools/10.3/bin/../lib/gcc/arm-none-eabi/10.3.1/../../../../arm-none-eabi/lib/thumb/v7e-m+fp/softfp/libc.a(lib_a-memset.o)
 .ARM.attributes
                0x0000000000000631       0x32 /Users/gio/MaximSDK/Tools/GNUTools/10.3/bin/../lib/gcc/arm-none-eabi/10.3.1/../../../../arm-none-eabi/lib/thumb/v7e-m+fp/softfp/libc.a(lib_a-mlock.o)
 .ARM.attributes
                0x0000000000000663       0x32 /Users/gio/MaximSDK/Tools/GNUTools/10.3/bin/../lib/gcc/arm-none-eabi/10.3.1/../../../../arm-none-eabi/lib/thumb/v7e-m+fp/softfp/libc.a(lib_a-printf.o)
 .ARM.attributes
                0x0000000000000695       0x32 /Users/gio/MaximSDK/Tools/GNUTools/10.3/bin/../lib/gcc/arm-none-eabi/10.3.1/../../../../arm-none-eabi/lib/thumb/v7e-m+fp/softfp/libc.a(lib_a-puts.o)
 .ARM.attributes
                0x00000000000006c7       0x32 /Users/gio/MaximSDK/Tools/GNUTools/10.3/bin/../lib/gcc/arm-none-eabi/10.3.1/../../../../arm-none-eabi/lib/thumb/v7e-m+fp/softfp/libc.a(lib_a-sbrkr.o)
 .ARM.attributes
                0x00000000000006f9       0x1c /Users/gio/MaximSDK/Tools/GNUTools/10.3/bin/../lib/gcc/arm-none-eabi/10.3.1/../../../../arm-none-eabi/lib/thumb/v7e-m+fp/softfp/libc.a(lib_a-strlen.o)
 .ARM.attributes
                0x0000000000000715       0x32 /Users/gio/MaximSDK/Tools/GNUTools/10.3/bin/../lib/gcc/arm-none-eabi/10.3.1/../../../../arm-none-eabi/lib/thumb/v7e-m+fp/softfp/libc.a(lib_a-vfprintf.o)
 .ARM.attributes
                0x0000000000000747       0x32 /Users/gio/MaximSDK/Tools/GNUTools/10.3/bin/../lib/gcc/arm-none-eabi/10.3.1/../../../../arm-none-eabi/lib/thumb/v7e-m+fp/softfp/libc.a(lib_a-wsetup.o)
 .ARM.attributes
                0x0000000000000779       0x32 /Users/gio/MaximSDK/Tools/GNUTools/10.3/bin/../lib/gcc/arm-none-eabi/10.3.1/../../../../arm-none-eabi/lib/thumb/v7e-m+fp/softfp/libc.a(lib_a-__call_atexit.o)
 .ARM.attributes
                0x00000000000007ab       0x32 /Users/gio/MaximSDK/Tools/GNUTools/10.3/bin/../lib/gcc/arm-none-eabi/10.3.1/../../../../arm-none-eabi/lib/thumb/v7e-m+fp/softfp/libc.a(lib_a-atexit.o)
 .ARM.attributes
                0x00000000000007dd       0x32 /Users/gio/MaximSDK/Tools/GNUTools/10.3/bin/../lib/gcc/arm-none-eabi/10.3.1/../../../../arm-none-eabi/lib/thumb/v7e-m+fp/softfp/libc.a(lib_a-dtoa.o)
 .ARM.attributes
                0x000000000000080f       0x32 /Users/gio/MaximSDK/Tools/GNUTools/10.3/bin/../lib/gcc/arm-none-eabi/10.3.1/../../../../arm-none-eabi/lib/thumb/v7e-m+fp/softfp/libc.a(lib_a-fflush.o)
 .ARM.attributes
                0x0000000000000841       0x32 /Users/gio/MaximSDK/Tools/GNUTools/10.3/bin/../lib/gcc/arm-none-eabi/10.3.1/../../../../arm-none-eabi/lib/thumb/v7e-m+fp/softfp/libc.a(lib_a-findfp.o)
 .ARM.attributes
                0x0000000000000873       0x32 /Users/gio/MaximSDK/Tools/GNUTools/10.3/bin/../lib/gcc/arm-none-eabi/10.3.1/../../../../arm-none-eabi/lib/thumb/v7e-m+fp/softfp/libc.a(lib_a-fini.o)
 .ARM.attributes