Archive member included to satisfy reference by file (symbol)

/Users/gio/MaximSDK/Libraries/PeriphDrivers/bin/MAX78000/softfp/libPeriphDriver_softfp.a(mxc_delay.o)
                              /Users/gio/Online-Learning-on-Max78000/build/main.o (MXC_Delay)
/Users/gio/MaximSDK/Libraries/PeriphDrivers/bin/MAX78000/softfp/libPeriphDriver_softfp.a(pins_ai85.o)
                              /Users/gio/Online-Learning-on-Max78000/build/camera.o (gpio_cfg_pcif_xclk)
/Users/gio/MaximSDK/Libraries/PeriphDrivers/bin/MAX78000/softfp/libPeriphDriver_softfp.a(sys_ai85.o)
                              /Users/gio/Online-Learning-on-Max78000/build/cnn.o (MXC_SYS_ClockDisable)
/Users/gio/MaximSDK/Libraries/PeriphDrivers/bin/MAX78000/softfp/libPeriphDriver_softfp.a(nvic_table.o)
                              /Users/gio/Online-Learning-on-Max78000/build/cnn.o (NVIC_SetVector)
/Users/gio/MaximSDK/Libraries/PeriphDrivers/bin/MAX78000/softfp/libPeriphDriver_softfp.a(cameraif_ai85.o)
                              /Users/gio/Online-Learning-on-Max78000/build/camera.o (MXC_PCIF_Init)
/Users/gio/MaximSDK/Libraries/PeriphDrivers/bin/MAX78000/softfp/libPeriphDriver_softfp.a(cameraif_reva.o)
                              /Users/gio/MaximSDK/Libraries/PeriphDrivers/bin/MAX78000/softfp/libPeriphDriver_softfp.a(cameraif_ai85.o) (MXC_PCIF_RevA_SetDatawidth)
/Users/gio/MaximSDK/Libraries/PeriphDrivers/bin/MAX78000/softfp/libPeriphDriver_softfp.a(dma_me17.o)
                              /Users/gio/Online-Learning-on-Max78000/build/camera.o (MXC_DMA_SetCallback)
/Users/gio/MaximSDK/Libraries/PeriphDrivers/bin/MAX78000/softfp/libPeriphDriver_softfp.a(dma_reva.o)
                              /Users/gio/MaximSDK/Libraries/PeriphDrivers/bin/MAX78000/softfp/libPeriphDriver_softfp.a(dma_me17.o) (MXC_DMA_RevA_Init)
/Users/gio/MaximSDK/Libraries/PeriphDrivers/bin/MAX78000/softfp/libPeriphDriver_softfp.a(flc_me17.o)
                              /Users/gio/MaximSDK/Libraries/PeriphDrivers/bin/MAX78000/softfp/libPeriphDriver_softfp.a(sys_ai85.o) (MXC_FLC_UnlockInfoBlock)
/Users/gio/MaximSDK/Libraries/PeriphDrivers/bin/MAX78000/softfp/libPeriphDriver_softfp.a(flc_revb.o)
                              /Users/gio/MaximSDK/Libraries/PeriphDrivers/bin/MAX78000/softfp/libPeriphDriver_softfp.a(flc_me17.o) (MXC_FLC_RevB_Busy)
/Users/gio/MaximSDK/Libraries/PeriphDrivers/bin/MAX78000/softfp/libPeriphDriver_softfp.a(gpio_ai85.o)
                              /Users/gio/Online-Learning-on-Max78000/build/cnn.o (MXC_GPIO_Config)
/Users/gio/MaximSDK/Libraries/PeriphDrivers/bin/MAX78000/softfp/libPeriphDriver_softfp.a(gpio_reva.o)
                              /Users/gio/MaximSDK/Libraries/PeriphDrivers/bin/MAX78000/softfp/libPeriphDriver_softfp.a(gpio_ai85.o) (MXC_GPIO_RevA_InGet)
/Users/gio/MaximSDK/Libraries/PeriphDrivers/bin/MAX78000/softfp/libPeriphDriver_softfp.a(i2c_me17.o)
                              /Users/gio/Online-Learning-on-Max78000/build/max20303.o (MXC_I2C_Init)
/Users/gio/MaximSDK/Libraries/PeriphDrivers/bin/MAX78000/softfp/libPeriphDriver_softfp.a(i2c_reva.o)
                              /Users/gio/MaximSDK/Libraries/PeriphDrivers/bin/MAX78000/softfp/libPeriphDriver_softfp.a(i2c_me17.o) (MXC_I2C_RevA_DMACallback)
/Users/gio/MaximSDK/Libraries/PeriphDrivers/bin/MAX78000/softfp/libPeriphDriver_softfp.a(icc_me17.o)
                              /Users/gio/Online-Learning-on-Max78000/build/main.o (MXC_ICC_Enable)
/Users/gio/MaximSDK/Libraries/PeriphDrivers/bin/MAX78000/softfp/libPeriphDriver_softfp.a(icc_reva.o)
                              /Users/gio/MaximSDK/Libraries/PeriphDrivers/bin/MAX78000/softfp/libPeriphDriver_softfp.a(icc_me17.o) (MXC_ICC_RevA_ID)
/Users/gio/MaximSDK/Libraries/PeriphDrivers/bin/MAX78000/softfp/libPeriphDriver_softfp.a(pt_me17.o)
                              /Users/gio/Online-Learning-on-Max78000/build/camera.o (MXC_PT_Init)
/Users/gio/MaximSDK/Libraries/PeriphDrivers/bin/MAX78000/softfp/libPeriphDriver_softfp.a(pt_reva.o)
                              /Users/gio/MaximSDK/Libraries/PeriphDrivers/bin/MAX78000/softfp/libPeriphDriver_softfp.a(pt_me17.o) (MXC_PT_RevA_Init)
/Users/gio/MaximSDK/Libraries/PeriphDrivers/bin/MAX78000/softfp/libPeriphDriver_softfp.a(spi_me17.o)
                              /Users/gio/Online-Learning-on-Max78000/build/tft_ili9341.o (MXC_SPI_Init)
/Users/gio/MaximSDK/Libraries/PeriphDrivers/bin/MAX78000/softfp/libPeriphDriver_softfp.a(spi_reva.o)
                              /Users/gio/MaximSDK/Libraries/PeriphDrivers/bin/MAX78000/softfp/libPeriphDriver_softfp.a(spi_me17.o) (MXC_SPI_RevA_Init)
/Users/gio/MaximSDK/Libraries/PeriphDrivers/bin/MAX78000/softfp/libPeriphDriver_softfp.a(tmr_ai85.o)
                              /Users/gio/Online-Learning-on-Max78000/build/cnn.o (MXC_TMR_SW_Start)
/Users/gio/MaximSDK/Libraries/PeriphDrivers/bin/MAX78000/softfp/libPeriphDriver_softfp.a(tmr_revb.o)
[...]
Memory Configuration

Name             Origin             Length             Attributes
ROM              0x0000000000000000 0x0000000000010000 xr
FLASH            0x0000000010000000 0x0000000000080000 xr
SRAM             0x0000000020000000 0x0000000000020000 xrw
*default*        0x0000000000000000 0xffffffffffffffff

Linker script and memory map

LOAD /Users/gio/MaximSDK/Tools/GNUTools/10.3/bin/../lib/gcc/arm-none-eabi/10.3.1/thumb/v7e-m+fp/softfp/crti.o
LOAD /Users/gio/MaximSDK/Tools/GNUTools/10.3/bin/../lib/gcc/arm-none-eabi/10.3.1/thumb/v7e-m+fp/softfp/crtbegin.o
LOAD /Users/gio/MaximSDK/Tools/GNUTools/10.3/bin/../lib/gcc/arm-none-eabi/10.3.1/../../../../arm-none-eabi/lib/thumb/v7e-m+fp/softfp/crt0.o
LOAD /Users/gio/Online-Learning-on-Max78000/build/main.o
LOAD /Users/gio/Online-Learning-on-Max78000/build/cnn.o
LOAD /Users/gio/Online-Learning-on-Max78000/build/softmax.o
LOAD /Users/gio/Online-Learning-on-Max78000/build/backpropagation.o
LOAD /Users/gio/Online-Learning-on-Max78000/build/weights.o
LOAD /Users/gio/Online-Learning-on-Max78000/build/board.o
LOAD /Users/gio/Online-Learning-on-Max78000/build/stdio.o
LOAD /Users/gio/Online-Learning-on-Max78000/build/led.o
LOAD /Users/gio/Online-Learning-on-Max78000/build/pb.o
LOAD /Users/gio/Online-Learning-on-Max78000/build/tft_ili9341.o
LOAD /Users/gio/Online-Learning-on-Max78000/build/camera.o
LOAD /Users/gio/Online-Learning-on-Max78000/build/ov7692.o
LOAD /Users/gio/Online-Learning-on-Max78000/build/sccb.o
LOAD /Users/gio/Online-Learning-on-Max78000/build/max20303.o
LOAD /Users/gio/Online-Learning-on-Max78000/build/startup_max78000.o
LOAD /Users/gio/Online-Learning-on-Max78000/build/heap.o
LOAD /Users/gio/Online-Learning-on-Max78000/build/system_max78000.o
START GROUP
LOAD /Users/gio/MaximSDK/Libraries/PeriphDrivers/bin/MAX78000/softfp/libPeriphDriver_softfp.a
LOAD /Users/gio/MaximSDK/Tools/GNUTools/10.3/bin/../lib/gcc/arm-none-eabi/10.3.1/../../../../arm-none-eabi/lib/thumb/v7e-m+fp/softfp/libc.a
LOAD /Users/gio/MaximSDK/Tools/GNUTools/10.3/bin/../lib/gcc/arm-none-eabi/10.3.1/../../../../arm-none-eabi/lib/thumb/v7e-m+fp/softfp/libm.a
LOAD /Users/gio/MaximSDK/Tools/GNUTools/10.3/bin/../lib/gcc/arm-none-eabi/10.3.1/../../../../arm-none-eabi/lib/thumb/v7e-m+fp/softfp/libnosys.a
END GROUP
START GROUP
LOAD /Users/gio/MaximSDK/Tools/GNUTools/10.3/bin/../lib/gcc/arm-none-eabi/10.3.1/thumb/v7e-m+fp/softfp/libgcc.a
LOAD /Users/gio/MaximSDK/Tools/GNUTools/10.3/bin/../lib/gcc/arm-none-eabi/10.3.1/../../../../arm-none-eabi/lib/thumb/v7e-m+fp/softfp/libc.a
END GROUP
LOAD /Users/gio/MaximSDK/Tools/GNUTools/10.3/bin/../lib/gcc/arm-none-eabi/10.3.1/thumb/v7e-m+fp/softfp/crtend.o
LOAD /Users/gio/MaximSDK/Tools/GNUTools/10.3/bin/../lib/gcc/arm-none-eabi/10.3.1/thumb/v7e-m+fp/softfp/crtn.o

.rom
 *(.rom_vector)
 *(.rom_handlers*)

.text           0x0000000010000000     0xc154
                0x0000000010000000                _text = .
 *(.isr_vector)
 .isr_vector    0x0000000010000000      0x1e0 /Users/gio/Online-Learning-on-Max78000/build/startup_max78000.o
                0x0000000010000000                __isr_vector
 *(.text*)
 .text          0x00000000100001e0       0x40 /Users/gio/MaximSDK/Tools/GNUTools/10.3/bin/../lib/gcc/arm-none-eabi/10.3.1/thumb/v7e-m+fp/softfp/crtbegin.o
 .text.startup.main
                0x0000000010000220      0x2f4 /Users/gio/Online-Learning-on-Max78000/build/main.o
                0x0000000010000220                main
 .text.CNN_ISR  0x0000000010000514       0x50 /Users/gio/Online-Learning-on-Max78000/build/cnn.o
                0x0000000010000514                CNN_ISR
 .text.memcpy32
                0x0000000010000564       0x1c /Users/gio/Online-Learning-on-Max78000/build/cnn.o
                0x0000000010000564                memcpy32
 .text.cnn_load_weights
                0x0000000010000580       0x50 /Users/gio/Online-Learning-on-Max78000/build/cnn.o
                0x0000000010000580                cnn_load_weights
 .text.cnn_load_bias
                0x00000000100005d0       0x2c /Users/gio/Online-Learning-on-Max78000/build/cnn.o
                0x00000000100005d0                cnn_load_bias
 .text.cnn_init
                0x00000000100005fc       0x54 /Users/gio/Online-Learning-on-Max78000/build/cnn.o
                0x00000000100005fc                cnn_init
 .text.cnn_start
                0x0000000010000650       0x54 /Users/gio/Online-Learning-on-Max78000/build/cnn.o
                0x0000000010000650                cnn_start
 .text.cnn_unload
                0x00000000100006a4       0x3c /Users/gio/Online-Learning-on-Max78000/build/cnn.o
                0x00000000100006a4                cnn_unload
 .text.cnn_unload_frozen_layer
                0x00000000100006e0       0xf8 /Users/gio/Online-Learning-on-Max78000/build/cnn.o
                0x00000000100006e0                cnn_unload_frozen_layer
 .text.cnn_enable
                0x00000000100007d8       0x3c /Users/gio/Online-Learning-on-Max78000/build/cnn.o
                0x00000000100007d8                cnn_enable
 .text.cnn_disable
                0x0000000010000814       0x20 /Users/gio/Online-Learning-on-Max78000/build/cnn.o
                0x0000000010000814                cnn_disable
 .text.cnn_configure_layer_0to4
                0x0000000010000834      0x6ec /Users/gio/Online-Learning-on-Max78000/build/cnn.o
                0x0000000010000834                cnn_configure_layer_0to4
 .text.cnn_stop_SMs
                0x0000000010000f20       0x30 /Users/gio/Online-Learning-on-Max78000/build/cnn.o
                0x0000000010000f20                cnn_stop_SMs
 .text.cnn_set_layer_count
                0x0000000010000f50       0x3c /Users/gio/Online-Learning-on-Max78000/build/cnn.o
                0x0000000010000f50                cnn_set_layer_count
 .text.cnn_config_layer
                0x0000000010000f8c       0x18 /Users/gio/Online-Learning-on-Max78000/build/cnn.o
                0x0000000010000f8c                cnn_config_layer
 .text.get_next_OS_layer
                0x0000000010000fa4       0x24 /Users/gio/Online-Learning-on-Max78000/build/cnn.o
                0x0000000010000fa4                get_next_OS_layer
 .text.softmax_q17p14_q15
                0x0000000010000fc8       0xa8 /Users/gio/Online-Learning-on-Max78000/build/softmax.o
                0x0000000010000fc8                softmax_q17p14_q15
 .text.array_substraction
                0x0000000010001070       0x60 /Users/gio/Online-Learning-on-Max78000/build/backpropagation.o
                0x0000000010001070                array_substraction
 .text.mod2     0x00000000100010d0      0x10c /Users/gio/Online-Learning-on-Max78000/build/backpropagation.o
                0x00000000100010d0                mod2
 .text.output_layer_3
                0x00000000100011dc      0x15c /Users/gio/Online-Learning-on-Max78000/build/backpropagation.o
                0x00000000100011dc                output_layer_3
 .text.split_7  0x0000000010001338      0x430 /Users/gio/Online-Learning-on-Max78000/build/backpropagation.o
                0x0000000010001338                split_7
 .text.split_6  0x0000000010001768      0xa7c /Users/gio/Online-Learning-on-Max78000/build/backpropagation.o
                0x0000000010001768                split_6
 .text.split_5  0x00000000100021e4      0x28c /Users/gio/Online-Learning-on-Max78000/build/backpropagation.o
                0x00000000100021e4                split_5
 .text.find_weights
                0x0000000010002470      0x5a4 /Users/gio/Online-Learning-on-Max78000/build/backpropagation.o
                0x0000000010002470                find_weights
 .text.bias_update
                0x0000000010002a14       0x3c /Users/gio/Online-Learning-on-Max78000/build/backpropagation.o
                0x0000000010002a14                bias_update
 .text.mxc_assert
                0x0000000010002a50       0x10 /Users/gio/Online-Learning-on-Max78000/build/board.o
                0x0000000010002a50                mxc_assert
 .text.Board_Init
                0x0000000010002a60       0x6c /Users/gio/Online-Learning-on-Max78000/build/board.o
                0x0000000010002a60                Board_Init
 .text.NMI_Handler
                0x0000000010002acc        0x4 /Users/gio/Online-Learning-on-Max78000/build/board.o
                0x0000000010002acc                NMI_Handler
 .text._close   0x0000000010002ad0        0x8 /Users/gio/Online-Learning-on-Max78000/build/stdio.o
                0x0000000010002ad0                _close
 .text._isatty  0x0000000010002ad8        0x8 /Users/gio/Online-Learning-on-Max78000/build/stdio.o
                0x0000000010002ad8                _isatty
 .text._lseek   0x0000000010002ae0        0x8 /Users/gio/Online-Learning-on-Max78000/build/stdio.o
                0x0000000010002ae0                _lseek
 .text._fstat   0x0000000010002ae8        0x8 /Users/gio/Online-Learning-on-Max78000/build/stdio.o
                0x0000000010002ae8                _fstat
 .text._read    0x0000000010002af0       0x50 /Users/gio/Online-Learning-on-Max78000/build/stdio.o
                0x0000000010002af0                _read
 .text._write   0x0000000010002b40       0x54 /Users/gio/Online-Learning-on-Max78000/build/stdio.o
                0x0000000010002b40                _write
 .text.LED_Init
                0x0000000010002b94       0x40 /Users/gio/Online-Learning-on-Max78000/build/led.o
                0x0000000010002b94                LED_Init
 .text.LED_On   0x0000000010002bd4       0x40 /Users/gio/Online-Learning-on-Max78000/build/led.o
                0x0000000010002bd4                LED_On
 .text.LED_Off  0x0000000010002c14       0x40 /Users/gio/Online-Learning-on-Max78000/build/led.o
                0x0000000010002c14                LED_Off
 .text.PB_Init  0x0000000010002c54       0x38 /Users/gio/Online-Learning-on-Max78000/build/pb.o
                0x0000000010002c54                PB_Init
 .text.GPIO0_IRQHandler
                0x0000000010002c8c        0x8 /Users/gio/Online-Learning-on-Max78000/build/pb.o
                0x0000000010002c8c                GPIO0_IRQHandler
 .text.GPIO1_IRQHandler
                0x0000000010002c94        0x8 /Users/gio/Online-Learning-on-Max78000/build/pb.o
                0x0000000010002c94                GPIO1_IRQHandler
 .text.GPIO2_IRQHandler
                0x0000000010002c9c        0x8 /Users/gio/Online-Learning-on-Max78000/build/pb.o
                0x0000000010002c9c                GPIO2_IRQHandler
 .text          0x0000000010002ca4      0x148 /Users/gio/Online-Learning-on-Max78000/build/startup_max78000.o
                0x0000000010002ca4                Reset_Handler
                0x0000000010002ce2                HardFault_Handler
                0x0000000010002ce4                MemManage_Handler
                0x0000000010002ce6                BusFault_Handler
                0x0000000010002ce8                UsageFault_Handler
                0x0000000010002cea                SVC_Handler
                0x0000000010002cec                DebugMon_Handler
                0x0000000010002cee                PendSV_Handler
                0x0000000010002cf0                SysTick_Handler
                0x0000000010002cf2                Default_Handler
                0x0000000010002cf4                PF_IRQHandler
                0x0000000010002cf6                WDT0_IRQHandler
                0x0000000010002cf8                RSV02_IRQHandler
                0x0000000010002cfa                RTC_IRQHandler
                0x0000000010002cfc                TRNG_IRQHandler
                0x0000000010002cfe                TMR0_IRQHandler
                0x0000000010002d00                TMR1_IRQHandler
                0x0000000010002d02                TMR2_IRQHandler
                0x0000000010002d04                TMR3_IRQHandler
                0x0000000010002d06                TMR4_IRQHandler
                0x0000000010002d08                TMR5_IRQHandler
                0x0000000010002d0a                RSV11_IRQHandler
                0x0000000010002d0c                RSV12_IRQHandler
                0x0000000010002d0e                I2C0_IRQHandler
                0x0000000010002d10                UART0_IRQHandler
                0x0000000010002d12                UART1_IRQHandler
                0x0000000010002d14                SPI1_IRQHandler
                0x0000000010002d16                RSV17_IRQHandler
                0x0000000010002d18                RSV18_IRQHandler
                0x0000000010002d1a                RSV19_IRQHandler
                0x0000000010002d1c                ADC_IRQHandler
                0x0000000010002d1e                RSV21_IRQHandler
                0x0000000010002d20                RSV22_IRQHandler
                0x0000000010002d22                FLC0_IRQHandler
                0x0000000010002d2a                RSV27_IRQHandler
                0x0000000010002d2c                DMA0_IRQHandler
                0x0000000010002d2e                DMA1_IRQHandler
                0x0000000010002d30                DMA2_IRQHandler
                0x0000000010002d32                DMA3_IRQHandler
                0x0000000010002d34                RSV32_IRQHandler
                0x0000000010002d36                RSV33_IRQHandler
                0x0000000010002d38                UART2_IRQHandler
                0x0000000010002d3a                RSV35_IRQHandler
                0x0000000010002d3c                I2C1_IRQHandler
                0x0000000010002d3e                RSV37_IRQHandler
                0x0000000010002d40                RSV38_IRQHandler
                0x0000000010002d42                RSV39_IRQHandler
                0x0000000010002d44                RSV40_IRQHandler
                0x0000000010002d46                RSV41_IRQHandler
                0x0000000010002d48                RSV42_IRQHandler
                0x0000000010002d4a                RSV43_IRQHandler
                0x0000000010002d4c                RSV44_IRQHandler
                0x0000000010002d4e                RSV45_IRQHandler
                0x0000000010002d50                RSV46_IRQHandler
                0x0000000010002d52                RSV47_IRQHandler
                0x0000000010002d54                RSV48_IRQHandler
                0x0000000010002d56                RSV49_IRQHandler
                0x0000000010002d58                RSV50_IRQHandler
                0x0000000010002d5a                RSV51_IRQHandler
                0x0000000010002d5c                RSV52_IRQHandler
                0x0000000010002d5e                WUT_IRQHandler
                0x0000000010002d60                GPIOWAKE_IRQHandler
                0x0000000010002d62                RSV55_IRQHandler
                0x0000000010002d64                SPI0_IRQHandler
                0x0000000010002d66                WDT1_IRQHandler
                0x0000000010002d68                RSV58_IRQHandler
                0x0000000010002d6a                PT_IRQHandler
                0x0000000010002d6c                RSV60_IRQHandler
                0x0000000010002d6e                RSV61_IRQHandler
                0x0000000010002d70                I2C2_IRQHandler
                0x0000000010002d72                RISCV_IRQHandler
                0x0000000010002d74                RSV64_IRQHandler
                0x0000000010002d76                RSV65_IRQHandler
                0x0000000010002d78                RSV66_IRQHandler
                0x0000000010002d7a                OWM_IRQHandler
                0x0000000010002d7c                RSV68_IRQHandler
                0x0000000010002d7e                RSV69_IRQHandler
                0x0000000010002d80                RSV70_IRQHandler
                0x0000000010002d82                RSV71_IRQHandler
                0x0000000010002d84                RSV72_IRQHandler
                0x0000000010002d86                RSV73_IRQHandler
                0x0000000010002d88                RSV74_IRQHandler
                0x0000000010002d8a                RSV75_IRQHandler
                0x0000000010002d8c                RSV76_IRQHandler
                0x0000000010002d8e                RSV77_IRQHandler
                0x0000000010002d90                RSV78_IRQHandler
                0x0000000010002d92                RSV79_IRQHandler
                0x0000000010002d94                RSV80_IRQHandler
                0x0000000010002d96                RSV81_IRQHandler
                0x0000000010002d98                ECC_IRQHandler
                0x0000000010002d9a                DVS_IRQHandler
                0x0000000010002d9c                SIMO_IRQHandler
                0x0000000010002d9e                RSV85_IRQHandler
                0x0000000010002da0                RSV86_IRQHandler
                0x0000000010002da2                RSV87_IRQHandler
                0x0000000010002da4                UART3_IRQHandler
                0x0000000010002da6                RSV89_IRQHandler
                0x0000000010002da8                RSV90_IRQHandler
                0x0000000010002daa                PCIF_IRQHandler
                0x0000000010002dac                RSV92_IRQHandler
                0x0000000010002dae                RSV93_IRQHandler
                0x0000000010002db0                RSV94_IRQHandler
                0x0000000010002db2                RSV95_IRQHandler
                0x0000000010002db4                RSV96_IRQHandler
                0x0000000010002db6                AES_IRQHandler
                0x0000000010002db8                RSV98_IRQHandler
                0x0000000010002dba                I2S_IRQHandler
                0x0000000010002dbc                CNN_FIFO_IRQHandler
                0x0000000010002dbe                CNN_IRQHandler
                0x0000000010002dc0                RSV102_IRQHandler
                0x0000000010002dc2                LPCMP_IRQHandler
 .text._sbrk    0x0000000010002dec       0x3c /Users/gio/Online-Learning-on-Max78000/build/heap.o
                0x0000000010002dec                _sbrk
 .text.SystemCoreClockUpdate
                0x0000000010002e28       0x68 /Users/gio/Online-Learning-on-Max78000/build/system_max78000.o
                0x0000000010002e28                SystemCoreClockUpdate
 .text.PreInit  0x0000000010002e90        0x4 /Users/gio/Online-Learning-on-Max78000/build/system_max78000.o
                0x0000000010002e90                PreInit
 .text.SystemInit
                0x0000000010002e94       0x38 /Users/gio/Online-Learning-on-Max78000/build/system_max78000.o
                0x0000000010002e94                SystemInit
 .text.MXC_DelayInit
                0x0000000010002ecc       0x7c /Users/gio/MaximSDK/Libraries/PeriphDrivers/bin/MAX78000/softfp/libPeriphDriver_softfp.a(mxc_delay.o)
 .text.MXC_DelayAsync
                0x0000000010002f48       0x3c /Users/gio/MaximSDK/Libraries/PeriphDrivers/bin/MAX78000/softfp/libPeriphDriver_softfp.a(mxc_delay.o)
                0x0000000010002f48                MXC_DelayAsync
 .text.MXC_DelayCheck
                0x0000000010002f84       0x70 /Users/gio/MaximSDK/Libraries/PeriphDrivers/bin/MAX78000/softfp/libPeriphDriver_softfp.a(mxc_delay.o)
                0x0000000010002f84                MXC_DelayCheck
 .text.MXC_DelayAbort
                0x0000000010002ff4       0x34 /Users/gio/MaximSDK/Libraries/PeriphDrivers/bin/MAX78000/softfp/libPeriphDriver_softfp.a(mxc_delay.o)
                0x0000000010002ff4                MXC_DelayAbort
 .text.MXC_Delay
                0x0000000010003028       0x74 /Users/gio/MaximSDK/Libraries/PeriphDrivers/bin/MAX78000/softfp/libPeriphDriver_softfp.a(mxc_delay.o)
                0x0000000010003028                MXC_Delay
 .text.MXC_SYS_ClockDisable
                0x000000001000309c       0x44 /Users/gio/MaximSDK/Libraries/PeriphDrivers/bin/MAX78000/softfp/libPeriphDriver_softfp.a(sys_ai85.o)
                0x000000001000309c                MXC_SYS_ClockDisable
 .text.MXC_SYS_ClockEnable
                0x00000000100030e0       0x4c /Users/gio/MaximSDK/Libraries/PeriphDrivers/bin/MAX78000/softfp/libPeriphDriver_softfp.a(sys_ai85.o)
                0x00000000100030e0                MXC_SYS_ClockEnable
 .text.MXC_SYS_ClockSourceEnable
                0x000000001000312c       0xec /Users/gio/MaximSDK/Libraries/PeriphDrivers/bin/MAX78000/softfp/libPeriphDriver_softfp.a(sys_ai85.o)
                0x000000001000312c                MXC_SYS_ClockSourceEnable
 .text.MXC_SYS_Clock_Select
                0x0000000010003218      0x17c /Users/gio/MaximSDK/Libraries/PeriphDrivers/bin/MAX78000/softfp/libPeriphDriver_softfp.a(sys_ai85.o)
                0x0000000010003218                MXC_SYS_Clock_Select
 .text.MXC_SYS_Reset_Periph
                0x0000000010003394       0x50 /Users/gio/MaximSDK/Libraries/PeriphDrivers/bin/MAX78000/softfp/libPeriphDriver_softfp.a(sys_ai85.o)
                0x0000000010003394                MXC_SYS_Reset_Periph
 .text.NVIC_SetVector
                0x00000000100033e4       0x4c /Users/gio/MaximSDK/Libraries/PeriphDrivers/bin/MAX78000/softfp/libPeriphDriver_softfp.a(nvic_table.o)
                0x00000000100033e4                NVIC_SetVector
 .text.MXC_GPIO_Config
                0x0000000010003430      0x204 /Users/gio/MaximSDK/Libraries/PeriphDrivers/bin/MAX78000/softfp/libPeriphDriver_softfp.a(gpio_ai85.o)
                0x0000000010003430                MXC_GPIO_Config
 .text.MXC_GPIO_OutSet
                0x0000000010003634       0x34 /Users/gio/MaximSDK/Libraries/PeriphDrivers/bin/MAX78000/softfp/libPeriphDriver_softfp.a(gpio_ai85.o)
                0x0000000010003634                MXC_GPIO_OutSet
 .text.MXC_GPIO_OutClr
                0x0000000010003668       0x34 /Users/gio/MaximSDK/Libraries/PeriphDrivers/bin/MAX78000/softfp/libPeriphDriver_softfp.a(gpio_ai85.o)
                0x0000000010003668                MXC_GPIO_OutClr
 .text.MXC_GPIO_Handler
                0x000000001000369c        0x4 /Users/gio/MaximSDK/Libraries/PeriphDrivers/bin/MAX78000/softfp/libPeriphDriver_softfp.a(gpio_ai85.o)
                0x000000001000369c                MXC_GPIO_Handler
 .text.MXC_GPIO_ClearFlags
                0x00000000100036a0        0x4 /Users/gio/MaximSDK/Libraries/PeriphDrivers/bin/MAX78000/softfp/libPeriphDriver_softfp.a(gpio_ai85.o)
                0x00000000100036a0                MXC_GPIO_ClearFlags
 .text.MXC_GPIO_GetFlags
                0x00000000100036a4        0x4 /Users/gio/MaximSDK/Libraries/PeriphDrivers/bin/MAX78000/softfp/libPeriphDriver_softfp.a(gpio_ai85.o)
                0x00000000100036a4                MXC_GPIO_GetFlags
 .text.MXC_GPIO_RevA_OutSet
                0x00000000100036a8        0x4 /Users/gio/MaximSDK/Libraries/PeriphDrivers/bin/MAX78000/softfp/libPeriphDriver_softfp.a(gpio_reva.o)
                0x00000000100036a8                MXC_GPIO_RevA_OutSet
 .text.MXC_GPIO_RevA_OutClr
                0x00000000100036ac        0x4 /Users/gio/MaximSDK/Libraries/PeriphDrivers/bin/MAX78000/softfp/libPeriphDriver_softfp.a(gpio_reva.o)
                0x00000000100036ac                MXC_GPIO_RevA_OutClr
 .text.MXC_GPIO_RevA_ClearFlags
                0x00000000100036b0        0x4 /Users/gio/MaximSDK/Libraries/PeriphDrivers/bin/MAX78000/softfp/libPeriphDriver_softfp.a(gpio_reva.o)
                0x00000000100036b0                MXC_GPIO_RevA_ClearFlags
 .text.MXC_GPIO_RevA_GetFlags
                0x00000000100036b4        0x4 /Users/gio/MaximSDK/Libraries/PeriphDrivers/bin/MAX78000/softfp/libPeriphDriver_softfp.a(gpio_reva.o)
                0x00000000100036b4                MXC_GPIO_RevA_GetFlags
 .text.MXC_GPIO_RevA_SetVSSEL
                0x00000000100036b8       0x30 /Users/gio/MaximSDK/Libraries/PeriphDrivers/bin/MAX78000/softfp/libPeriphDriver_softfp.a(gpio_reva.o)
                0x00000000100036b8                MXC_GPIO_RevA_SetVSSEL
 .text.MXC_GPIO_RevA_SetAF
                0x00000000100036e8       0x5c /Users/gio/MaximSDK/Libraries/PeriphDrivers/bin/MAX78000/softfp/libPeriphDriver_softfp.a(gpio_reva.o)
                0x00000000100036e8                MXC_GPIO_RevA_SetAF
 .text.MXC_ICC_Enable
                0x0000000010003744        0x4 /Users/gio/MaximSDK/Libraries/PeriphDrivers/bin/MAX78000/softfp/libPeriphDriver_softfp.a(icc_me17.o)
                0x0000000010003744                MXC_ICC_Enable
 .text.MXC_ICC_RevA_Enable
                0x0000000010003748       0x30 /Users/gio/MaximSDK/Libraries/PeriphDrivers/bin/MAX78000/softfp/libPeriphDriver_softfp.a(icc_reva.o)
                0x0000000010003748                MXC_ICC_RevA_Enable
 .text.MXC_TMR_Init
                0x0000000010003778      0x344 /Users/gio/MaximSDK/Libraries/PeriphDrivers/bin/MAX78000/softfp/libPeriphDriver_softfp.a(tmr_ai85.o)
                0x0000000010003778                MXC_TMR_Init
 .text.MXC_TMR_Start
                0x0000000010003abc        0x4 /Users/gio/MaximSDK/Libraries/PeriphDrivers/bin/MAX78000/softfp/libPeriphDriver_softfp.a(tmr_ai85.o)
                0x0000000010003abc                MXC_TMR_Start
 .text.MXC_TMR_Stop
                0x0000000010003ac0        0x4 /Users/gio/MaximSDK/Libraries/PeriphDrivers/bin/MAX78000/softfp/libPeriphDriver_softfp.a(tmr_ai85.o)
                0x0000000010003ac0                MXC_TMR_Stop
 .text.MXC_TMR_ClearFlags
                0x0000000010003ac4        0x4 /Users/gio/MaximSDK/Libraries/PeriphDrivers/bin/MAX78000/softfp/libPeriphDriver_softfp.a(tmr_ai85.o)
                0x0000000010003ac4                MXC_TMR_ClearFlags
 .text.MXC_TMR_SetCount
                0x0000000010003ac8        0x4 /Users/gio/MaximSDK/Libraries/PeriphDrivers/bin/MAX78000/softfp/libPeriphDriver_softfp.a(tmr_ai85.o)
                0x0000000010003ac8                MXC_TMR_SetCount
 .text.MXC_TMR_TO_Start
                0x0000000010003acc        0x4 /Users/gio/MaximSDK/Libraries/PeriphDrivers/bin/MAX78000/softfp/libPeriphDriver_softfp.a(tmr_ai85.o)
                0x0000000010003acc                MXC_TMR_TO_Start
 .text.MXC_TMR_TO_Stop
                0x0000000010003ad0        0x4 /Users/gio/MaximSDK/Libraries/PeriphDrivers/bin/MAX78000/softfp/libPeriphDriver_softfp.a(tmr_ai85.o)
                0x0000000010003ad0                MXC_TMR_TO_Stop
 .text.MXC_TMR_TO_Elapsed
                0x0000000010003ad4        0x4 /Users/gio/MaximSDK/Libraries/PeriphDrivers/bin/MAX78000/softfp/libPeriphDriver_softfp.a(tmr_ai85.o)
                0x0000000010003ad4                MXC_TMR_TO_Elapsed
 .text.MXC_TMR_SW_Start
                0x0000000010003ad8        0x4 /Users/gio/MaximSDK/Libraries/PeriphDrivers/bin/MAX78000/softfp/libPeriphDriver_softfp.a(tmr_ai85.o)
                0x0000000010003ad8                MXC_TMR_SW_Start
 .text.MXC_TMR_SW_Stop
                0x0000000010003adc        0x4 /Users/gio/MaximSDK/Libraries/PeriphDrivers/bin/MAX78000/softfp/libPeriphDriver_softfp.a(tmr_ai85.o)
                0x0000000010003adc                MXC_TMR_SW_Stop
 .text.MXC_TMR_GetTime
                0x0000000010003ae0        0x4 /Users/gio/MaximSDK/Libraries/PeriphDrivers/bin/MAX78000/softfp/libPeriphDriver_softfp.a(tmr_ai85.o)
                0x0000000010003ae0                MXC_TMR_GetTime
 .text.MXC_TMR_RevB_ConfigGeneric
                0x0000000010003ae4       0xe8 /Users/gio/MaximSDK/Libraries/PeriphDrivers/bin/MAX78000/softfp/libPeriphDriver_softfp.a(tmr_revb.o)
                0x0000000010003ae4                MXC_TMR_RevB_ConfigGeneric
 .text.MXC_TMR_RevB_Init
                0x0000000010003bcc       0xc8 /Users/gio/MaximSDK/Libraries/PeriphDrivers/bin/MAX78000/softfp/libPeriphDriver_softfp.a(tmr_revb.o)
                0x0000000010003bcc                MXC_TMR_RevB_Init
 .text.MXC_TMR_RevB_Start
                0x0000000010003c94       0x5c /Users/gio/MaximSDK/Libraries/PeriphDrivers/bin/MAX78000/softfp/libPeriphDriver_softfp.a(tmr_revb.o)
                0x0000000010003c94                MXC_TMR_RevB_Start
 .text.MXC_TMR_RevB_Stop
                0x0000000010003cf0       0x58 /Users/gio/MaximSDK/Libraries/PeriphDrivers/bin/MAX78000/softfp/libPeriphDriver_softfp.a(tmr_revb.o)
                0x0000000010003cf0                MXC_TMR_RevB_Stop
 .text.MXC_TMR_RevB_ClearFlags
                0x0000000010003d48       0x58 /Users/gio/MaximSDK/Libraries/PeriphDrivers/bin/MAX78000/softfp/libPeriphDriver_softfp.a(tmr_revb.o)
                0x0000000010003d48                MXC_TMR_RevB_ClearFlags
 .text.MXC_TMR_RevB_SetCount
                0x0000000010003da0       0x5c /Users/gio/MaximSDK/Libraries/PeriphDrivers/bin/MAX78000/softfp/libPeriphDriver_softfp.a(tmr_revb.o)
                0x0000000010003da0                MXC_TMR_RevB_SetCount
 .text.MXC_TMR_RevB_TO_Start
                0x0000000010003dfc       0xe4 /Users/gio/MaximSDK/Libraries/PeriphDrivers/bin/MAX78000/softfp/libPeriphDriver_softfp.a(tmr_revb.o)
                0x0000000010003dfc                MXC_TMR_RevB_TO_Start
 .text.MXC_TMR_RevB_GetTime
                0x0000000010003ee0      0x138 /Users/gio/MaximSDK/Libraries/PeriphDrivers/bin/MAX78000/softfp/libPeriphDriver_softfp.a(tmr_revb.o)
                0x0000000010003ee0                MXC_TMR_RevB_GetTime
 .text.MXC_UART_GetFrequency.part.0
                0x0000000010004018       0x64 /Users/gio/MaximSDK/Libraries/PeriphDrivers/bin/MAX78000/softfp/libPeriphDriver_softfp.a(uart_ai85.o)
 .text.MXC_UART_Shutdown
                0x000000001000407c       0x70 /Users/gio/MaximSDK/Libraries/PeriphDrivers/bin/MAX78000/softfp/libPeriphDriver_softfp.a(uart_ai85.o)
                0x000000001000407c                MXC_UART_Shutdown
 .text.MXC_UART_Init
                0x00000000100040ec       0xb8 /Users/gio/MaximSDK/Libraries/PeriphDrivers/bin/MAX78000/softfp/libPeriphDriver_softfp.a(uart_ai85.o)
                0x00000000100040ec                MXC_UART_Init
 .text.MXC_UART_SetFrequency
                0x00000000100041a4       0xc4 /Users/gio/MaximSDK/Libraries/PeriphDrivers/bin/MAX78000/softfp/libPeriphDriver_softfp.a(uart_ai85.o)
                0x00000000100041a4                MXC_UART_SetFrequency
 .text.MXC_UART_GetFrequency
                0x0000000010004268       0x30 /Users/gio/MaximSDK/Libraries/PeriphDrivers/bin/MAX78000/softfp/libPeriphDriver_softfp.a(uart_ai85.o)
                0x0000000010004268                MXC_UART_GetFrequency
 .text.MXC_UART_SetDataSize
                0x0000000010004298        0x4 /Users/gio/MaximSDK/Libraries/PeriphDrivers/bin/MAX78000/softfp/libPeriphDriver_softfp.a(uart_ai85.o)
                0x0000000010004298                MXC_UART_SetDataSize
 .text.MXC_UART_SetStopBits
                0x000000001000429c        0x4 /Users/gio/MaximSDK/Libraries/PeriphDrivers/bin/MAX78000/softfp/libPeriphDriver_softfp.a(uart_ai85.o)
                0x000000001000429c                MXC_UART_SetStopBits
 .text.MXC_UART_SetParity
                0x00000000100042a0        0x4 /Users/gio/MaximSDK/Libraries/PeriphDrivers/bin/MAX78000/softfp/libPeriphDriver_softfp.a(uart_ai85.o)
                0x00000000100042a0                MXC_UART_SetParity
 .text.MXC_UART_ReadCharacterRaw
                0x00000000100042a4        0x4 /Users/gio/MaximSDK/Libraries/PeriphDrivers/bin/MAX78000/softfp/libPeriphDriver_softfp.a(uart_ai85.o)
                0x00000000100042a4                MXC_UART_ReadCharacterRaw
 .text.MXC_UART_WriteCharacterRaw
                0x00000000100042a8        0x4 /Users/gio/MaximSDK/Libraries/PeriphDrivers/bin/MAX78000/softfp/libPeriphDriver_softfp.a(uart_ai85.o)
                0x00000000100042a8                MXC_UART_WriteCharacterRaw
 .text.MXC_UART_ReadCharacter
                0x00000000100042ac        0x4 /Users/gio/MaximSDK/Libraries/PeriphDrivers/bin/MAX78000/softfp/libPeriphDriver_softfp.a(uart_ai85.o)
                0x00000000100042ac                MXC_UART_ReadCharacter
 .text.MXC_UART_WriteCharacter
                0x00000000100042b0        0x4 /Users/gio/MaximSDK/Libraries/PeriphDrivers/bin/MAX78000/softfp/libPeriphDriver_softfp.a(uart_ai85.o)
                0x00000000100042b0                MXC_UART_WriteCharacter
 .text.MXC_UART_GetRXFIFOAvailable
                0x00000000100042b4        0x4 /Users/gio/MaximSDK/Libraries/PeriphDrivers/bin/MAX78000/softfp/libPeriphDriver_softfp.a(uart_ai85.o)
                0x00000000100042b4                MXC_UART_GetRXFIFOAvailable
 .text.MXC_UART_GetTXFIFOAvailable
                0x00000000100042b8        0x4 /Users/gio/MaximSDK/Libraries/PeriphDrivers/bin/MAX78000/softfp/libPeriphDriver_softfp.a(uart_ai85.o)
                0x00000000100042b8                MXC_UART_GetTXFIFOAvailable
 .text.MXC_UART_SetRXThreshold
                0x00000000100042bc        0x4 /Users/gio/MaximSDK/Libraries/PeriphDrivers/bin/MAX78000/softfp/libPeriphDriver_softfp.a(uart_ai85.o)
                0x00000000100042bc                MXC_UART_SetRXThreshold
 .text.MXC_UART_Common_ReadCharacter
                0x00000000100042c0       0x18 /Users/gio/MaximSDK/Libraries/PeriphDrivers/bin/MAX78000/softfp/libPeriphDriver_softfp.a(uart_common.o)
                0x00000000100042c0                MXC_UART_Common_ReadCharacter
 .text.MXC_UART_Common_WriteCharacter
                0x00000000100042d8       0x1c /Users/gio/MaximSDK/Libraries/PeriphDrivers/bin/MAX78000/softfp/libPeriphDriver_softfp.a(uart_common.o)
                0x00000000100042d8                MXC_UART_Common_WriteCharacter
 .text.MXC_UART_RevB_Init
                0x00000000100042f4       0x70 /Users/gio/MaximSDK/Libraries/PeriphDrivers/bin/MAX78000/softfp/libPeriphDriver_softfp.a(uart_revb.o)
                0x00000000100042f4                MXC_UART_RevB_Init
 .text.MXC_UART_RevB_SetFrequency
                0x0000000010004364       0x9c /Users/gio/MaximSDK/Libraries/PeriphDrivers/bin/MAX78000/softfp/libPeriphDriver_softfp.a(uart_revb.o)
                0x0000000010004364                MXC_UART_RevB_SetFrequency
 .text.MXC_UART_RevB_GetFrequency
                0x0000000010004400       0x74 /Users/gio/MaximSDK/Libraries/PeriphDrivers/bin/MAX78000/softfp/libPeriphDriver_softfp.a(uart_revb.o)
                0x0000000010004400                MXC_UART_RevB_GetFrequency
 .text.MXC_UART_RevB_SetDataSize
                0x0000000010004474       0x40 /Users/gio/MaximSDK/Libraries/PeriphDrivers/bin/MAX78000/softfp/libPeriphDriver_softfp.a(uart_revb.o)
                0x0000000010004474                MXC_UART_RevB_SetDataSize
 .text.MXC_UART_RevB_SetStopBits
                0x00000000100044b4       0x4c /Users/gio/MaximSDK/Libraries/PeriphDrivers/bin/MAX78000/softfp/libPeriphDriver_softfp.a(uart_revb.o)
                0x00000000100044b4                MXC_UART_RevB_SetStopBits
 .text.MXC_UART_RevB_SetParity
                0x0000000010004500       0xb4 /Users/gio/MaximSDK/Libraries/PeriphDrivers/bin/MAX78000/softfp/libPeriphDriver_softfp.a(uart_revb.o)
                0x0000000010004500                MXC_UART_RevB_SetParity
 .text.MXC_UART_RevB_ReadCharacterRaw
                0x00000000100045b4       0x38 /Users/gio/MaximSDK/Libraries/PeriphDrivers/bin/MAX78000/softfp/libPeriphDriver_softfp.a(uart_revb.o)
                0x00000000100045b4                MXC_UART_RevB_ReadCharacterRaw
 .text.MXC_UART_RevB_WriteCharacterRaw
                0x00000000100045ec       0x3c /Users/gio/MaximSDK/Libraries/PeriphDrivers/bin/MAX78000/softfp/libPeriphDriver_softfp.a(uart_revb.o)
                0x00000000100045ec                MXC_UART_RevB_WriteCharacterRaw
 .text.MXC_UART_RevB_GetRXFIFOAvailable
                0x0000000010004628        0x8 /Users/gio/MaximSDK/Libraries/PeriphDrivers/bin/MAX78000/softfp/libPeriphDriver_softfp.a(uart_revb.o)
                0x0000000010004628                MXC_UART_RevB_GetRXFIFOAvailable
 .text.MXC_UART_RevB_GetTXFIFOAvailable
                0x0000000010004630        0xc /Users/gio/MaximSDK/Libraries/PeriphDrivers/bin/MAX78000/softfp/libPeriphDriver_softfp.a(uart_revb.o)
                0x0000000010004630                MXC_UART_RevB_GetTXFIFOAvailable
 .text.MXC_UART_RevB_SetRXThreshold
                0x000000001000463c       0x40 /Users/gio/MaximSDK/Libraries/PeriphDrivers/bin/MAX78000/softfp/libPeriphDriver_softfp.a(uart_revb.o)
                0x000000001000463c                MXC_UART_RevB_SetRXThreshold
 .text.MXC_GPIO_Common_Init
                0x000000001000467c       0x24 /Users/gio/MaximSDK/Libraries/PeriphDrivers/bin/MAX78000/softfp/libPeriphDriver_softfp.a(gpio_common.o)
                0x000000001000467c                MXC_GPIO_Common_Init
 .text.MXC_GPIO_Common_Handler
                0x00000000100046a0       0x88 /Users/gio/MaximSDK/Libraries/PeriphDrivers/bin/MAX78000/softfp/libPeriphDriver_softfp.a(gpio_common.o)
                0x00000000100046a0                MXC_GPIO_Common_Handler
 .text.MXC_TMR_Common_TO_Stop
                0x0000000010004728       0x14 /Users/gio/MaximSDK/Libraries/PeriphDrivers/bin/MAX78000/softfp/libPeriphDriver_softfp.a(tmr_common.o)
                0x0000000010004728                MXC_TMR_Common_TO_Stop
 .text.MXC_TMR_Common_SW_Start
                0x000000001000473c        0x8 /Users/gio/MaximSDK/Libraries/PeriphDrivers/bin/MAX78000/softfp/libPeriphDriver_softfp.a(tmr_common.o)
                0x000000001000473c                MXC_TMR_Common_SW_Start
 .text.MXC_TMR_Common_SW_Stop
                0x0000000010004744       0x14 /Users/gio/MaximSDK/Libraries/PeriphDrivers/bin/MAX78000/softfp/libPeriphDriver_softfp.a(tmr_common.o)
                0x0000000010004744                MXC_TMR_Common_SW_Stop
 .text.MXC_TMR_Common_TO_Elapsed
                0x0000000010004758       0x54 /Users/gio/MaximSDK/Libraries/PeriphDrivers/bin/MAX78000/softfp/libPeriphDriver_softfp.a(tmr_common.o)
                0x0000000010004758                MXC_TMR_Common_TO_Elapsed
 .text.__errno  0x00000000100047ac        0xc /Users/gio/MaximSDK/Tools/GNUTools/10.3/bin/../lib/gcc/arm-none-eabi/10.3.1/../../../../arm-none-eabi/lib/thumb/v7e-m+fp/softfp/libc.a(lib_a-errno.o)
                0x00000000100047ac                __errno
 .text.__libc_init_array
                0x00000000100047b8       0x48 /Users/gio/MaximSDK/Tools/GNUTools/10.3/bin/../lib/gcc/arm-none-eabi/10.3.1/../../../../arm-none-eabi/lib/thumb/v7e-m+fp/softfp/libc.a(lib_a-init.o)
                0x00000000100047b8                __libc_init_array
 .text._malloc_r
                0x0000000010004800      0x560 /Users/gio/MaximSDK/Tools/GNUTools/10.3/bin/../lib/gcc/arm-none-eabi/10.3.1/../../../../arm-none-eabi/lib/thumb/v7e-m+fp/softfp/libc.a(lib_a-mallocr.o)
                0x0000000010004800                _malloc_r
 .text          0x0000000010004d60      0x134 /Users/gio/MaximSDK/Tools/GNUTools/10.3/bin/../lib/gcc/arm-none-eabi/10.3.1/../../../../arm-none-eabi/lib/thumb/v7e-m+fp/softfp/libc.a(lib_a-memcpy.o)
                0x0000000010004d60                memcpy
 .text.memset   0x0000000010004e94       0xa4 /Users/gio/MaximSDK/Tools/GNUTools/10.3/bin/../lib/gcc/arm-none-eabi/10.3.1/../../../../arm-none-eabi/lib/thumb/v7e-m+fp/softfp/libc.a(lib_a-memset.o)
                0x0000000010004e94                memset
 .text.__malloc_lock
                0x0000000010004f38        0xc /Users/gio/MaximSDK/Tools/GNUTools/10.3/bin/../lib/gcc/arm-none-eabi/10.3.1/../../../../arm-none-eabi/lib/thumb/v7e-m+fp/softfp/libc.a(lib_a-mlock.o)
                0x0000000010004f38                __malloc_lock
 .text.__malloc_unlock
                0x0000000010004f44        0xc /Users/gio/MaximSDK/Tools/GNUTools/10.3/bin/../lib/gcc/arm-none-eabi/10.3.1/../../../../arm-none-eabi/lib/thumb/v7e-m+fp/softfp/libc.a(lib_a-mlock.o)
                0x0000000010004f44                __malloc_unlock
 .text.printf   0x0000000010004f50       0x28 /Users/gio/MaximSDK/Tools/GNUTools/10.3/bin/../lib/gcc/arm-none-eabi/10.3.1/../../../../arm-none-eabi/lib/thumb/v7e-m+fp/softfp/libc.a(lib_a-printf.o)
                0x0000000010004f50                printf
 .text._puts_r  0x0000000010004f78       0x9c /Users/gio/MaximSDK/Tools/GNUTools/10.3/bin/../lib/gcc/arm-none-eabi/10.3.1/../../../../arm-none-eabi/lib/thumb/v7e-m+fp/softfp/libc.a(lib_a-puts.o)
                0x0000000010004f78                _puts_r
 .text.puts     0x0000000010005014       0x10 /Users/gio/MaximSDK/Tools/GNUTools/10.3/bin/../lib/gcc/arm-none-eabi/10.3.1/../../../../arm-none-eabi/lib/thumb/v7e-m+fp/softfp/libc.a(lib_a-puts.o)
                0x0000000010005014                puts
 .text._sbrk_r  0x0000000010005024       0x24 /Users/gio/MaximSDK/Tools/GNUTools/10.3/bin/../lib/gcc/arm-none-eabi/10.3.1/../../../../arm-none-eabi/lib/thumb/v7e-m+fp/softfp/libc.a(lib_a-sbrkr.o)
                0x0000000010005024                _sbrk_r
 *fill*         0x0000000010005048       0x38 
 .text          0x0000000010005080       0xdc /Users/gio/MaximSDK/Tools/GNUTools/10.3/bin/../lib/gcc/arm-none-eabi/10.3.1/../../../../arm-none-eabi/lib/thumb/v7e-m+fp/softfp/libc.a(lib_a-strlen.o)
                0x0000000010005080                strlen
 *fill*         0x000000001000515c        0x4 
 .text._vfprintf_r
                0x0000000010005160     0x1b8c /Users/gio/MaximSDK/Tools/GNUTools/10.3/bin/../lib/gcc/arm-none-eabi/10.3.1/../../../../arm-none-eabi/lib/thumb/v7e-m+fp/softfp/libc.a(lib_a-vfprintf.o)
                0x0000000010005160                _vfprintf_r
 .text.__sbprintf
                0x0000000010006cec       0x80 /Users/gio/MaximSDK/Tools/GNUTools/10.3/bin/../lib/gcc/arm-none-eabi/10.3.1/../../../../arm-none-eabi/lib/thumb/v7e-m+fp/softfp/libc.a(lib_a-vfprintf.o)
 .text.__swsetup_r
                0x0000000010006d6c       0xd4 /Users/gio/MaximSDK/Tools/GNUTools/10.3/bin/../lib/gcc/arm-none-eabi/10.3.1/../../../../arm-none-eabi/lib/thumb/v7e-m+fp/softfp/libc.a(lib_a-wsetup.o)
                0x0000000010006d6c                __swsetup_r
 .text.startup.register_fini
                0x0000000010006e40       0x14 /Users/gio/MaximSDK/Tools/GNUTools/10.3/bin/../lib/gcc/arm-none-eabi/10.3.1/../../../../arm-none-eabi/lib/thumb/v7e-m+fp/softfp/libc.a(lib_a-__call_atexit.o)
 .text.atexit   0x0000000010006e54        0xc /Users/gio/MaximSDK/Tools/GNUTools/10.3/bin/../lib/gcc/arm-none-eabi/10.3.1/../../../../arm-none-eabi/lib/thumb/v7e-m+fp/softfp/libc.a(lib_a-atexit.o)
                0x0000000010006e54                atexit
 .text.quorem   0x0000000010006e60      0x128 /Users/gio/MaximSDK/Tools/GNUTools/10.3/bin/../lib/gcc/arm-none-eabi/10.3.1/../../../../arm-none-eabi/lib/thumb/v7e-m+fp/softfp/libc.a(lib_a-dtoa.o)
 .text._dtoa_r  0x0000000010006f88      0xf34 /Users/gio/MaximSDK/Tools/GNUTools/10.3/bin/../lib/gcc/arm-none-eabi/10.3.1/../../../../arm-none-eabi/lib/thumb/v7e-m+fp/softfp/libc.a(lib_a-dtoa.o)
                0x0000000010006f88                _dtoa_r
 .text.__sflush_r
                0x0000000010007ebc      0x130 /Users/gio/MaximSDK/Tools/GNUTools/10.3/bin/../lib/gcc/arm-none-eabi/10.3.1/../../../../arm-none-eabi/lib/thumb/v7e-m+fp/softfp/libc.a(lib_a-fflush.o)
                0x0000000010007ebc                __sflush_r
 .text._fflush_r
                0x0000000010007fec       0x5c /Users/gio/MaximSDK/Tools/GNUTools/10.3/bin/../lib/gcc/arm-none-eabi/10.3.1/../../../../arm-none-eabi/lib/thumb/v7e-m+fp/softfp/libc.a(lib_a-fflush.o)
                0x0000000010007fec                _fflush_r
 .text._cleanup_r
                0x0000000010008048        0xc /Users/gio/MaximSDK/Tools/GNUTools/10.3/bin/../lib/gcc/arm-none-eabi/10.3.1/../../../../arm-none-eabi/lib/thumb/v7e-m+fp/softfp/libc.a(lib_a-findfp.o)
                0x0000000010008048                _cleanup_r
 .text.__sinit  0x0000000010008054      0x10c /Users/gio/MaximSDK/Tools/GNUTools/10.3/bin/../lib/gcc/arm-none-eabi/10.3.1/../../../../arm-none-eabi/lib/thumb/v7e-m+fp/softfp/libc.a(lib_a-findfp.o)
                0x0000000010008054                __sinit
 .text.__sfp_lock_acquire
                0x0000000010008160        0xc /Users/gio/MaximSDK/Tools/GNUTools/10.3/bin/../lib/gcc/arm-none-eabi/10.3.1/../../../../arm-none-eabi/lib/thumb/v7e-m+fp/softfp/libc.a(lib_a-findfp.o)
                0x0000000010008160                __sfp_lock_acquire
 .text.__sfp_lock_release
                0x000000001000816c        0xc /Users/gio/MaximSDK/Tools/GNUTools/10.3/bin/../lib/gcc/arm-none-eabi/10.3.1/../../../../arm-none-eabi/lib/thumb/v7e-m+fp/softfp/libc.a(lib_a-findfp.o)
                0x000000001000816c                __sfp_lock_release
 .text.__libc_fini_array
                0x0000000010008178       0x2c /Users/gio/MaximSDK/Tools/GNUTools/10.3/bin/../lib/gcc/arm-none-eabi/10.3.1/../../../../arm-none-eabi/lib/thumb/v7e-m+fp/softfp/libc.a(lib_a-fini.o)
                0x0000000010008178                __libc_fini_array
 .text._malloc_trim_r
                0x00000000100081a4       0xa0 /Users/gio/MaximSDK/Tools/GNUTools/10.3/bin/../lib/gcc/arm-none-eabi/10.3.1/../../../../arm-none-eabi/lib/thumb/v7e-m+fp/softfp/libc.a(lib_a-freer.o)
                0x00000000100081a4                _malloc_trim_r
 .text._free_r  0x0000000010008244      0x20c /Users/gio/MaximSDK/Tools/GNUTools/10.3/bin/../lib/gcc/arm-none-eabi/10.3.1/../../../../arm-none-eabi/lib/thumb/v7e-m+fp/softfp/libc.a(lib_a-freer.o)
                0x0000000010008244                _free_r
 .text.__sfvwrite_r
                0x0000000010008450      0x2f0 /Users/gio/MaximSDK/Tools/GNUTools/10.3/bin/../lib/gcc/arm-none-eabi/10.3.1/../../../../arm-none-eabi/lib/thumb/v7e-m+fp/softfp/libc.a(lib_a-fvwrite.o)
                0x0000000010008450                __sfvwrite_r
 .text._fwalk_reent
                0x0000000010008740       0x48 /Users/gio/MaximSDK/Tools/GNUTools/10.3/bin/../lib/gcc/arm-none-eabi/10.3.1/../../../../arm-none-eabi/lib/thumb/v7e-m+fp/softfp/libc.a(lib_a-fwalk.o)
                0x0000000010008740                _fwalk_reent
 .text._localeconv_r
                0x0000000010008788        0x8 /Users/gio/MaximSDK/Tools/GNUTools/10.3/bin/../lib/gcc/arm-none-eabi/10.3.1/../../../../arm-none-eabi/lib/thumb/v7e-m+fp/softfp/libc.a(lib_a-localeconv.o)
                0x0000000010008788                _localeconv_r
 .text.__retarget_lock_init_recursive
                0x0000000010008790        0x4 /Users/gio/MaximSDK/Tools/GNUTools/10.3/bin/../lib/gcc/arm-none-eabi/10.3.1/../../../../arm-none-eabi/lib/thumb/v7e-m+fp/softfp/libc.a(lib_a-lock.o)
                0x0000000010008790                __retarget_lock_init_recursive
 .text.__retarget_lock_close_recursive
                0x0000000010008794        0x4 /Users/gio/MaximSDK/Tools/GNUTools/10.3/bin/../lib/gcc/arm-none-eabi/10.3.1/../../../../arm-none-eabi/lib/thumb/v7e-m+fp/softfp/libc.a(lib_a-lock.o)
                0x0000000010008794                __retarget_lock_close_recursive
 .text.__retarget_lock_acquire_recursive
                0x0000000010008798        0x4 /Users/gio/MaximSDK/Tools/GNUTools/10.3/bin/../lib/gcc/arm-none-eabi/10.3.1/../../../../arm-none-eabi/lib/thumb/v7e-m+fp/softfp/libc.a(lib_a-lock.o)
                0x0000000010008798                __retarget_lock_acquire_recursive
 .text.__retarget_lock_release_recursive
                0x000000001000879c        0x4 /Users/gio/MaximSDK/Tools/GNUTools/10.3/bin/../lib/gcc/arm-none-eabi/10.3.1/../../../../arm-none-eabi/lib/thumb/v7e-m+fp/softfp/libc.a(lib_a-lock.o)
                0x000000001000879c                __retarget_lock_release_recursive
 .text.__smakebuf_r
                0x00000000100087a0       0xe0 /Users/gio/MaximSDK/Tools/GNUTools/10.3/bin/../lib/gcc/arm-none-eabi/10.3.1/../../../../arm-none-eabi/lib/thumb/v7e-m+fp/softfp/libc.a(lib_a-makebuf.o)
                0x00000000100087a0                __smakebuf_r
 .text          0x0000000010008880       0xa0 /Users/gio/MaximSDK/Tools/GNUTools/10.3/bin/../lib/gcc/arm-none-eabi/10.3.1/../../../../arm-none-eabi/lib/thumb/v7e-m+fp/softfp/libc.a(lib_a-memchr.o)
                0x0000000010008880                memchr
 .text.memmove  0x0000000010008920       0xf8 /Users/gio/MaximSDK/Tools/GNUTools/10.3/bin/../lib/gcc/arm-none-eabi/10.3.1/../../../../arm-none-eabi/lib/thumb/v7e-m+fp/softfp/libc.a(lib_a-memmove.o)
                0x0000000010008920                memmove
 .text._Balloc  0x0000000010008a18       0x4c /Users/gio/MaximSDK/Tools/GNUTools/10.3/bin/../lib/gcc/arm-none-eabi/10.3.1/../../../../arm-none-eabi/lib/thumb/v7e-m+fp/softfp/libc.a(lib_a-mprec.o)
                0x0000000010008a18                _Balloc
 .text._Bfree   0x0000000010008a64       0x14 /Users/gio/MaximSDK/Tools/GNUTools/10.3/bin/../lib/gcc/arm-none-eabi/10.3.1/../../../../arm-none-eabi/lib/thumb/v7e-m+fp/softfp/libc.a(lib_a-mprec.o)
                0x0000000010008a64                _Bfree
 .text.__multadd
                0x0000000010008a78       0xa8 /Users/gio/MaximSDK/Tools/GNUTools/10.3/bin/../lib/gcc/arm-none-eabi/10.3.1/../../../../arm-none-eabi/lib/thumb/v7e-m+fp/softfp/libc.a(lib_a-mprec.o)
                0x0000000010008a78                __multadd
 .text.__hi0bits
                0x0000000010008b20       0x40 /Users/gio/MaximSDK/Tools/GNUTools/10.3/bin/../lib/gcc/arm-none-eabi/10.3.1/../../../../arm-none-eabi/lib/thumb/v7e-m+fp/softfp/libc.a(lib_a-mprec.o)
                0x0000000010008b20                __hi0bits
 .text.__lo0bits
                0x0000000010008b60       0x60 /Users/gio/MaximSDK/Tools/GNUTools/10.3/bin/../lib/gcc/arm-none-eabi/10.3.1/../../../../arm-none-eabi/lib/thumb/v7e-m+fp/softfp/libc.a(lib_a-mprec.o)
                0x0000000010008b60                __lo0bits
 .text.__i2b    0x0000000010008bc0       0x5c /Users/gio/MaximSDK/Tools/GNUTools/10.3/bin/../lib/gcc/arm-none-eabi/10.3.1/../../../../arm-none-eabi/lib/thumb/v7e-m+fp/softfp/libc.a(lib_a-mprec.o)
                0x0000000010008bc0                __i2b
 .text.__multiply
                0x0000000010008c1c      0x15c /Users/gio/MaximSDK/Tools/GNUTools/10.3/bin/../lib/gcc/arm-none-eabi/10.3.1/../../../../arm-none-eabi/lib/thumb/v7e-m+fp/softfp/libc.a(lib_a-mprec.o)
                0x0000000010008c1c                __multiply
 .text.__pow5mult
                0x0000000010008d78       0xc0 /Users/gio/MaximSDK/Tools/GNUTools/10.3/bin/../lib/gcc/arm-none-eabi/10.3.1/../../../../arm-none-eabi/lib/thumb/v7e-m+fp/softfp/libc.a(lib_a-mprec.o)
                0x0000000010008d78                __pow5mult
 .text.__lshift
                0x0000000010008e38       0xf0 /Users/gio/MaximSDK/Tools/GNUTools/10.3/bin/../lib/gcc/arm-none-eabi/10.3.1/../../../../arm-none-eabi/lib/thumb/v7e-m+fp/softfp/libc.a(lib_a-mprec.o)
                0x0000000010008e38                __lshift
 .text.__mcmp   0x0000000010008f28       0x44 /Users/gio/MaximSDK/Tools/GNUTools/10.3/bin/../lib/gcc/arm-none-eabi/10.3.1/../../../../arm-none-eabi/lib/thumb/v7e-m+fp/softfp/libc.a(lib_a-mprec.o)
                0x0000000010008f28                __mcmp
 .text.__mdiff  0x0000000010008f6c      0x14c /Users/gio/MaximSDK/Tools/GNUTools/10.3/bin/../lib/gcc/arm-none-eabi/10.3.1/../../../../arm-none-eabi/lib/thumb/v7e-m+fp/softfp/libc.a(lib_a-mprec.o)
                0x0000000010008f6c                __mdiff
 .text.__d2b    0x00000000100090b8       0xc4 /Users/gio/MaximSDK/Tools/GNUTools/10.3/bin/../lib/gcc/arm-none-eabi/10.3.1/../../../../arm-none-eabi/lib/thumb/v7e-m+fp/softfp/libc.a(lib_a-mprec.o)
                0x00000000100090b8                __d2b
 .text._realloc_r
                0x000000001000917c      0x3d8 /Users/gio/MaximSDK/Tools/GNUTools/10.3/bin/../lib/gcc/arm-none-eabi/10.3.1/../../../../arm-none-eabi/lib/thumb/v7e-m+fp/softfp/libc.a(lib_a-reallocr.o)
                0x000000001000917c                _realloc_r
 .text.frexp    0x0000000010009554       0x70 /Users/gio/MaximSDK/Tools/GNUTools/10.3/bin/../lib/gcc/arm-none-eabi/10.3.1/../../../../arm-none-eabi/lib/thumb/v7e-m+fp/softfp/libc.a(lib_a-s_frexp.o)
                0x0000000010009554                frexp
 .text.__sread  0x00000000100095c4       0x24 /Users/gio/MaximSDK/Tools/GNUTools/10.3/bin/../lib/gcc/arm-none-eabi/10.3.1/../../../../arm-none-eabi/lib/thumb/v7e-m+fp/softfp/libc.a(lib_a-stdio.o)
                0x00000000100095c4                __sread
 .text.__swrite
                0x00000000100095e8       0x40 /Users/gio/MaximSDK/Tools/GNUTools/10.3/bin/../lib/gcc/arm-none-eabi/10.3.1/../../../../arm-none-eabi/lib/thumb/v7e-m+fp/softfp/libc.a(lib_a-stdio.o)
                0x00000000100095e8                __swrite
 .text.__sseek  0x0000000010009628       0x20 /Users/gio/MaximSDK/Tools/GNUTools/10.3/bin/../lib/gcc/arm-none-eabi/10.3.1/../../../../arm-none-eabi/lib/thumb/v7e-m+fp/softfp/libc.a(lib_a-stdio.o)
                0x0000000010009628                __sseek
 .text.__sclose
                0x0000000010009648        0x8 /Users/gio/MaximSDK/Tools/GNUTools/10.3/bin/../lib/gcc/arm-none-eabi/10.3.1/../../../../arm-none-eabi/lib/thumb/v7e-m+fp/softfp/libc.a(lib_a-stdio.o)
                0x0000000010009648                __sclose
 .text.strncpy  0x0000000010009650       0x64 /Users/gio/MaximSDK/Tools/GNUTools/10.3/bin/../lib/gcc/arm-none-eabi/10.3.1/../../../../arm-none-eabi/lib/thumb/v7e-m+fp/softfp/libc.a(lib_a-strncpy.o)
                0x0000000010009650                strncpy
 .text.__sprint_r.part.0
                0x00000000100096b4       0x78 /Users/gio/MaximSDK/Tools/GNUTools/10.3/bin/../lib/gcc/arm-none-eabi/10.3.1/../../../../arm-none-eabi/lib/thumb/v7e-m+fp/softfp/libc.a(lib_a-vfiprintf.o)
 .text.__sprint_r
                0x000000001000972c       0x18 /Users/gio/MaximSDK/Tools/GNUTools/10.3/bin/../lib/gcc/arm-none-eabi/10.3.1/../../../../arm-none-eabi/lib/thumb/v7e-m+fp/softfp/libc.a(lib_a-vfiprintf.o)
                0x000000001000972c                __sprint_r
 .text._vfiprintf_r
                0x0000000010009744      0xdfc /Users/gio/MaximSDK/Tools/GNUTools/10.3/bin/../lib/gcc/arm-none-eabi/10.3.1/../../../../arm-none-eabi/lib/thumb/v7e-m+fp/softfp/libc.a(lib_a-vfiprintf.o)
                0x0000000010009744                _vfiprintf_r
 .text.__sbprintf
                0x000000001000a540       0x80 /Users/gio/MaximSDK/Tools/GNUTools/10.3/bin/../lib/gcc/arm-none-eabi/10.3.1/../../../../arm-none-eabi/lib/thumb/v7e-m+fp/softfp/libc.a(lib_a-vfiprintf.o)
 .text._write_r
                0x000000001000a5c0       0x2c /Users/gio/MaximSDK/Tools/GNUTools/10.3/bin/../lib/gcc/arm-none-eabi/10.3.1/../../../../arm-none-eabi/lib/thumb/v7e-m+fp/softfp/libc.a(lib_a-writer.o)
                0x000000001000a5c0                _write_r
 .text.__register_exitproc
                0x000000001000a5ec       0x8c /Users/gio/MaximSDK/Tools/GNUTools/10.3/bin/../lib/gcc/arm-none-eabi/10.3.1/../../../../arm-none-eabi/lib/thumb/v7e-m+fp/softfp/libc.a(lib_a-__atexit.o)
                0x000000001000a5ec                __register_exitproc
 .text.__assert_func
                0x000000001000a678       0x40 /Users/gio/MaximSDK/Tools/GNUTools/10.3/bin/../lib/gcc/arm-none-eabi/10.3.1/../../../../arm-none-eabi/lib/thumb/v7e-m+fp/softfp/libc.a(lib_a-assert.o)
                0x000000001000a678                __assert_func
 .text._calloc_r
                0x000000001000a6b8       0x78 /Users/gio/MaximSDK/Tools/GNUTools/10.3/bin/../lib/gcc/arm-none-eabi/10.3.1/../../../../arm-none-eabi/lib/thumb/v7e-m+fp/softfp/libc.a(lib_a-callocr.o)
                0x000000001000a6b8                _calloc_r
 .text._close_r
                0x000000001000a730       0x24 /Users/gio/MaximSDK/Tools/GNUTools/10.3/bin/../lib/gcc/arm-none-eabi/10.3.1/../../../../arm-none-eabi/lib/thumb/v7e-m+fp/softfp/libc.a(lib_a-closer.o)
                0x000000001000a730                _close_r
 .text._fclose_r
                0x000000001000a754       0xcc /Users/gio/MaximSDK/Tools/GNUTools/10.3/bin/../lib/gcc/arm-none-eabi/10.3.1/../../../../arm-none-eabi/lib/thumb/v7e-m+fp/softfp/libc.a(lib_a-fclose.o)
                0x000000001000a754                _fclose_r
 .text.fiprintf
                0x000000001000a820       0x28 /Users/gio/MaximSDK/Tools/GNUTools/10.3/bin/../lib/gcc/arm-none-eabi/10.3.1/../../../../arm-none-eabi/lib/thumb/v7e-m+fp/softfp/libc.a(lib_a-fiprintf.o)
                0x000000001000a820                fiprintf
 .text.__fputwc
                0x000000001000a848       0xa8 /Users/gio/MaximSDK/Tools/GNUTools/10.3/bin/../lib/gcc/arm-none-eabi/10.3.1/../../../../arm-none-eabi/lib/thumb/v7e-m+fp/softfp/libc.a(lib_a-fputwc.o)
                0x000000001000a848                __fputwc
 .text._fputwc_r
                0x000000001000a8f0       0x68 /Users/gio/MaximSDK/Tools/GNUTools/10.3/bin/../lib/gcc/arm-none-eabi/10.3.1/../../../../arm-none-eabi/lib/thumb/v7e-m+fp/softfp/libc.a(lib_a-fputwc.o)
                0x000000001000a8f0                _fputwc_r
 .text._fstat_r
                0x000000001000a958       0x2c /Users/gio/MaximSDK/Tools/GNUTools/10.3/bin/../lib/gcc/arm-none-eabi/10.3.1/../../../../arm-none-eabi/lib/thumb/v7e-m+fp/softfp/libc.a(lib_a-fstatr.o)
                0x000000001000a958                _fstat_r
 .text._isatty_r
                0x000000001000a984       0x24 /Users/gio/MaximSDK/Tools/GNUTools/10.3/bin/../lib/gcc/arm-none-eabi/10.3.1/../../../../arm-none-eabi/lib/thumb/v7e-m+fp/softfp/libc.a(lib_a-isattyr.o)
                0x000000001000a984                _isatty_r
 .text.__locale_mb_cur_max
                0x000000001000a9a8        0xc /Users/gio/MaximSDK/Tools/GNUTools/10.3/bin/../lib/gcc/arm-none-eabi/10.3.1/../../../../arm-none-eabi/lib/thumb/v7e-m+fp/softfp/libc.a(lib_a-locale.o)
                0x000000001000a9a8                __locale_mb_cur_max
 .text._lseek_r
                0x000000001000a9b4       0x2c /Users/gio/MaximSDK/Tools/GNUTools/10.3/bin/../lib/gcc/arm-none-eabi/10.3.1/../../../../arm-none-eabi/lib/thumb/v7e-m+fp/softfp/libc.a(lib_a-lseekr.o)
                0x000000001000a9b4                _lseek_r
 .text.__ascii_mbtowc
                0x000000001000a9e0       0x2c /Users/gio/MaximSDK/Tools/GNUTools/10.3/bin/../lib/gcc/arm-none-eabi/10.3.1/../../../../arm-none-eabi/lib/thumb/v7e-m+fp/softfp/libc.a(lib_a-mbtowc_r.o)
                0x000000001000a9e0                __ascii_mbtowc
 .text._read_r  0x000000001000aa0c       0x2c /Users/gio/MaximSDK/Tools/GNUTools/10.3/bin/../lib/gcc/arm-none-eabi/10.3.1/../../../../arm-none-eabi/lib/thumb/v7e-m+fp/softfp/libc.a(lib_a-readr.o)
                0x000000001000aa0c                _read_r
 .text.__swbuf_r
                0x000000001000aa38       0xb0 /Users/gio/MaximSDK/Tools/GNUTools/10.3/bin/../lib/gcc/arm-none-eabi/10.3.1/../../../../arm-none-eabi/lib/thumb/v7e-m+fp/softfp/libc.a(lib_a-wbuf.o)
                0x000000001000aa38                __swbuf_r
 .text._wcrtomb_r
                0x000000001000aae8       0x3c /Users/gio/MaximSDK/Tools/GNUTools/10.3/bin/../lib/gcc/arm-none-eabi/10.3.1/../../../../arm-none-eabi/lib/thumb/v7e-m+fp/softfp/libc.a(lib_a-wcrtomb.o)
                0x000000001000aae8                _wcrtomb_r
 .text.__ascii_wctomb
                0x000000001000ab24       0x1c /Users/gio/MaximSDK/Tools/GNUTools/10.3/bin/../lib/gcc/arm-none-eabi/10.3.1/../../../../arm-none-eabi/lib/thumb/v7e-m+fp/softfp/libc.a(lib_a-wctomb_r.o)
                0x000000001000ab24                __ascii_wctomb
 .text.abort    0x000000001000ab40       0x10 /Users/gio/MaximSDK/Tools/GNUTools/10.3/bin/../lib/gcc/arm-none-eabi/10.3.1/../../../../arm-none-eabi/lib/thumb/v7e-m+fp/softfp/libc.a(lib_a-abort.o)
                0x000000001000ab40                abort
 .text.raise    0x000000001000ab50       0x5c /Users/gio/MaximSDK/Tools/GNUTools/10.3/bin/../lib/gcc/arm-none-eabi/10.3.1/../../../../arm-none-eabi/lib/thumb/v7e-m+fp/softfp/libc.a(lib_a-signal.o)
                0x000000001000ab50                raise
 .text._kill_r  0x000000001000abac       0x2c /Users/gio/MaximSDK/Tools/GNUTools/10.3/bin/../lib/gcc/arm-none-eabi/10.3.1/../../../../arm-none-eabi/lib/thumb/v7e-m+fp/softfp/libc.a(lib_a-signalr.o)
                0x000000001000abac                _kill_r
 .text._getpid_r
                0x000000001000abd8        0x4 /Users/gio/MaximSDK/Tools/GNUTools/10.3/bin/../lib/gcc/arm-none-eabi/10.3.1/../../../../arm-none-eabi/lib/thumb/v7e-m+fp/softfp/libc.a(lib_a-signalr.o)
                0x000000001000abd8                _getpid_r
 .text.round    0x000000001000abdc       0x9c /Users/gio/MaximSDK/Tools/GNUTools/10.3/bin/../lib/gcc/arm-none-eabi/10.3.1/../../../../arm-none-eabi/lib/thumb/v7e-m+fp/softfp/libm.a(lib_a-s_round.o)
                0x000000001000abdc                round
 .text._getpid  0x000000001000ac78       0x10 /Users/gio/MaximSDK/Tools/GNUTools/10.3/bin/../lib/gcc/arm-none-eabi/10.3.1/../../../../arm-none-eabi/lib/thumb/v7e-m+fp/softfp/libnosys.a(getpid.o)
                0x000000001000ac78                _getpid
 .text._kill    0x000000001000ac88       0x10 /Users/gio/MaximSDK/Tools/GNUTools/10.3/bin/../lib/gcc/arm-none-eabi/10.3.1/../../../../arm-none-eabi/lib/thumb/v7e-m+fp/softfp/libnosys.a(kill.o)
                0x000000001000ac88                _kill
 .text._exit    0x000000001000ac98        0x4 /Users/gio/MaximSDK/Tools/GNUTools/10.3/bin/../lib/gcc/arm-none-eabi/10.3.1/../../../../arm-none-eabi/lib/thumb/v7e-m+fp/softfp/libnosys.a(_exit.o)
                0x000000001000ac98                _exit
 .text          0x000000001000ac9c      0x378 /Users/gio/MaximSDK/Tools/GNUTools/10.3/bin/../lib/gcc/arm-none-eabi/10.3.1/thumb/v7e-m+fp/softfp/libgcc.a(_arm_addsubdf3.o)
                0x000000001000ac9c                __aeabi_drsub
                0x000000001000aca4                __subdf3
                0x000000001000aca4                __aeabi_dsub
                0x000000001000aca8                __aeabi_dadd
                0x000000001000aca8                __adddf3
                0x000000001000af20                __aeabi_ui2d
                0x000000001000af20                __floatunsidf
                0x000000001000af40                __floatsidf
                0x000000001000af40                __aeabi_i2d
                0x000000001000af64                __extendsfdf2
                0x000000001000af64                __aeabi_f2d
                0x000000001000afa8                __aeabi_ul2d
                0x000000001000afa8                __floatundidf
                0x000000001000afb8                __aeabi_l2d
                0x000000001000afb8                __floatdidf
 .text          0x000000001000b014      0x424 /Users/gio/MaximSDK/Tools/GNUTools/10.3/bin/../lib/gcc/arm-none-eabi/10.3.1/thumb/v7e-m+fp/softfp/libgcc.a(_arm_muldivdf3.o)
                0x000000001000b014                __aeabi_dmul
                0x000000001000b014                __muldf3
                0x000000001000b268                __aeabi_ddiv
                0x000000001000b268                __divdf3
 .text          0x000000001000b438      0x110 /Users/gio/MaximSDK/Tools/GNUTools/10.3/bin/../lib/gcc/arm-none-eabi/10.3.1/thumb/v7e-m+fp/softfp/libgcc.a(_arm_cmpdf2.o)
                0x000000001000b438                __gedf2
                0x000000001000b438                __gtdf2
                0x000000001000b440                __ledf2
                0x000000001000b440                __ltdf2
                0x000000001000b448                __cmpdf2
                0x000000001000b448                __eqdf2
                0x000000001000b448                __nedf2
                0x000000001000b4c4                __aeabi_cdrcmple
                0x000000001000b4d4                __aeabi_cdcmple
                0x000000001000b4d4                __aeabi_cdcmpeq
                0x000000001000b4e4                __aeabi_dcmpeq
                0x000000001000b4f8                __aeabi_dcmplt
                0x000000001000b50c                __aeabi_dcmple
                0x000000001000b520                __aeabi_dcmpge
                0x000000001000b534                __aeabi_dcmpgt
 .text          0x000000001000b548       0x2c /Users/gio/MaximSDK/Tools/GNUTools/10.3/bin/../lib/gcc/arm-none-eabi/10.3.1/thumb/v7e-m+fp/softfp/libgcc.a(_arm_unorddf2.o)
                0x000000001000b548                __aeabi_dcmpun
                0x000000001000b548                __unorddf2
 .text          0x000000001000b574       0x50 /Users/gio/MaximSDK/Tools/GNUTools/10.3/bin/../lib/gcc/arm-none-eabi/10.3.1/thumb/v7e-m+fp/softfp/libgcc.a(_arm_fixdfsi.o)
                0x000000001000b574                __fixdfsi
                0x000000001000b574                __aeabi_d2iz
 .text          0x000000001000b5c4       0xa0 /Users/gio/MaximSDK/Tools/GNUTools/10.3/bin/../lib/gcc/arm-none-eabi/10.3.1/thumb/v7e-m+fp/softfp/libgcc.a(_aeabi_ldivmod.o)
                0x000000001000b5c4                __aeabi_ldivmod
 .text          0x000000001000b664       0x30 /Users/gio/MaximSDK/Tools/GNUTools/10.3/bin/../lib/gcc/arm-none-eabi/10.3.1/thumb/v7e-m+fp/softfp/libgcc.a(_aeabi_uldivmod.o)
                0x000000001000b664                __aeabi_uldivmod
 .text          0x000000001000b694      0x2d0 /Users/gio/MaximSDK/Tools/GNUTools/10.3/bin/../lib/gcc/arm-none-eabi/10.3.1/thumb/v7e-m+fp/softfp/libgcc.a(_udivmoddi4.o)
                0x000000001000b694                __udivmoddi4
 .text          0x000000001000b964        0x4 /Users/gio/MaximSDK/Tools/GNUTools/10.3/bin/../lib/gcc/arm-none-eabi/10.3.1/thumb/v7e-m+fp/softfp/libgcc.a(_dvmd_tls.o)
                0x000000001000b964                __aeabi_ldiv0
                0x000000001000b964                __aeabi_idiv0
 *(.rodata*)
 .rodata.main.str1.4
                0x000000001000b968       0xd4 /Users/gio/Online-Learning-on-Max78000/build/main.o
 .rodata.cnn_set_layer_count.str1.4
                0x000000001000ba3c       0x43 /Users/gio/Online-Learning-on-Max78000/build/cnn.o
 *fill*         0x000000001000ba7f        0x1 
 .rodata.get_next_OS_layer.str1.4
                0x000000001000ba80       0x2d /Users/gio/Online-Learning-on-Max78000/build/cnn.o
 *fill*         0x000000001000baad        0x3 
 .rodata.mxc_assert.str1.4
                0x000000001000bab0       0x19 /Users/gio/Online-Learning-on-Max78000/build/board.o
 *fill*         0x000000001000bac9        0x3 
 .rodata.Board_Init.str1.4
                0x000000001000bacc       0x4d /Users/gio/Online-Learning-on-Max78000/build/board.o
 *fill*         0x000000001000bb19        0x3 
 .rodata.led_pin
                0x000000001000bb1c       0x24 /Users/gio/Online-Learning-on-Max78000/build/board.o
                0x000000001000bb1c                led_pin
 .rodata.num_leds
                0x000000001000bb40        0x4 /Users/gio/Online-Learning-on-Max78000/build/board.o
                0x000000001000bb40                num_leds
 .rodata.num_pbs
                0x000000001000bb44        0x4 /Users/gio/Online-Learning-on-Max78000/build/board.o
                0x000000001000bb44                num_pbs
 .rodata.pb_pin
                0x000000001000bb48       0x18 /Users/gio/Online-Learning-on-Max78000/build/board.o
                0x000000001000bb48                pb_pin
 .rodata.LED_On.str1.4
                0x000000001000bb60       0x67 /Users/gio/Online-Learning-on-Max78000/build/led.o
 *fill*         0x000000001000bbc7        0x1 
 .rodata.gpio_cfg_tmr0
                0x000000001000bbc8        0xc /Users/gio/MaximSDK/Libraries/PeriphDrivers/bin/MAX78000/softfp/libPeriphDriver_softfp.a(pins_ai85.o)
                0x000000001000bbc8                gpio_cfg_tmr0
 .rodata.gpio_cfg_tmr0b
                0x000000001000bbd4        0xc /Users/gio/MaximSDK/Libraries/PeriphDrivers/bin/MAX78000/softfp/libPeriphDriver_softfp.a(pins_ai85.o)
                0x000000001000bbd4                gpio_cfg_tmr0b
 .rodata.gpio_cfg_tmr1
                0x000000001000bbe0        0xc /Users/gio/MaximSDK/Libraries/PeriphDrivers/bin/MAX78000/softfp/libPeriphDriver_softfp.a(pins_ai85.o)
                0x000000001000bbe0                gpio_cfg_tmr1
 .rodata.gpio_cfg_tmr1b
                0x000000001000bbec        0xc /Users/gio/MaximSDK/Libraries/PeriphDrivers/bin/MAX78000/softfp/libPeriphDriver_softfp.a(pins_ai85.o)
                0x000000001000bbec                gpio_cfg_tmr1b
 .rodata.gpio_cfg_tmr2
                0x000000001000bbf8        0xc /Users/gio/MaximSDK/Libraries/PeriphDrivers/bin/MAX78000/softfp/libPeriphDriver_softfp.a(pins_ai85.o)
                0x000000001000bbf8                gpio_cfg_tmr2
 .rodata.gpio_cfg_tmr2b
                0x000000001000bc04        0xc /Users/gio/MaximSDK/Libraries/PeriphDrivers/bin/MAX78000/softfp/libPeriphDriver_softfp.a(pins_ai85.o)
                0x000000001000bc04                gpio_cfg_tmr2b
 .rodata.gpio_cfg_tmr3
                0x000000001000bc10        0xc /Users/gio/MaximSDK/Libraries/PeriphDrivers/bin/MAX78000/softfp/libPeriphDriver_softfp.a(pins_ai85.o)
                0x000000001000bc10                gpio_cfg_tmr3
 .rodata.gpio_cfg_tmr3b
                0x000000001000bc1c        0xc /Users/gio/MaximSDK/Libraries/PeriphDrivers/bin/MAX78000/softfp/libPeriphDriver_softfp.a(pins_ai85.o)
                0x000000001000bc1c                gpio_cfg_tmr3b
 .rodata.gpio_cfg_tmr4
                0x000000001000bc28        0xc /Users/gio/MaximSDK/Libraries/PeriphDrivers/bin/MAX78000/softfp/libPeriphDriver_softfp.a(pins_ai85.o)
                0x000000001000bc28                gpio_cfg_tmr4
 .rodata.gpio_cfg_tmr5
                0x000000001000bc34        0xc /Users/gio/MaximSDK/Libraries/PeriphDrivers/bin/MAX78000/softfp/libPeriphDriver_softfp.a(pins_ai85.o)
                0x000000001000bc34                gpio_cfg_tmr5
 .rodata.gpio_cfg_uart0
                0x000000001000bc40        0xc /Users/gio/MaximSDK/Libraries/PeriphDrivers/bin/MAX78000/softfp/libPeriphDriver_softfp.a(pins_ai85.o)
                0x000000001000bc40                gpio_cfg_uart0
 .rodata.gpio_cfg_uart1
                0x000000001000bc4c        0xc /Users/gio/MaximSDK/Libraries/PeriphDrivers/bin/MAX78000/softfp/libPeriphDriver_softfp.a(pins_ai85.o)
                0x000000001000bc4c                gpio_cfg_uart1
 .rodata.gpio_cfg_uart2
                0x000000001000bc58        0xc /Users/gio/MaximSDK/Libraries/PeriphDrivers/bin/MAX78000/softfp/libPeriphDriver_softfp.a(pins_ai85.o)
                0x000000001000bc58                gpio_cfg_uart2
 .rodata.gpio_cfg_uart3
                0x000000001000bc64        0xc /Users/gio/MaximSDK/Libraries/PeriphDrivers/bin/MAX78000/softfp/libPeriphDriver_softfp.a(pins_ai85.o)
                0x000000001000bc64                gpio_cfg_uart3
 .rodata.MXC_TMR_Init.str1.4
                0x000000001000bc70       0x58 /Users/gio/MaximSDK/Libraries/PeriphDrivers/bin/MAX78000/softfp/libPeriphDriver_softfp.a(tmr_ai85.o)
 .rodata.MXC_TMR_RevB_ConfigGeneric.str1.4
                0x000000001000bcc8       0x4b /Users/gio/MaximSDK/Libraries/PeriphDrivers/bin/MAX78000/softfp/libPeriphDriver_softfp.a(tmr_revb.o)
                                         0x58 (size before relaxing)
 *fill*         0x000000001000bd13        0x1 
 .rodata.MXC_GPIO_Common_Handler.str1.4
                0x000000001000bd14       0x6e /Users/gio/MaximSDK/Libraries/PeriphDrivers/bin/MAX78000/softfp/libPeriphDriver_softfp.a(gpio_common.o)
 *fill*         0x000000001000bd82        0x2 
 .rodata._global_impure_ptr
                0x000000001000bd84        0x4 /Users/gio/MaximSDK/Tools/GNUTools/10.3/bin/../lib/gcc/arm-none-eabi/10.3.1/../../../../arm-none-eabi/lib/thumb/v7e-m+fp/softfp/libc.a(lib_a-impure.o)
                0x000000001000bd84                _global_impure_ptr
 .rodata._puts_r.str1.4
                0x000000001000bd88       0x6e /Users/gio/MaximSDK/Tools/GNUTools/10.3/bin/../lib/gcc/arm-none-eabi/10.3.1/../../../../arm-none-eabi/lib/thumb/v7e-m+fp/softfp/libc.a(lib_a-puts.o)
                                          0x2 (size before relaxing)
 .rodata._vfprintf_r.str1.4
                0x000000001000bd88       0x42 /Users/gio/MaximSDK/Tools/GNUTools/10.3/bin/../lib/gcc/arm-none-eabi/10.3.1/../../../../arm-none-eabi/lib/thumb/v7e-m+fp/softfp/libc.a(lib_a-vfprintf.o)
 *fill*         0x000000001000bdca        0x2 
 .rodata.blanks.1
                0x000000001000bdcc       0x10 /Users/gio/MaximSDK/Tools/GNUTools/10.3/bin/../lib/gcc/arm-none-eabi/10.3.1/../../../../arm-none-eabi/lib/thumb/v7e-m+fp/softfp/libc.a(lib_a-vfprintf.o)
 .rodata.zeroes.0
                0x000000001000bddc       0x10 /Users/gio/MaximSDK/Tools/GNUTools/10.3/bin/../lib/gcc/arm-none-eabi/10.3.1/../../../../arm-none-eabi/lib/thumb/v7e-m+fp/softfp/libc.a(lib_a-vfprintf.o)
 .rodata._dtoa_r.str1.4
                0x000000001000bdec       0x7e /Users/gio/MaximSDK/Tools/GNUTools/10.3/bin/../lib/gcc/arm-none-eabi/10.3.1/../../../../arm-none-eabi/lib/thumb/v7e-m+fp/softfp/libc.a(lib_a-dtoa.o)
                                         0x82 (size before relaxing)
 *fill*         0x000000001000be6a        0x2 
 .rodata.__multadd.str1.4
                0x000000001000be6c       0x5b /Users/gio/MaximSDK/Tools/GNUTools/10.3/bin/../lib/gcc/arm-none-eabi/10.3.1/../../../../arm-none-eabi/lib/thumb/v7e-m+fp/softfp/libc.a(lib_a-mprec.o)
                                         0x6f (size before relaxing)
 *fill*         0x000000001000bec7        0x1 
 .rodata.__mprec_bigtens
                0x000000001000bec8       0x28 /Users/gio/MaximSDK/Tools/GNUTools/10.3/bin/../lib/gcc/arm-none-eabi/10.3.1/../../../../arm-none-eabi/lib/thumb/v7e-m+fp/softfp/libc.a(lib_a-mprec.o)
                0x000000001000bec8                __mprec_bigtens
 .rodata.__mprec_tens
                0x000000001000bef0       0xc8 /Users/gio/MaximSDK/Tools/GNUTools/10.3/bin/../lib/gcc/arm-none-eabi/10.3.1/../../../../arm-none-eabi/lib/thumb/v7e-m+fp/softfp/libc.a(lib_a-mprec.o)
                0x000000001000bef0                __mprec_tens
 .rodata.p05.0  0x000000001000bfb8        0xc /Users/gio/MaximSDK/Tools/GNUTools/10.3/bin/../lib/gcc/arm-none-eabi/10.3.1/../../../../arm-none-eabi/lib/thumb/v7e-m+fp/softfp/libc.a(lib_a-mprec.o)
 .rodata._vfiprintf_r.str1.4
                0x000000001000bfc4       0x2f /Users/gio/MaximSDK/Tools/GNUTools/10.3/bin/../lib/gcc/arm-none-eabi/10.3.1/../../../../arm-none-eabi/lib/thumb/v7e-m+fp/softfp/libc.a(lib_a-vfiprintf.o)
 .rodata.blanks.1
                0x000000001000bfc4       0x10 /Users/gio/MaximSDK/Tools/GNUTools/10.3/bin/../lib/gcc/arm-none-eabi/10.3.1/../../../../arm-none-eabi/lib/thumb/v7e-m+fp/softfp/libc.a(lib_a-vfiprintf.o)
 .rodata.zeroes.0
                0x000000001000bfd4       0x10 /Users/gio/MaximSDK/Tools/GNUTools/10.3/bin/../lib/gcc/arm-none-eabi/10.3.1/../../../../arm-none-eabi/lib/thumb/v7e-m+fp/softfp/libc.a(lib_a-vfiprintf.o)
 .rodata.__assert_func.str1.4
                0x000000001000bfe4       0x3f /Users/gio/MaximSDK/Tools/GNUTools/10.3/bin/../lib/gcc/arm-none-eabi/10.3.1/../../../../arm-none-eabi/lib/thumb/v7e-m+fp/softfp/libc.a(lib_a-assert.o)
                                         0x43 (size before relaxing)
 *fill*         0x000000001000c023        0x1 
 .rodata._setlocale_r.str1.4
                0x000000001000c024        0xa /Users/gio/MaximSDK/Tools/GNUTools/10.3/bin/../lib/gcc/arm-none-eabi/10.3.1/../../../../arm-none-eabi/lib/thumb/v7e-m+fp/softfp/libc.a(lib_a-locale.o)
                                          0xd (size before relaxing)
 *fill*         0x000000001000c02e        0x2 
 .rodata.str1.4
                0x000000001000c030        0x2 /Users/gio/MaximSDK/Tools/GNUTools/10.3/bin/../lib/gcc/arm-none-eabi/10.3.1/../../../../arm-none-eabi/lib/thumb/v7e-m+fp/softfp/libc.a(lib_a-locale.o)
 *fill*         0x000000001000c032        0x2 
 .rodata._ctype_
                0x000000001000c034      0x101 /Users/gio/MaximSDK/Tools/GNUTools/10.3/bin/../lib/gcc/arm-none-eabi/10.3.1/../../../../arm-none-eabi/lib/thumb/v7e-m+fp/softfp/libc.a(lib_a-ctype_.o)
                0x000000001000c034                _ctype_
 *(.init)
 *fill*         0x000000001000c135        0x3 
 .init          0x000000001000c138        0x4 /Users/gio/MaximSDK/Tools/GNUTools/10.3/bin/../lib/gcc/arm-none-eabi/10.3.1/thumb/v7e-m+fp/softfp/crti.o
                0x000000001000c138                _init
 .init          0x000000001000c13c        0x8 /Users/gio/MaximSDK/Tools/GNUTools/10.3/bin/../lib/gcc/arm-none-eabi/10.3.1/thumb/v7e-m+fp/softfp/crtn.o
 *(.fini)
 .fini          0x000000001000c144        0x4 /Users/gio/MaximSDK/Tools/GNUTools/10.3/bin/../lib/gcc/arm-none-eabi/10.3.1/thumb/v7e-m+fp/softfp/crti.o
                0x000000001000c144                _fini
 .fini          0x000000001000c148        0x8 /Users/gio/MaximSDK/Tools/GNUTools/10.3/bin/../lib/gcc/arm-none-eabi/10.3.1/thumb/v7e-m+fp/softfp/crtn.o
 *(.eh_frame*)
 .eh_frame      0x000000001000c150        0x0 /Users/gio/MaximSDK/Tools/GNUTools/10.3/bin/../lib/gcc/arm-none-eabi/10.3.1/thumb/v7e-m+fp/softfp/crtbegin.o
 .eh_frame      0x000000001000c150        0x4 /Users/gio/MaximSDK/Tools/GNUTools/10.3/bin/../lib/gcc/arm-none-eabi/10.3.1/thumb/v7e-m+fp/softfp/crtend.o
                0x000000001000c154                _etext = .

.glue_7         0x000000001000c154        0x0
 .glue_7        0x000000001000c154        0x0 linker stubs

.glue_7t        0x000000001000c154        0x0
 .glue_7t       0x000000001000c154        0x0 linker stubs

.vfp11_veneer   0x000000001000c154        0x0
 .vfp11_veneer  0x000000001000c154        0x0 linker stubs

.v4_bx          0x000000001000c154        0x0
 .v4_bx         0x000000001000c154        0x0 linker stubs

.iplt           0x000000001000c154        0x0
 .iplt          0x000000001000c154        0x0 /Users/gio/MaximSDK/Tools/GNUTools/10.3/bin/../lib/gcc/arm-none-eabi/10.3.1/thumb/v7e-m+fp/softfp/crtbegin.o

.bin_storage    0x000000001000c154        0x0
 FILL mask 0xff
                0x000000001000c154                _bin_start_ = .
 *(.bin_storage_img)
                0x000000001000c154                _bin_end_ = .
                0x000000001000c154                . = ALIGN (0x4)

.rom_code       0x0000000000000000        0x0
                0x0000000000000000                . = ALIGN (0x10)
                0x0000000020000000                _sran_code = .
 *(.rom_code_section)
                0x0000000020000000                _esran_code = .

.flash_code     0x000000001000c154        0xc
                0x000000001000c160                . = ALIGN (0x10)
 *fill*         0x000000001000c154        0xc 
                0x0000000020000000                _sran_code = .
 *(.flash_code_section)
                0x0000000020000000                _esran_code = .

.sram_code      0x0000000020000000        0x0
                0x0000000020000000                . = ALIGN (0x10)
                0x0000000020000000                _sran_code = .
 *(.sram_code_section)
                0x0000000020000000                _esran_code = .

.ARM.exidx      0x000000001000c160        0x8
                0x000000001000c160                __exidx_start = .
 *(.ARM.exidx*)
 .ARM.exidx     0x000000001000c160        0x8 /Users/gio/MaximSDK/Tools/GNUTools/10.3/bin/../lib/gcc/arm-none-eabi/10.3.1/thumb/v7e-m+fp/softfp/libgcc.a(_udivmoddi4.o)
                0x000000001000c168                __exidx_end = .

.rel.dyn        0x000000001000c168        0x0
 .rel.iplt      0x000000001000c168        0x0 /Users/gio/MaximSDK/Tools/GNUTools/10.3/bin/../lib/gcc/arm-none-eabi/10.3.1/thumb/v7e-m+fp/softfp/crtbegin.o

.data           0x0000000020000000    0x1abf4 load address 0x000000001000c168
                0x0000000020000000                _data = ALIGN (., 0x4)
 *(.data*)
 .data.learning_rate
                0x0000000020000000        0x4 /Users/gio/Online-Learning-on-Max78000/build/main.o
                0x0000000020000000                learning_rate
 .data.sample_inputs_all
                0x0000000020000004     0x89d0 /Users/gio/Online-Learning-on-Max78000/build/main.o
                0x0000000020000004                sample_inputs_all
 .data.true_output
                0x00000000200089d4       0x28 /Users/gio/Online-Learning-on-Max78000/build/main.o
                0x00000000200089d4                true_output
 .data.bias     0x00000000200089fc        0xa /Users/gio/Online-Learning-on-Max78000/build/weights.o
                0x00000000200089fc                bias
 *fill*         0x0000000020008a06        0x2 
 .data.kernels_miei
                0x0000000020008a08    0x11828 /Users/gio/Online-Learning-on-Max78000/build/weights.o
                0x0000000020008a08                kernels_miei
 .data.ConsoleUart
                0x000000002001a230        0x4 /Users/gio/Online-Learning-on-Max78000/build/board.o
                0x000000002001a230                ConsoleUart
 .data.overflows
                0x000000002001a234        0x4 /Users/gio/MaximSDK/Libraries/PeriphDrivers/bin/MAX78000/softfp/libPeriphDriver_softfp.a(mxc_delay.o)
 .data._impure_ptr
                0x000000002001a238        0x4 /Users/gio/MaximSDK/Tools/GNUTools/10.3/bin/../lib/gcc/arm-none-eabi/10.3.1/../../../../arm-none-eabi/lib/thumb/v7e-m+fp/softfp/libc.a(lib_a-impure.o)
                0x000000002001a238                _impure_ptr
 *fill*         0x000000002001a23c        0x4 
 .data.impure_data
                0x000000002001a240      0x428 /Users/gio/MaximSDK/Tools/GNUTools/10.3/bin/../lib/gcc/arm-none-eabi/10.3.1/../../../../arm-none-eabi/lib/thumb/v7e-m+fp/softfp/libc.a(lib_a-impure.o)
 .data.__malloc_av_
                0x000000002001a668      0x408 /Users/gio/MaximSDK/Tools/GNUTools/10.3/bin/../lib/gcc/arm-none-eabi/10.3.1/../../../../arm-none-eabi/lib/thumb/v7e-m+fp/softfp/libc.a(lib_a-mallocr.o)
                0x000000002001a668                __malloc_av_
 .data.__malloc_sbrk_base
                0x000000002001aa70        0x4 /Users/gio/MaximSDK/Tools/GNUTools/10.3/bin/../lib/gcc/arm-none-eabi/10.3.1/../../../../arm-none-eabi/lib/thumb/v7e-m+fp/softfp/libc.a(lib_a-mallocr.o)
                0x000000002001aa70                __malloc_sbrk_base
 .data.__malloc_trim_threshold
                0x000000002001aa74        0x4 /Users/gio/MaximSDK/Tools/GNUTools/10.3/bin/../lib/gcc/arm-none-eabi/10.3.1/../../../../arm-none-eabi/lib/thumb/v7e-m+fp/softfp/libc.a(lib_a-mallocr.o)
                0x000000002001aa74                __malloc_trim_threshold
 .data.__atexit_recursive_mutex
                0x000000002001aa78        0x4 /Users/gio/MaximSDK/Tools/GNUTools/10.3/bin/../lib/gcc/arm-none-eabi/10.3.1/../../../../arm-none-eabi/lib/thumb/v7e-m+fp/softfp/libc.a(lib_a-__call_atexit.o)
                0x000000002001aa78                __atexit_recursive_mutex
 .data.__global_locale
                0x000000002001aa7c      0x16c /Users/gio/MaximSDK/Tools/GNUTools/10.3/bin/../lib/gcc/arm-none-eabi/10.3.1/../../../../arm-none-eabi/lib/thumb/v7e-m+fp/softfp/libc.a(lib_a-locale.o)
                0x000000002001aa7c                __global_locale
 *(.flashprog*)
                0x000000002001abe8                . = ALIGN (0x4)
                0x000000002001abe8                PROVIDE (__preinit_array_start = .)
 *(.preinit_array)
                0x000000002001abe8                PROVIDE (__preinit_array_end = .)
                0x000000002001abe8                . = ALIGN (0x4)
                0x000000002001abe8                PROVIDE (__init_array_start = .)
 *(SORT_BY_NAME(.init_array.*))
 .init_array.00000
                0x000000002001abe8        0x4 /Users/gio/MaximSDK/Tools/GNUTools/10.3/bin/../lib/gcc/arm-none-eabi/10.3.1/../../../../arm-none-eabi/lib/thumb/v7e-m+fp/softfp/libc.a(lib_a-__call_atexit.o)
 *(.init_array)
 .init_array    0x000000002001abec        0x4 /Users/gio/MaximSDK/Tools/GNUTools/10.3/bin/../lib/gcc/arm-none-eabi/10.3.1/thumb/v7e-m+fp/softfp/crtbegin.o
                0x000000002001abf0                PROVIDE (__init_array_end = .)
                0x000000002001abf0                . = ALIGN (0x4)
                0x000000002001abf0                PROVIDE (__fini_array_start = .)
 *(SORT_BY_NAME(.fini_array.*))
 *(.fini_array)
 .fini_array    0x000000002001abf0        0x4 /Users/gio/MaximSDK/Tools/GNUTools/10.3/bin/../lib/gcc/arm-none-eabi/10.3.1/thumb/v7e-m+fp/softfp/crtbegin.o
                0x000000002001abf4                PROVIDE (__fini_array_end = .)
                0x000000002001abf4                _edata = ALIGN (., 0x4)
                0x000000001000c168                __load_data = LOADADDR (.data)

.igot.plt       0x000000002001abf4        0x0 load address 0x0000000010026d5c
 .igot.plt      0x000000002001abf4        0x0 /Users/gio/MaximSDK/Tools/GNUTools/10.3/bin/../lib/gcc/arm-none-eabi/10.3.1/thumb/v7e-m+fp/softfp/crtbegin.o

.bss            0x000000002001ac00     0x362c load address 0x0000000010026d5c
                0x000000002001ac00                . = ALIGN (0x4)
                0x000000002001ac00                _bss = .
 *(.bss*)
 .bss           0x000000002001ac00       0x1c /Users/gio/MaximSDK/Tools/GNUTools/10.3/bin/../lib/gcc/arm-none-eabi/10.3.1/thumb/v7e-m+fp/softfp/crtbegin.o
 .bss.cnn_time  0x000000002001ac1c        0x4 /Users/gio/Online-Learning-on-Max78000/build/main.o
                0x000000002001ac1c                cnn_time
 .bss.cost      0x000000002001ac20       0x28 /Users/gio/Online-Learning-on-Max78000/build/main.o
                0x000000002001ac20                cost
 .bss.dW        0x000000002001ac48     0x1e00 /Users/gio/Online-Learning-on-Max78000/build/main.o
                0x000000002001ac48                dW
 .bss.deltaW    0x000000002001ca48        0x2 /Users/gio/Online-Learning-on-Max78000/build/main.o
                0x000000002001ca48                deltaW
 *fill*         0x000000002001ca4a        0x2 
 .bss.input     0x000000002001ca4c        0x4 /Users/gio/Online-Learning-on-Max78000/build/main.o
                0x000000002001ca4c                input
 .bss.ml_data   0x000000002001ca50       0x28 /Users/gio/Online-Learning-on-Max78000/build/main.o
 .bss.ml_data_frozen
                0x000000002001ca78       0xc0 /Users/gio/Online-Learning-on-Max78000/build/main.o
 .bss.ml_softmax
                0x000000002001cb38       0x14 /Users/gio/Online-Learning-on-Max78000/build/main.o
 .bss.output_L0
                0x000000002001cb4c       0xc0 /Users/gio/Online-Learning-on-Max78000/build/main.o
                0x000000002001cb4c                output_L0
 .bss.prediction
                0x000000002001cc0c      0x780 /Users/gio/Online-Learning-on-Max78000/build/main.o
                0x000000002001cc0c                prediction
 .bss.weights   0x000000002001d38c      0x780 /Users/gio/Online-Learning-on-Max78000/build/main.o
                0x000000002001d38c                weights
 .bss.OS_layers
                0x000000002001db0c        0x4 /Users/gio/Online-Learning-on-Max78000/build/cnn.o
                0x000000002001db0c                OS_layers
 .bss.append    0x000000002001db10       0x20 /Users/gio/Online-Learning-on-Max78000/build/backpropagation.o
                0x000000002001db10                append
 .bss.counter   0x000000002001db30        0x4 /Users/gio/Online-Learning-on-Max78000/build/backpropagation.o
                0x000000002001db30                counter
 .bss.spot      0x000000002001db34        0x4 /Users/gio/Online-Learning-on-Max78000/build/backpropagation.o
 .bss.update_place
                0x000000002001db38        0x4 /Users/gio/Online-Learning-on-Max78000/build/backpropagation.o
 .bss.heap_end  0x000000002001db3c        0x4 /Users/gio/Online-Learning-on-Max78000/build/heap.o
 .bss.cbFunc    0x000000002001db40        0x4 /Users/gio/MaximSDK/Libraries/PeriphDrivers/bin/MAX78000/softfp/libPeriphDriver_softfp.a(mxc_delay.o)
 .bss.ctrl_save
                0x000000002001db44        0x4 /Users/gio/MaximSDK/Libraries/PeriphDrivers/bin/MAX78000/softfp/libPeriphDriver_softfp.a(mxc_delay.o)
 .bss.endtick   0x000000002001db48        0x4 /Users/gio/MaximSDK/Libraries/PeriphDrivers/bin/MAX78000/softfp/libPeriphDriver_softfp.a(mxc_delay.o)
 *fill*         0x000000002001db4c       0xb4 
 .bss.ramVectorTable
                0x000000002001dc00      0x1e0 /Users/gio/MaximSDK/Libraries/PeriphDrivers/bin/MAX78000/softfp/libPeriphDriver_softfp.a(nvic_table.o)
 .bss.callback  0x000000002001dde0      0x200 /Users/gio/MaximSDK/Libraries/PeriphDrivers/bin/MAX78000/softfp/libPeriphDriver_softfp.a(gpio_common.o)
 .bss.cbparam   0x000000002001dfe0      0x200 /Users/gio/MaximSDK/Libraries/PeriphDrivers/bin/MAX78000/softfp/libPeriphDriver_softfp.a(gpio_common.o)
 .bss.initialized
                0x000000002001e1e0        0x1 /Users/gio/MaximSDK/Libraries/PeriphDrivers/bin/MAX78000/softfp/libPeriphDriver_softfp.a(gpio_common.o)
 *fill*         0x000000002001e1e1        0x3 
 .bss.__malloc_current_mallinfo
                0x000000002001e1e4       0x28 /Users/gio/MaximSDK/Tools/GNUTools/10.3/bin/../lib/gcc/arm-none-eabi/10.3.1/../../../../arm-none-eabi/lib/thumb/v7e-m+fp/softfp/libc.a(lib_a-mallocr.o)
                0x000000002001e1e4                __malloc_current_mallinfo
 .bss.__malloc_max_sbrked_mem
                0x000000002001e20c        0x4 /Users/gio/MaximSDK/Tools/GNUTools/10.3/bin/../lib/gcc/arm-none-eabi/10.3.1/../../../../arm-none-eabi/lib/thumb/v7e-m+fp/softfp/libc.a(lib_a-mallocr.o)
                0x000000002001e20c                __malloc_max_sbrked_mem
 .bss.__malloc_max_total_mem
                0x000000002001e210        0x4 /Users/gio/MaximSDK/Tools/GNUTools/10.3/bin/../lib/gcc/arm-none-eabi/10.3.1/../../../../arm-none-eabi/lib/thumb/v7e-m+fp/softfp/libc.a(lib_a-mallocr.o)
                0x000000002001e210                __malloc_max_total_mem
 .bss.__malloc_top_pad
                0x000000002001e214        0x4 /Users/gio/MaximSDK/Tools/GNUTools/10.3/bin/../lib/gcc/arm-none-eabi/10.3.1/../../../../arm-none-eabi/lib/thumb/v7e-m+fp/softfp/libc.a(lib_a-mallocr.o)
                0x000000002001e214                __malloc_top_pad
 .bss.__lock___atexit_recursive_mutex
                0x000000002001e218        0x1 /Users/gio/MaximSDK/Tools/GNUTools/10.3/bin/../lib/gcc/arm-none-eabi/10.3.1/../../../../arm-none-eabi/lib/thumb/v7e-m+fp/softfp/libc.a(lib_a-lock.o)
                0x000000002001e218                __lock___atexit_recursive_mutex
 *fill*         0x000000002001e219        0x3 
 .bss.__lock___malloc_recursive_mutex
                0x000000002001e21c        0x1 /Users/gio/MaximSDK/Tools/GNUTools/10.3/bin/../lib/gcc/arm-none-eabi/10.3.1/../../../../arm-none-eabi/lib/thumb/v7e-m+fp/softfp/libc.a(lib_a-lock.o)
                0x000000002001e21c                __lock___malloc_recursive_mutex
 *fill*         0x000000002001e21d        0x3 
 .bss.__lock___sfp_recursive_mutex
                0x000000002001e220        0x1 /Users/gio/MaximSDK/Tools/GNUTools/10.3/bin/../lib/gcc/arm-none-eabi/10.3.1/../../../../arm-none-eabi/lib/thumb/v7e-m+fp/softfp/libc.a(lib_a-lock.o)
                0x000000002001e220                __lock___sfp_recursive_mutex
 *fill*         0x000000002001e221        0x3 
 .bss.__lock___sinit_recursive_mutex
                0x000000002001e224        0x1 /Users/gio/MaximSDK/Tools/GNUTools/10.3/bin/../lib/gcc/arm-none-eabi/10.3.1/../../../../arm-none-eabi/lib/thumb/v7e-m+fp/softfp/libc.a(lib_a-lock.o)
                0x000000002001e224                __lock___sinit_recursive_mutex
 *fill*         0x000000002001e225        0x3 
 .bss.errno     0x000000002001e228        0x4 /Users/gio/MaximSDK/Tools/GNUTools/10.3/bin/../lib/gcc/arm-none-eabi/10.3.1/../../../../arm-none-eabi/lib/thumb/v7e-m+fp/softfp/libc.a(lib_a-reent.o)
                0x000000002001e228                errno
 *(COMMON)
                0x000000002001e22c                _ebss = ALIGN (., 0x4)

.shared         0x000000002001e22c        0x4 load address 0x0000000010026d5c
                0x000000002001e22c                . = ALIGN (0x4)
                0x000000002001e22c                _shared = .
 *(.mailbox*)
                0x000000002001e22c                . = ALIGN (0x4)
 *(.shared*)
 .shared        0x000000002001e22c        0x4 /Users/gio/Online-Learning-on-Max78000/build/system_max78000.o
                0x000000002001e22c                SystemCoreClock
                0x000000002001e230                _eshared = ALIGN (., 0x4)
                0x0000000010026d5c                __shared_data = LOADADDR (.shared)
                0x0000000020020000                __StackTop = (ORIGIN (SRAM) + LENGTH (SRAM))
                0x000000002001f000                __StackLimit = (__StackTop - SIZEOF (.stack_dummy))

.stack_dummy    0x000000002001e230     0x1000 load address 0x0000000010026d60
 *(.stack*)
 .stack         0x000000002001e230     0x1000 /Users/gio/Online-Learning-on-Max78000/build/startup_max78000.o

.heap           0x000000002001e230      0xc00 load address 0x0000000010026d60
                0x000000002001e230                . = ALIGN (0x4)
 *(.heap*)
 .heap          0x000000002001e230      0xc00 /Users/gio/Online-Learning-on-Max78000/build/startup_max78000.o
                0x000000002001e230                __HeapBase
                0x000000002001f000                __HeapLimit = ABSOLUTE (__StackLimit)
                0x0000000020020000                PROVIDE (__stack = __StackTop)
                0x0000000000000001                ASSERT ((__StackLimit >= _ebss), region RAM overflowed with stack)
OUTPUT(/Users/gio/Online-Learning-on-Max78000/build/Online-Learning-on-Max78000.elf elf32-littlearm)
LOAD linker stubs

.ARM.attributes
                0x0000000000000000       0x2e
 .ARM.attributes
                0x0000000000000000       0x1e /Users/gio/MaximSDK/Tools/GNUTools/10.3/bin/../lib/gcc/arm-none-eabi/10.3.1/thumb/v7e-m+fp/softfp/crti.o
 .ARM.attributes
                0x000000000000001e       0x32 /Users/gio/MaximSDK/Tools/GNUTools/10.3/bin/../lib/gcc/arm-none-eabi/10.3.1/thumb/v7e-m+fp/softfp/crtbegin.o
 .ARM.attributes
                0x0000000000000050       0x32 /Users/gio/Online-Learning-on-Max78000/build/main.o
 .ARM.attributes
                0x0000000000000082       0x32 /Users/gio/Online-Learning-on-Max78000/build/cnn.o
 .ARM.attributes
                0x00000000000000b4       0x32 /Users/gio/Online-Learning-on-Max78000/build/softmax.o
 .ARM.attributes
                0x00000000000000e6       0x32 /Users/gio/Online-Learning-on-Max78000/build/backpropagation.o
 .ARM.attributes
                0x0000000000000118       0x32 /Users/gio/Online-Learning-on-Max78000/build/weights.o
 .ARM.attributes
                0x000000000000014a       0x32 /Users/gio/Online-Learning-on-Max78000/build/board.o
 .ARM.attributes
                0x000000000000017c       0x32 /Users/gio/Online-Learning-on-Max78000/build/stdio.o
 .ARM.attributes
                0x00000000000001ae       0x32 /Users/gio/Online-Learning-on-Max78000/build/led.o
 .ARM.attributes
                0x00000000000001e0       0x32 /Users/gio/Online-Learning-on-Max78000/build/pb.o
 .ARM.attributes
                0x0000000000000212       0x1b /Users/gio/Online-Learning-on-Max78000/build/startup_max78000.o
 .ARM.attributes
                0x000000000000022d       0x32 /Users/gio/Online-Learning-on-Max78000/build/heap.o